Component: ARM Compiler 5.06 update 5 (build 528) Tool: armlink [4d35e2]

==============================================================================

Section Cross References

    main.o(.text) refers to _printf_percent.o(.ARM.Collect$$_printf_percent$$00000000) for _printf_percent
    main.o(.text) refers to _printf_d.o(.ARM.Collect$$_printf_percent$$00000009) for _printf_d
    main.o(.text) refers to _printf_dec.o(.text) for _printf_int_dec
    main.o(.text) refers to iso_i2c_ee.o(.text) for I2C_EEPROM_24C0x_ReadStructProfile
    main.o(.text) refers to aeabi_sdivfast.o(.text) for __aeabi_uidivmod
    main.o(.text) refers to stm32f0_discovery.o(.text) for STM_EVAL_LEDInit
    main.o(.text) refers to sdlog.o(.text) for init_pushbtn
    main.o(.text) refers to util_usart.o(.text) for init_usart2
    main.o(.text) refers to modbus_slave.o(.text) for init_modbus
    main.o(.text) refers to rtc_stm.o(.text) for RTC_Config_LSE
    main.o(.text) refers to stm32f0xx_rtc.o(.text) for RTC_GetTime
    main.o(.text) refers to __2printf.o(.text) for __2printf
    main.o(.text) refers to setup.o(.text) for initial_setup
    main.o(.text) refers to util_prj.o(.text) for time_cmpr
    main.o(.text) refers to eeprom_data.o(.data) for profile
    main.o(.text) refers to system_stm32f0xx.o(.data) for SystemCoreClock
    main.o(.text) refers to flags_timers.o(.data) for flagPowerUp
    main.o(.text) refers to eeprom_data.o(.data) for active_profile
    main.o(.text) refers to eeprom_data.o(.data) for day_count
    main.o(.text) refers to flags_timers.o(.data) for flagCurrentCycle
    main.o(.text) refers to stm32f0xx_it.o(.data) for flagLEDIndi
    util_prj.o(.text) refers to aeabi_sdivfast.o(.text) for __aeabi_uidivmod
    delay.o(.text) refers to delay.o(.data) for .data
    eeprom_data.o(.data) refers to eeprom_data.o(.data) for dummyInitTools
    eeprom_data.o(.data) refers to eeprom_data.o(.data) for dummyInitProfile
    eeprom_profile.o(.text) refers to iso_i2c_ee.o(.text) for I2C_EEPROM_24C0x_ReadStructTools
    eeprom_profile.o(.text) refers to eeprom_data.o(.data) for tools
    eeprom_profile.o(.text) refers to eeprom_data.o(.data) for profile
    setup.o(.text) refers to util_prj.o(.text) for time_cmpr
    setup.o(.text) refers to stm32f0xx_rtc.o(.text) for RTC_GetTime
    setup.o(.text) refers to setup.o(.constdata) for .constdata
    setup.o(.text) refers to eeprom_data.o(.data) for profile
    setup.o(.text) refers to flags_timers.o(.data) for flagAd1CO2Inj
    setup.o(.text) refers to flags_timers.o(.data) for flagCurrentCycle
    setup.o(.text) refers to flags_timers.o(.data) for flagAd1PreviousCycle
    setup.o(.text) refers to flags_timers.o(.data) for flagCycleFlipToLightCycle
    setup.o(.text) refers to flags_timers.o(.data) for flagCycleFlipToDarkCycle
    modbus_slave.o(.text) refers to stm32f0xx_rcc.o(.text) for RCC_AHBPeriphClockCmd
    modbus_slave.o(.text) refers to stm32f0xx_gpio.o(.text) for GPIO_PinAFConfig
    modbus_slave.o(.text) refers to stm32f0xx_usart.o(.text) for USART_Init
    modbus_slave.o(.text) refers to stm32f0xx_tim.o(.text) for TIM_GetITStatus
    modbus_slave.o(.text) refers to stm32f0_discovery.o(.text) for STM_EVAL_LEDToggle
    modbus_slave.o(.text) refers to mbcrc.o(.text) for CRC16
    modbus_slave.o(.text) refers to eeprom_profile.o(.text) for eeprom_get_var
    modbus_slave.o(.text) refers to modbus_slave.o(.data) for .data
    modbus_slave.o(.text) refers to modbus_slave.o(.bss) for .bss
    mbcrc.o(.text) refers to mbcrc.o(.data) for .data
    rtc_stm.o(.text) refers to stm32f0xx_rtc.o(.text) for RTC_ReadBackupRegister
    rtc_stm.o(.text) refers to stm32f0xx_rcc.o(.text) for RCC_APB1PeriphClockCmd
    rtc_stm.o(.text) refers to stm32f0xx_pwr.o(.text) for PWR_BackupAccessCmd
    rtc_stm.o(.text) refers to util_prj.o(.text) for get_ct_date_time
    rtc_stm.o(.text) refers to __2printf.o(.text) for __2printf
    rtc_stm.o(.text) refers to rtc_stm.o(.bss) for .bss
    iso_i2c_ee.o(.text) refers to _printf_percent.o(.ARM.Collect$$_printf_percent$$00000000) for _printf_percent
    iso_i2c_ee.o(.text) refers to _printf_s.o(.ARM.Collect$$_printf_percent$$00000014) for _printf_s
    iso_i2c_ee.o(.text) refers to _printf_str.o(.text) for _printf_str
    iso_i2c_ee.o(.text) refers to _printf_c.o(.ARM.Collect$$_printf_percent$$00000013) for _printf_c
    iso_i2c_ee.o(.text) refers to stm32f0xx_i2c.o(.text) for I2C_Cmd
    iso_i2c_ee.o(.text) refers to stm32f0xx_rcc.o(.text) for RCC_APB1PeriphClockCmd
    iso_i2c_ee.o(.text) refers to stm32f0xx_gpio.o(.text) for GPIO_Init
    iso_i2c_ee.o(.text) refers to aeabi_sdivfast.o(.text) for __aeabi_uidivmod
    iso_i2c_ee.o(.text) refers to iso_i2c_ee.o(.data) for .data
    iso_i2c_ee.o(.text) refers to rt_memcpy.o(.emb_text) for __aeabi_memcpy4
    iso_i2c_ee.o(.text) refers to __2printf.o(.text) for __2printf
    iso_i2c_ee.o(.text) refers to iso_i2c_ee.o(.conststring) for .conststring
[...]
    time_cmpr                                0x0800071b   Thumb Code    54  util_prj.o(.text)
    time_diff                                0x08000751   Thumb Code    74  util_prj.o(.text)
    Delay                                    0x080007a1   Thumb Code    18  delay.o(.text)
    TimingDelay_Decrement                    0x080007b3   Thumb Code    16  delay.o(.text)
    eeprom_get_var                           0x080007c9   Thumb Code  8850  eeprom_profile.o(.text)
    set_profile_vals                         0x08002a5b   Thumb Code  4934  eeprom_profile.o(.text)
    eeprom_set_var                           0x08003da1   Thumb Code  1602  eeprom_profile.o(.text)
    initial_setup                            0x0800445b   Thumb Code   214  setup.o(.text)
    initUsartModbus                          0x0800454d   Thumb Code   132  modbus_slave.o(.text)
    InitializeTimerRxTimeout                 0x080045d1   Thumb Code    20  modbus_slave.o(.text)
    usartPutc                                0x080045e5   Thumb Code    28  modbus_slave.o(.text)
    TIM2_IRQHandler                          0x08004601   Thumb Code    70  modbus_slave.o(.text)
    USART1_IRQHandler                        0x08004647   Thumb Code   120  modbus_slave.o(.text)
    sendPacket                               0x080046bf   Thumb Code    46  modbus_slave.o(.text)
    exceptionResponse                        0x080046ed   Thumb Code    56  modbus_slave.o(.text)
    modbus_update                            0x08004725   Thumb Code   558  modbus_slave.o(.text)
    init_modbus                              0x08004953   Thumb Code    24  modbus_slave.o(.text)
    CRC16                                    0x08004991   Thumb Code    48  mbcrc.o(.text)
    RTC_Config_LSE                           0x080049c9   Thumb Code   204  rtc_stm.o(.text)
    RTC_Config_LSI                           0x08004a95   Thumb Code   140  rtc_stm.o(.text)
    I2C_EEPROM_24C0x_DeInit                  0x08004b71   Thumb Code    66  iso_i2c_ee.o(.text)
    I2C_EEPROM_24C0x_Init                    0x08004bb3   Thumb Code   128  iso_i2c_ee.o(.text)
    sEE_TIMEOUT_UserCallback                 0x08004c33   Thumb Code    14  iso_i2c_ee.o(.text)
    sEE_ReadBuffer                           0x08004c41   Thumb Code   702  iso_i2c_ee.o(.text)
    sEE_WritePage                            0x08004eff   Thumb Code   360  iso_i2c_ee.o(.text)
    sEE_WaitEepromStandbyState               0x08005067   Thumb Code   110  iso_i2c_ee.o(.text)
    sEE_WriteBuffer                          0x080050d5   Thumb Code   294  iso_i2c_ee.o(.text)
    I2C_EEPROM_24C0x_WriteStructTools        0x080051fb   Thumb Code     2  iso_i2c_ee.o(.text)
    I2C_EEPROM_24C0x_ReadStructTools         0x080051fd   Thumb Code     8  iso_i2c_ee.o(.text)
    I2C_EEPROM_24C0x_WriteStructProfile      0x08005205   Thumb Code     2  iso_i2c_ee.o(.text)
    I2C_EEPROM_24C0x_ReadStructProfile       0x08005207   Thumb Code     8  iso_i2c_ee.o(.text)
    I2C_EEPROM_24C0x_WriteAndRead            0x0800520f   Thumb Code   106  iso_i2c_ee.o(.text)
    ff_convert                               0x08005351   Thumb Code    52  ccsbcs.o(.text)
    ff_wtoupper                              0x08005385   Thumb Code    28  ccsbcs.o(.text)
    f_mount                                  0x0800654d   Thumb Code    78  ff.o(.text)
    f_open                                   0x0800659b   Thumb Code   490  ff.o(.text)
    f_read                                   0x08006785   Thumb Code   372  ff.o(.text)
    f_write                                  0x080068f9   Thumb Code   434  ff.o(.text)
    f_sync                                   0x08006aab   Thumb Code   144  ff.o(.text)
    f_close                                  0x08006b3b   Thumb Code    30  ff.o(.text)
    f_chdir                                  0x08006b59   Thumb Code    86  ff.o(.text)
    f_getcwd                                 0x08006baf   Thumb Code   292  ff.o(.text)
    f_lseek                                  0x08006cd3   Thumb Code   340  ff.o(.text)
    f_opendir                                0x08006e27   Thumb Code   102  ff.o(.text)
    f_closedir                               0x08006e8d   Thumb Code    20  ff.o(.text)
    f_readdir                                0x08006ea1   Thumb Code    70  ff.o(.text)
    f_stat                                   0x08006ee7   Thumb Code    62  ff.o(.text)
    f_getfree                                0x08006f25   Thumb Code   208  ff.o(.text)
    f_truncate                               0x08006ff5   Thumb Code   170  ff.o(.text)
    f_unlink                                 0x0800709f   Thumb Code   232  ff.o(.text)
    f_mkdir                                  0x08007187   Thumb Code   366  ff.o(.text)
    f_rename                                 0x080072f5   Thumb Code   344  ff.o(.text)
    f_chmod                                  0x0800744d   Thumb Code    86  ff.o(.text)
    f_utime                                  0x080074a3   Thumb Code    80  ff.o(.text)
    f_getlabel                               0x080074f3   Thumb Code   156  ff.o(.text)
    f_setlabel                               0x0800758f   Thumb Code   374  ff.o(.text)
    f_mkfs                                   0x08007705   Thumb Code  1438  ff.o(.text)
    f_gets                                   0x08007ca3   Thumb Code    72  ff.o(.text)
    f_putc                                   0x08007d25   Thumb Code    66  ff.o(.text)
    f_puts                                   0x08007d67   Thumb Code    82  ff.o(.text)
    f_printf                                 0x08007db9   Thumb Code   580  ff.o(.text)
    disk_initialize                          0x08008301   Thumb Code   406  mmc_32f0.o(.text)
    disk_status                              0x08008497   Thumb Code    14  mmc_32f0.o(.text)
    disk_read                                0x080084a5   Thumb Code   146  mmc_32f0.o(.text)
    disk_write                               0x08008537   Thumb Code   198  mmc_32f0.o(.text)
    disk_ioctl                               0x080085fd   Thumb Code   456  mmc_32f0.o(.text)
    disk_timerproc                           0x080087c5   Thumb Code    60  mmc_32f0.o(.text)
    get_fattime                              0x0800885d   Thumb Code    76  sdlog.o(.text)
    init_TIM3                                0x080088a9   Thumb Code    88  sdlog.o(.text)
    ADC_Config                               0x08008901   Thumb Code   122  sdlog.o(.text)
    init_pushbtn                             0x0800897b   Thumb Code    44  sdlog.o(.text)
    init_sd                                  0x080089a7   Thumb Code    32  sdlog.o(.text)
    start_logging                            0x080089c7   Thumb Code   178  sdlog.o(.text)
    stop_logging                             0x08008a79   Thumb Code    44  sdlog.o(.text)
    cont_logging                             0x08008aa5   Thumb Code   198  sdlog.o(.text)
    TIM3_IRQHandler                          0x08008b6b   Thumb Code    60  sdlog.o(.text)
    EXTI0_1_IRQHandler                       0x08008ba7   Thumb Code   196  sdlog.o(.text)
    init_usart2                              0x08008ed9   Thumb Code   114  util_usart.o(.text)
    usart2_putchar                           0x08008f4b   Thumb Code    28  util_usart.o(.text)
    fputc                                    0x08008f67   Thumb Code    32  util_usart.o(.text)
    STM_EVAL_LEDInit                         0x08008f8d   Thumb Code    54  stm32f0_discovery.o(.text)
    STM_EVAL_LEDOn                           0x08008fc3   Thumb Code    16  stm32f0_discovery.o(.text)
    STM_EVAL_LEDOff                          0x08008fd3   Thumb Code    16  stm32f0_discovery.o(.text)
    STM_EVAL_LEDToggle                       0x08008fe3   Thumb Code    20  stm32f0_discovery.o(.text)
    STM_EVAL_PBInit                          0x08008ff7   Thumb Code   132  stm32f0_discovery.o(.text)
    STM_EVAL_PBGetState                      0x0800907b   Thumb Code    20  stm32f0_discovery.o(.text)
    Reset_Handler                            0x080090b9   Thumb Code    38  startup_stm32f0xx.o(.text)
    ADC1_COMP_IRQHandler                     0x080090e9   Thumb Code     0  startup_stm32f0xx.o(.text)
    CEC_IRQHandler                           0x080090e9   Thumb Code     0  startup_stm32f0xx.o(.text)
    DMA1_Channel1_IRQHandler                 0x080090e9   Thumb Code     0  startup_stm32f0xx.o(.text)
    DMA1_Channel2_3_IRQHandler               0x080090e9   Thumb Code     0  startup_stm32f0xx.o(.text)
    DMA1_Channel4_5_IRQHandler               0x080090e9   Thumb Code     0  startup_stm32f0xx.o(.text)
    EXTI2_3_IRQHandler                       0x080090e9   Thumb Code     0  startup_stm32f0xx.o(.text)
    EXTI4_15_IRQHandler                      0x080090e9   Thumb Code     0  startup_stm32f0xx.o(.text)
    FLASH_IRQHandler                         0x080090e9   Thumb Code     0  startup_stm32f0xx.o(.text)
    I2C1_IRQHandler                          0x080090e9   Thumb Code     0  startup_stm32f0xx.o(.text)
    I2C2_IRQHandler                          0x080090e9   Thumb Code     0  startup_stm32f0xx.o(.text)
    PVD_IRQHandler                           0x080090e9   Thumb Code     0  startup_stm32f0xx.o(.text)
    RCC_IRQHandler                           0x080090e9   Thumb Code     0  startup_stm32f0xx.o(.text)
    RTC_IRQHandler                           0x080090e9   Thumb Code     0  startup_stm32f0xx.o(.text)
    SPI1_IRQHandler                          0x080090e9   Thumb Code     0  startup_stm32f0xx.o(.text)
    SPI2_IRQHandler                          0x080090e9   Thumb Code     0  startup_stm32f0xx.o(.text)
    TIM14_IRQHandler                         0x080090e9   Thumb Code     0  startup_stm32f0xx.o(.text)
    TIM15_IRQHandler                         0x080090e9   Thumb Code     0  startup_stm32f0xx.o(.text)
    TIM16_IRQHandler                         0x080090e9   Thumb Code     0  startup_stm32f0xx.o(.text)
    TIM17_IRQHandler                         0x080090e9   Thumb Code     0  startup_stm32f0xx.o(.text)
    TIM1_BRK_UP_TRG_COM_IRQHandler           0x080090e9   Thumb Code     0  startup_stm32f0xx.o(.text)
    TIM1_CC_IRQHandler                       0x080090e9   Thumb Code     0  startup_stm32f0xx.o(.text)
    TIM6_DAC_IRQHandler                      0x080090e9   Thumb Code     0  startup_stm32f0xx.o(.text)
    TS_IRQHandler                            0x080090e9   Thumb Code     0  startup_stm32f0xx.o(.text)
    USART2_IRQHandler                        0x080090e9   Thumb Code     0  startup_stm32f0xx.o(.text)
    WWDG_IRQHandler                          0x080090e9   Thumb Code     0  startup_stm32f0xx.o(.text)
    __user_initial_stackheap                 0x080090ed   Thumb Code     0  startup_stm32f0xx.o(.text)
    NMI_Handler                              0x0800912d   Thumb Code     2  stm32f0xx_it.o(.text)
    HardFault_Handler                        0x0800912f   Thumb Code     8  stm32f0xx_it.o(.text)
    SVC_Handler                              0x08009137   Thumb Code     2  stm32f0xx_it.o(.text)
    PendSV_Handler                           0x08009139   Thumb Code     2  stm32f0xx_it.o(.text)
    SysTick_Handler                          0x0800913b   Thumb Code    36  stm32f0xx_it.o(.text)
    SystemInit                               0x0800917d   Thumb Code   216  system_stm32f0xx.o(.text)
    SystemCoreClockUpdate                    0x08009255   Thumb Code    90  system_stm32f0xx.o(.text)
    EXTI_DeInit                              0x080092d1   Thumb Code    20  stm32f0xx_exti.o(.text)
    EXTI_Init                                0x080092e5   Thumb Code   108  stm32f0xx_exti.o(.text)
    EXTI_StructInit                          0x08009351   Thumb Code    14  stm32f0xx_exti.o(.text)
    EXTI_GenerateSWInterrupt                 0x0800935f   Thumb Code    10  stm32f0xx_exti.o(.text)
    EXTI_GetFlagStatus                       0x08009369   Thumb Code    16  stm32f0xx_exti.o(.text)
    EXTI_ClearFlag                           0x08009379   Thumb Code     6  stm32f0xx_exti.o(.text)
    EXTI_GetITStatus                         0x0800937f   Thumb Code    16  stm32f0xx_exti.o(.text)
    EXTI_ClearITPendingBit                   0x0800938f   Thumb Code     6  stm32f0xx_exti.o(.text)
    GPIO_DeInit                              0x080093a1   Thumb Code   160  stm32f0xx_gpio.o(.text)
    GPIO_Init                                0x08009441   Thumb Code   114  stm32f0xx_gpio.o(.text)
    GPIO_StructInit                          0x080094b3   Thumb Code    18  stm32f0xx_gpio.o(.text)
    GPIO_PinLockConfig                       0x080094c5   Thumb Code    28  stm32f0xx_gpio.o(.text)
    GPIO_ReadInputDataBit                    0x080094e1   Thumb Code    14  stm32f0xx_gpio.o(.text)
    GPIO_ReadInputData                       0x080094ef   Thumb Code     4  stm32f0xx_gpio.o(.text)
    GPIO_ReadOutputDataBit                   0x080094f3   Thumb Code    14  stm32f0xx_gpio.o(.text)
    GPIO_ReadOutputData                      0x08009501   Thumb Code     4  stm32f0xx_gpio.o(.text)
    GPIO_SetBits                             0x08009505   Thumb Code     4  stm32f0xx_gpio.o(.text)
    GPIO_ResetBits                           0x08009509   Thumb Code     4  stm32f0xx_gpio.o(.text)
    GPIO_WriteBit                            0x0800950d   Thumb Code    12  stm32f0xx_gpio.o(.text)
    GPIO_Write                               0x08009519   Thumb Code     4  stm32f0xx_gpio.o(.text)
    GPIO_PinAFConfig                         0x0800951d   Thumb Code    34  stm32f0xx_gpio.o(.text)
    NVIC_Init                                0x08009559   Thumb Code    70  stm32f0xx_misc.o(.text)
    NVIC_SystemLPConfig                      0x0800959f   Thumb Code    18  stm32f0xx_misc.o(.text)
    SysTick_CLKSourceConfig                  0x080095b1   Thumb Code    20  stm32f0xx_misc.o(.text)
    RCC_DeInit                               0x080095d9   Thumb Code    76  stm32f0xx_rcc.o(.text)
    RCC_HSEConfig                            0x08009625   Thumb Code    10  stm32f0xx_rcc.o(.text)
    RCC_GetFlagStatus                        0x0800962f   Thumb Code    48  stm32f0xx_rcc.o(.text)
    RCC_WaitForHSEStartUp                    0x0800965f   Thumb Code    54  stm32f0xx_rcc.o(.text)
    RCC_AdjustHSICalibrationValue            0x08009695   Thumb Code    16  stm32f0xx_rcc.o(.text)
    RCC_HSICmd                               0x080096a5   Thumb Code    22  stm32f0xx_rcc.o(.text)
    RCC_AdjustHSI14CalibrationValue          0x080096bb   Thumb Code    16  stm32f0xx_rcc.o(.text)
    RCC_HSI14Cmd                             0x080096cb   Thumb Code    22  stm32f0xx_rcc.o(.text)
    RCC_HSI14ADCRequestCmd                   0x080096e1   Thumb Code    20  stm32f0xx_rcc.o(.text)
    RCC_LSEConfig                            0x080096f5   Thumb Code    26  stm32f0xx_rcc.o(.text)
    RCC_LSEDriveConfig                       0x0800970f   Thumb Code    18  stm32f0xx_rcc.o(.text)
    RCC_LSICmd                               0x08009721   Thumb Code    22  stm32f0xx_rcc.o(.text)
    RCC_PLLConfig                            0x08009737   Thumb Code    26  stm32f0xx_rcc.o(.text)
    RCC_PLLCmd                               0x08009751   Thumb Code    22  stm32f0xx_rcc.o(.text)
    RCC_HSI48Cmd                             0x08009767   Thumb Code    22  stm32f0xx_rcc.o(.text)
    RCC_PREDIV1Config                        0x0800977d   Thumb Code    14  stm32f0xx_rcc.o(.text)
    RCC_ClockSecuritySystemCmd               0x0800978b   Thumb Code    22  stm32f0xx_rcc.o(.text)
    RCC_MCOConfig                            0x080097a1   Thumb Code     6  stm32f0xx_rcc.o(.text)
    RCC_SYSCLKConfig                         0x080097a7   Thumb Code    14  stm32f0xx_rcc.o(.text)
    RCC_GetSYSCLKSource                      0x080097b5   Thumb Code    10  stm32f0xx_rcc.o(.text)
    RCC_HCLKConfig                           0x080097bf   Thumb Code    14  stm32f0xx_rcc.o(.text)
    RCC_PCLKConfig                           0x080097cd   Thumb Code    16  stm32f0xx_rcc.o(.text)
    RCC_ADCCLKConfig                         0x080097dd   Thumb Code    38  stm32f0xx_rcc.o(.text)
    RCC_CECCLKConfig                         0x08009803   Thumb Code    18  stm32f0xx_rcc.o(.text)
    RCC_I2CCLKConfig                         0x08009815   Thumb Code    18  stm32f0xx_rcc.o(.text)
    RCC_USARTCLKConfig                       0x08009827   Thumb Code    48  stm32f0xx_rcc.o(.text)
    RCC_USBCLKConfig                         0x08009857   Thumb Code    18  stm32f0xx_rcc.o(.text)
    RCC_GetClocksFreq                        0x08009869   Thumb Code   392  stm32f0xx_rcc.o(.text)
    RCC_RTCCLKConfig                         0x080099f1   Thumb Code    10  stm32f0xx_rcc.o(.text)
    RCC_RTCCLKCmd                            0x080099fb   Thumb Code    22  stm32f0xx_rcc.o(.text)
    RCC_BackupResetCmd                       0x08009a11   Thumb Code    22  stm32f0xx_rcc.o(.text)
    RCC_AHBPeriphClockCmd                    0x08009a27   Thumb Code    18  stm32f0xx_rcc.o(.text)
    RCC_APB2PeriphClockCmd                   0x08009a39   Thumb Code    18  stm32f0xx_rcc.o(.text)
    RCC_APB1PeriphClockCmd                   0x08009a4b   Thumb Code    18  stm32f0xx_rcc.o(.text)
    RCC_AHBPeriphResetCmd                    0x08009a5d   Thumb Code    18  stm32f0xx_rcc.o(.text)
    RCC_APB2PeriphResetCmd                   0x08009a6f   Thumb Code    18  stm32f0xx_rcc.o(.text)
    RCC_APB1PeriphResetCmd                   0x08009a81   Thumb Code    18  stm32f0xx_rcc.o(.text)
    RCC_ITConfig                             0x08009a93   Thumb Code    18  stm32f0xx_rcc.o(.text)
    RCC_ClearFlag                            0x08009aa5   Thumb Code    14  stm32f0xx_rcc.o(.text)
    RCC_GetITStatus                          0x08009ab3   Thumb Code    16  stm32f0xx_rcc.o(.text)
    RCC_ClearITPendingBit                    0x08009ac3   Thumb Code     6  stm32f0xx_rcc.o(.text)
    SYSCFG_DeInit                            0x08009acd   Thumb Code    30  stm32f0xx_syscfg.o(.text)
    SYSCFG_MemoryRemapConfig                 0x08009aeb   Thumb Code    14  stm32f0xx_syscfg.o(.text)
    SYSCFG_DMAChannelRemapConfig             0x08009af9   Thumb Code    18  stm32f0xx_syscfg.o(.text)
    SYSCFG_I2CFastModePlusConfig             0x08009b0b   Thumb Code    18  stm32f0xx_syscfg.o(.text)
    SYSCFG_IRDAEnvSelection                  0x08009b1d   Thumb Code    18  stm32f0xx_syscfg.o(.text)
    SYSCFG_EXTILineConfig                    0x08009b2f   Thumb Code    36  stm32f0xx_syscfg.o(.text)
    SYSCFG_GetPendingIT                      0x08009b53   Thumb Code    18  stm32f0xx_syscfg.o(.text)
    SYSCFG_BreakConfig                       0x08009b65   Thumb Code    10  stm32f0xx_syscfg.o(.text)
    SYSCFG_GetFlagStatus                     0x08009b6f   Thumb Code    14  stm32f0xx_syscfg.o(.text)
    SYSCFG_ClearFlag                         0x08009b7d   Thumb Code    10  stm32f0xx_syscfg.o(.text)
    USART_DeInit                             0x08009b91   Thumb Code   192  stm32f0xx_usart.o(.text)
    USART_Init                               0x08009c51   Thumb Code   148  stm32f0xx_usart.o(.text)
    USART_StructInit                         0x08009ce5   Thumb Code    22  stm32f0xx_usart.o(.text)
    USART_ClockInit                          0x08009cfb   Thumb Code    32  stm32f0xx_usart.o(.text)
    USART_ClockStructInit                    0x08009d1b   Thumb Code    12  stm32f0xx_usart.o(.text)
    USART_Cmd                                0x08009d27   Thumb Code    20  stm32f0xx_usart.o(.text)
    USART_DirectionModeCmd                   0x08009d3b   Thumb Code    16  stm32f0xx_usart.o(.text)
    USART_OverSampling8Cmd                   0x08009d4b   Thumb Code    20  stm32f0xx_usart.o(.text)
    USART_OneBitMethodCmd                    0x08009d5f   Thumb Code    20  stm32f0xx_usart.o(.text)
    USART_MSBFirstCmd                        0x08009d73   Thumb Code    20  stm32f0xx_usart.o(.text)
    USART_DataInvCmd                         0x08009d87   Thumb Code    20  stm32f0xx_usart.o(.text)
    USART_InvPinCmd                          0x08009d9b   Thumb Code    16  stm32f0xx_usart.o(.text)
    USART_SWAPPinCmd                         0x08009dab   Thumb Code    20  stm32f0xx_usart.o(.text)
    USART_ReceiverTimeOutCmd                 0x08009dbf   Thumb Code    20  stm32f0xx_usart.o(.text)
    USART_SetReceiverTimeOut                 0x08009dd3   Thumb Code    16  stm32f0xx_usart.o(.text)
    USART_SetPrescaler                       0x08009de3   Thumb Code    16  stm32f0xx_usart.o(.text)
    USART_STOPModeCmd                        0x08009df3   Thumb Code    18  stm32f0xx_usart.o(.text)
    USART_StopModeWakeUpSourceConfig         0x08009e05   Thumb Code    18  stm32f0xx_usart.o(.text)
    USART_AutoBaudRateCmd                    0x08009e17   Thumb Code    20  stm32f0xx_usart.o(.text)
    USART_AutoBaudRateConfig                 0x08009e2b   Thumb Code    18  stm32f0xx_usart.o(.text)
    USART_SendData                           0x08009e3d   Thumb Code     8  stm32f0xx_usart.o(.text)
    USART_ReceiveData                        0x08009e45   Thumb Code     8  stm32f0xx_usart.o(.text)
    USART_SetAddress                         0x08009e4d   Thumb Code    18  stm32f0xx_usart.o(.text)
    USART_MuteModeCmd                        0x08009e5f   Thumb Code    20  stm32f0xx_usart.o(.text)
    USART_MuteModeWakeUpConfig               0x08009e73   Thumb Code    18  stm32f0xx_usart.o(.text)
    USART_AddressDetectionConfig             0x08009e85   Thumb Code    16  stm32f0xx_usart.o(.text)
    USART_LINBreakDetectLengthConfig         0x08009e95   Thumb Code    16  stm32f0xx_usart.o(.text)
    USART_LINCmd                             0x08009ea5   Thumb Code    20  stm32f0xx_usart.o(.text)
    USART_HalfDuplexCmd                      0x08009eb9   Thumb Code    18  stm32f0xx_usart.o(.text)
    USART_SetGuardTime                       0x08009ecb   Thumb Code    16  stm32f0xx_usart.o(.text)
    USART_SmartCardCmd                       0x08009edb   Thumb Code    18  stm32f0xx_usart.o(.text)
    USART_SmartCardNACKCmd                   0x08009eed   Thumb Code    18  stm32f0xx_usart.o(.text)
    USART_SetAutoRetryCount                  0x08009eff   Thumb Code    20  stm32f0xx_usart.o(.text)
    USART_SetBlockLength                     0x08009f13   Thumb Code    18  stm32f0xx_usart.o(.text)
    USART_IrDAConfig                         0x08009f25   Thumb Code    16  stm32f0xx_usart.o(.text)
    USART_IrDACmd                            0x08009f35   Thumb Code    18  stm32f0xx_usart.o(.text)
    USART_DECmd                              0x08009f47   Thumb Code    20  stm32f0xx_usart.o(.text)
    USART_DEPolarityConfig                   0x08009f5b   Thumb Code    58  stm32f0xx_usart.o(.text)
    USART_SetDEAssertionTime                 0x08009f95   Thumb Code    20  stm32f0xx_usart.o(.text)
    USART_SetDEDeassertionTime               0x08009fa9   Thumb Code    20  stm32f0xx_usart.o(.text)
    USART_DMACmd                             0x08009fbd   Thumb Code    16  stm32f0xx_usart.o(.text)
    USART_DMAReceptionErrorConfig            0x08009fcd   Thumb Code    18  stm32f0xx_usart.o(.text)
    USART_ITConfig                           0x08009fdf   Thumb Code    44  stm32f0xx_usart.o(.text)
    USART_RequestCmd                         0x0800a00b   Thumb Code    16  stm32f0xx_usart.o(.text)
    USART_OverrunDetectionConfig             0x0800a01b   Thumb Code    18  stm32f0xx_usart.o(.text)
    USART_GetFlagStatus                      0x0800a02d   Thumb Code    14  stm32f0xx_usart.o(.text)
    USART_ClearFlag                          0x0800a03b   Thumb Code     4  stm32f0xx_usart.o(.text)
    USART_GetITStatus                        0x0800a03f   Thumb Code    60  stm32f0xx_usart.o(.text)
    USART_ClearITPendingBit                  0x0800a07b   Thumb Code    10  stm32f0xx_usart.o(.text)
    TIM_DeInit                               0x0800a085   Thumb Code   218  stm32f0xx_tim.o(.text)
    TIM_TimeBaseInit                         0x0800a15f   Thumb Code    90  stm32f0xx_tim.o(.text)
    TIM_TimeBaseStructInit                   0x0800a1b9   Thumb Code    18  stm32f0xx_tim.o(.text)
    TIM_PrescalerConfig                      0x0800a1cb   Thumb Code     6  stm32f0xx_tim.o(.text)
    TIM_CounterModeConfig                    0x0800a1d1   Thumb Code    12  stm32f0xx_tim.o(.text)
    TIM_SetCounter                           0x0800a1dd   Thumb Code     4  stm32f0xx_tim.o(.text)
    TIM_SetAutoreload                        0x0800a1e1   Thumb Code     4  stm32f0xx_tim.o(.text)
    TIM_GetCounter                           0x0800a1e5   Thumb Code     4  stm32f0xx_tim.o(.text)
    TIM_GetPrescaler                         0x0800a1e9   Thumb Code     4  stm32f0xx_tim.o(.text)
    TIM_UpdateDisableConfig                  0x0800a1ed   Thumb Code    18  stm32f0xx_tim.o(.text)
    TIM_UpdateRequestConfig                  0x0800a1ff   Thumb Code    18  stm32f0xx_tim.o(.text)
    TIM_ARRPreloadConfig                     0x0800a211   Thumb Code    18  stm32f0xx_tim.o(.text)
    TIM_SelectOnePulseMode                   0x0800a223   Thumb Code    16  stm32f0xx_tim.o(.text)
    TIM_SetClockDivision                     0x0800a233   Thumb Code    16  stm32f0xx_tim.o(.text)
    TIM_Cmd                                  0x0800a243   Thumb Code    20  stm32f0xx_tim.o(.text)
    TIM_BDTRConfig                           0x0800a257   Thumb Code    36  stm32f0xx_tim.o(.text)
    TIM_BDTRStructInit                       0x0800a27b   Thumb Code    18  stm32f0xx_tim.o(.text)
    TIM_CtrlPWMOutputs                       0x0800a28d   Thumb Code    24  stm32f0xx_tim.o(.text)
    TIM_OC1Init                              0x0800a2a5   Thumb Code   106  stm32f0xx_tim.o(.text)
    TIM_OC2Init                              0x0800a30f   Thumb Code   126  stm32f0xx_tim.o(.text)
    TIM_OC3Init                              0x0800a38d   Thumb Code   112  stm32f0xx_tim.o(.text)
    TIM_OC4Init                              0x0800a3fd   Thumb Code    80  stm32f0xx_tim.o(.text)
    TIM_OCStructInit                         0x0800a44d   Thumb Code    92  stm32f0xx_tim.o(.text)
    TIM_SelectOCxM                           0x0800a4a9   Thumb Code    78  stm32f0xx_tim.o(.text)
    TIM_SetCompare1                          0x0800a4f7   Thumb Code     4  stm32f0xx_tim.o(.text)
    TIM_SetCompare2                          0x0800a4fb   Thumb Code     4  stm32f0xx_tim.o(.text)
    TIM_SetCompare3                          0x0800a4ff   Thumb Code     4  stm32f0xx_tim.o(.text)
    TIM_SetCompare4                          0x0800a503   Thumb Code     4  stm32f0xx_tim.o(.text)
    TIM_ForcedOC1Config                      0x0800a507   Thumb Code    12  stm32f0xx_tim.o(.text)
    TIM_ForcedOC2Config                      0x0800a513   Thumb Code    14  stm32f0xx_tim.o(.text)
    TIM_ForcedOC3Config                      0x0800a521   Thumb Code    12  stm32f0xx_tim.o(.text)
    TIM_ForcedOC4Config                      0x0800a52d   Thumb Code    14  stm32f0xx_tim.o(.text)
    TIM_CCPreloadControl                     0x0800a53b   Thumb Code    20  stm32f0xx_tim.o(.text)
    TIM_OC1PreloadConfig                     0x0800a54f   Thumb Code    12  stm32f0xx_tim.o(.text)
    TIM_OC2PreloadConfig                     0x0800a55b   Thumb Code    14  stm32f0xx_tim.o(.text)
    TIM_OC3PreloadConfig                     0x0800a569   Thumb Code    12  stm32f0xx_tim.o(.text)
    TIM_OC4PreloadConfig                     0x0800a575   Thumb Code    14  stm32f0xx_tim.o(.text)
    TIM_OC1FastConfig                        0x0800a583   Thumb Code    12  stm32f0xx_tim.o(.text)
    TIM_OC2FastConfig                        0x0800a58f   Thumb Code    14  stm32f0xx_tim.o(.text)
    TIM_OC3FastConfig                        0x0800a59d   Thumb Code    12  stm32f0xx_tim.o(.text)
    TIM_OC4FastConfig                        0x0800a5a9   Thumb Code    14  stm32f0xx_tim.o(.text)
    TIM_ClearOC1Ref                          0x0800a5b7   Thumb Code    12  stm32f0xx_tim.o(.text)
    TIM_ClearOC2Ref                          0x0800a5c3   Thumb Code    14  stm32f0xx_tim.o(.text)
    TIM_ClearOC3Ref                          0x0800a5d1   Thumb Code    12  stm32f0xx_tim.o(.text)
    TIM_ClearOC4Ref                          0x0800a5dd   Thumb Code    14  stm32f0xx_tim.o(.text)
    TIM_OC1PolarityConfig                    0x0800a5eb   Thumb Code    12  stm32f0xx_tim.o(.text)
    TIM_OC1NPolarityConfig                   0x0800a5f7   Thumb Code    12  stm32f0xx_tim.o(.text)
    TIM_OC2PolarityConfig                    0x0800a603   Thumb Code    14  stm32f0xx_tim.o(.text)
    TIM_OC2NPolarityConfig                   0x0800a611   Thumb Code    14  stm32f0xx_tim.o(.text)
    TIM_OC3PolarityConfig                    0x0800a61f   Thumb Code    14  stm32f0xx_tim.o(.text)
    TIM_OC3NPolarityConfig                   0x0800a62d   Thumb Code    14  stm32f0xx_tim.o(.text)
    TIM_OC4PolarityConfig                    0x0800a63b   Thumb Code    14  stm32f0xx_tim.o(.text)
    TIM_SelectOCREFClear                     0x0800a649   Thumb Code    16  stm32f0xx_tim.o(.text)
    TIM_CCxCmd                               0x0800a659   Thumb Code    24  stm32f0xx_tim.o(.text)
    TIM_CCxNCmd                              0x0800a671   Thumb Code    24  stm32f0xx_tim.o(.text)
    TIM_SelectCOM                            0x0800a689   Thumb Code    18  stm32f0xx_tim.o(.text)
    TIM_SetIC4Prescaler                      0x0800a69b   Thumb Code    18  stm32f0xx_tim.o(.text)
    TIM_SetIC3Prescaler                      0x0800a6ad   Thumb Code    16  stm32f0xx_tim.o(.text)
    TIM_SetIC2Prescaler                      0x0800a6bd   Thumb Code    18  stm32f0xx_tim.o(.text)
    TIM_SetIC1Prescaler                      0x0800a6cf   Thumb Code    16  stm32f0xx_tim.o(.text)
    TIM_ICInit                               0x0800a6df   Thumb Code   198  stm32f0xx_tim.o(.text)
    TIM_ICStructInit                         0x0800a7a5   Thumb Code    16  stm32f0xx_tim.o(.text)
    TIM_PWMIConfig                           0x0800a7b5   Thumb Code   140  stm32f0xx_tim.o(.text)
    TIM_GetCapture1                          0x0800a841   Thumb Code     4  stm32f0xx_tim.o(.text)
    TIM_GetCapture2                          0x0800a845   Thumb Code     4  stm32f0xx_tim.o(.text)
    TIM_GetCapture3                          0x0800a849   Thumb Code     4  stm32f0xx_tim.o(.text)
    TIM_GetCapture4                          0x0800a84d   Thumb Code     4  stm32f0xx_tim.o(.text)
    TIM_ITConfig                             0x0800a851   Thumb Code    16  stm32f0xx_tim.o(.text)
    TIM_GenerateEvent                        0x0800a861   Thumb Code     4  stm32f0xx_tim.o(.text)
    TIM_GetFlagStatus                        0x0800a865   Thumb Code    14  stm32f0xx_tim.o(.text)
    TIM_ClearFlag                            0x0800a873   Thumb Code     6  stm32f0xx_tim.o(.text)
    TIM_GetITStatus                          0x0800a879   Thumb Code    24  stm32f0xx_tim.o(.text)
    TIM_ClearITPendingBit                    0x0800a891   Thumb Code     6  stm32f0xx_tim.o(.text)
    TIM_DMAConfig                            0x0800a897   Thumb Code     8  stm32f0xx_tim.o(.text)
    TIM_DMACmd                               0x0800a89f   Thumb Code    16  stm32f0xx_tim.o(.text)
    TIM_SelectCCDMA                          0x0800a8af   Thumb Code    18  stm32f0xx_tim.o(.text)
    TIM_InternalClockConfig                  0x0800a8c1   Thumb Code    10  stm32f0xx_tim.o(.text)
    TIM_SelectInputTrigger                   0x0800a8cb   Thumb Code    12  stm32f0xx_tim.o(.text)
    TIM_ITRxExternalClockConfig              0x0800a8d7   Thumb Code    20  stm32f0xx_tim.o(.text)
    TIM_TIxExternalClockConfig               0x0800a8eb   Thumb Code    96  stm32f0xx_tim.o(.text)
    TIM_ETRConfig                            0x0800a94b   Thumb Code    20  stm32f0xx_tim.o(.text)
    TIM_ETRClockMode1Config                  0x0800a95f   Thumb Code    38  stm32f0xx_tim.o(.text)
    TIM_ETRClockMode2Config                  0x0800a985   Thumb Code    30  stm32f0xx_tim.o(.text)
    TIM_SelectOutputTrigger                  0x0800a9a3   Thumb Code    16  stm32f0xx_tim.o(.text)
    TIM_SelectSlaveMode                      0x0800a9b3   Thumb Code    16  stm32f0xx_tim.o(.text)
    TIM_SelectMasterSlaveMode                0x0800a9c3   Thumb Code    16  stm32f0xx_tim.o(.text)
    TIM_EncoderInterfaceConfig               0x0800a9d3   Thumb Code    44  stm32f0xx_tim.o(.text)
    TIM_SelectHallSensor                     0x0800a9ff   Thumb Code    18  stm32f0xx_tim.o(.text)
    TIM_RemapConfig                          0x0800aa11   Thumb Code     6  stm32f0xx_tim.o(.text)
    RTC_WaitForSynchro                       0x0800aa75   Thumb Code    78  stm32f0xx_rtc.o(.text)
    RTC_EnterInitMode                        0x0800aac3   Thumb Code    60  stm32f0xx_rtc.o(.text)
    RTC_DeInit                               0x0800aaff   Thumb Code    74  stm32f0xx_rtc.o(.text)
    RTC_ExitInitMode                         0x0800ab49   Thumb Code    12  stm32f0xx_rtc.o(.text)
    RTC_Init                                 0x0800ab55   Thumb Code    72  stm32f0xx_rtc.o(.text)
    RTC_StructInit                           0x0800ab9d   Thumb Code    14  stm32f0xx_rtc.o(.text)
    RTC_WriteProtectionCmd                   0x0800abab   Thumb Code    20  stm32f0xx_rtc.o(.text)
    RTC_RefClockCmd                          0x0800abbf   Thumb Code    58  stm32f0xx_rtc.o(.text)
    RTC_BypassShadowCmd                      0x0800abf9   Thumb Code    34  stm32f0xx_rtc.o(.text)
    RTC_SetTime                              0x0800ac1b   Thumb Code   132  stm32f0xx_rtc.o(.text)
    RTC_TimeStructInit                       0x0800ac9f   Thumb Code    12  stm32f0xx_rtc.o(.text)
    RTC_GetTime                              0x0800acab   Thumb Code    84  stm32f0xx_rtc.o(.text)
    RTC_GetSubSecond                         0x0800acff   Thumb Code     8  stm32f0xx_rtc.o(.text)
    RTC_SetDate                              0x0800ad07   Thumb Code   128  stm32f0xx_rtc.o(.text)
    RTC_DateStructInit                       0x0800ad87   Thumb Code    14  stm32f0xx_rtc.o(.text)
    RTC_GetDate                              0x0800ad95   Thumb Code    86  stm32f0xx_rtc.o(.text)
    RTC_SetAlarm                             0x0800adeb   Thumb Code   158  stm32f0xx_rtc.o(.text)
    RTC_AlarmStructInit                      0x0800ae89   Thumb Code    20  stm32f0xx_rtc.o(.text)
    RTC_GetAlarm                             0x0800ae9d   Thumb Code   114  stm32f0xx_rtc.o(.text)
    RTC_AlarmCmd                             0x0800af0f   Thumb Code    78  stm32f0xx_rtc.o(.text)
    RTC_AlarmSubSecondConfig                 0x0800af5d   Thumb Code    24  stm32f0xx_rtc.o(.text)
    RTC_GetAlarmSubSecond                    0x0800af75   Thumb Code    10  stm32f0xx_rtc.o(.text)
    RTC_WakeUpClockConfig                    0x0800af7f   Thumb Code    30  stm32f0xx_rtc.o(.text)
    RTC_SetWakeUpCounter                     0x0800af9d   Thumb Code    18  stm32f0xx_rtc.o(.text)
    RTC_GetWakeUpCounter                     0x0800afaf   Thumb Code     8  stm32f0xx_rtc.o(.text)
    RTC_WakeUpCmd                            0x0800afb7   Thumb Code    78  stm32f0xx_rtc.o(.text)
    RTC_DayLightSavingConfig                 0x0800b005   Thumb Code    38  stm32f0xx_rtc.o(.text)
    RTC_GetStoreOperation                    0x0800b02b   Thumb Code    12  stm32f0xx_rtc.o(.text)
    RTC_OutputConfig                         0x0800b037   Thumb Code    38  stm32f0xx_rtc.o(.text)
    RTC_CalibOutputCmd                       0x0800b05d   Thumb Code    34  stm32f0xx_rtc.o(.text)
    RTC_CalibOutputConfig                    0x0800b07f   Thumb Code    32  stm32f0xx_rtc.o(.text)
    RTC_SmoothCalibConfig                    0x0800b09f   Thumb Code    62  stm32f0xx_rtc.o(.text)
    RTC_TimeStampCmd                         0x0800b0dd   Thumb Code    42  stm32f0xx_rtc.o(.text)
    RTC_GetTimeStamp                         0x0800b107   Thumb Code   164  stm32f0xx_rtc.o(.text)
    RTC_GetTimeStampSubSecond                0x0800b1ab   Thumb Code     6  stm32f0xx_rtc.o(.text)
    RTC_TamperTriggerConfig                  0x0800b1b1   Thumb Code    20  stm32f0xx_rtc.o(.text)
    RTC_TamperCmd                            0x0800b1c5   Thumb Code    18  stm32f0xx_rtc.o(.text)
    RTC_TamperFilterConfig                   0x0800b1d7   Thumb Code    20  stm32f0xx_rtc.o(.text)
    RTC_TamperSamplingFreqConfig             0x0800b1eb   Thumb Code    20  stm32f0xx_rtc.o(.text)
    RTC_TamperPinsPrechargeDuration          0x0800b1ff   Thumb Code    20  stm32f0xx_rtc.o(.text)
    RTC_TimeStampOnTamperDetectionCmd        0x0800b213   Thumb Code    20  stm32f0xx_rtc.o(.text)
    RTC_TamperPullUpCmd                      0x0800b227   Thumb Code    20  stm32f0xx_rtc.o(.text)
    RTC_WriteBackupRegister                  0x0800b23b   Thumb Code    16  stm32f0xx_rtc.o(.text)
    RTC_ReadBackupRegister                   0x0800b24b   Thumb Code    16  stm32f0xx_rtc.o(.text)
    RTC_OutputTypeConfig                     0x0800b25b   Thumb Code    20  stm32f0xx_rtc.o(.text)
    RTC_SynchroShiftConfig                   0x0800b26f   Thumb Code    98  stm32f0xx_rtc.o(.text)
    RTC_ITConfig                             0x0800b2d1   Thumb Code    56  stm32f0xx_rtc.o(.text)
    RTC_GetFlagStatus                        0x0800b309   Thumb Code    20  stm32f0xx_rtc.o(.text)
    RTC_ClearFlag                            0x0800b31d   Thumb Code    22  stm32f0xx_rtc.o(.text)
    RTC_GetITStatus                          0x0800b333   Thumb Code    54  stm32f0xx_rtc.o(.text)
    RTC_ClearITPendingBit                    0x0800b369   Thumb Code    22  stm32f0xx_rtc.o(.text)
    PWR_DeInit                               0x0800b3a5   Thumb Code    22  stm32f0xx_pwr.o(.text)
    PWR_BackupAccessCmd                      0x0800b3bb   Thumb Code    20  stm32f0xx_pwr.o(.text)
    PWR_PVDLevelConfig                       0x0800b3cf   Thumb Code    14  stm32f0xx_pwr.o(.text)
    PWR_PVDCmd                               0x0800b3dd   Thumb Code    20  stm32f0xx_pwr.o(.text)
    PWR_WakeUpPinCmd                         0x0800b3f1   Thumb Code    18  stm32f0xx_pwr.o(.text)
    PWR_EnterSleepMode                       0x0800b403   Thumb Code    26  stm32f0xx_pwr.o(.text)
    PWR_EnterSTOPMode                        0x0800b41d   Thumb Code    58  stm32f0xx_pwr.o(.text)
    PWR_EnterSTANDBYMode                     0x0800b457   Thumb Code    24  stm32f0xx_pwr.o(.text)
    PWR_GetFlagStatus                        0x0800b46f   Thumb Code    16  stm32f0xx_pwr.o(.text)
    PWR_ClearFlag                            0x0800b47f   Thumb Code    12  stm32f0xx_pwr.o(.text)
    I2C_DeInit                               0x0800b495   Thumb Code    48  stm32f0xx_i2c.o(.text)
    I2C_Init                                 0x0800b4c5   Thumb Code    94  stm32f0xx_i2c.o(.text)
    I2C_StructInit                           0x0800b523   Thumb Code    22  stm32f0xx_i2c.o(.text)
    I2C_Cmd                                  0x0800b539   Thumb Code    20  stm32f0xx_i2c.o(.text)
    I2C_SoftwareResetCmd                     0x0800b54d   Thumb Code    20  stm32f0xx_i2c.o(.text)
    I2C_ITConfig                             0x0800b561   Thumb Code    16  stm32f0xx_i2c.o(.text)
    I2C_StretchClockCmd                      0x0800b571   Thumb Code    20  stm32f0xx_i2c.o(.text)
    I2C_StopModeCmd                          0x0800b585   Thumb Code    20  stm32f0xx_i2c.o(.text)
    I2C_DualAddressCmd                       0x0800b599   Thumb Code    20  stm32f0xx_i2c.o(.text)
    I2C_OwnAddress2Config                    0x0800b5ad   Thumb Code    26  stm32f0xx_i2c.o(.text)
    I2C_GeneralCallCmd                       0x0800b5c7   Thumb Code    20  stm32f0xx_i2c.o(.text)
    I2C_SlaveByteControlCmd                  0x0800b5db   Thumb Code    20  stm32f0xx_i2c.o(.text)
    I2C_SlaveAddressConfig                   0x0800b5ef   Thumb Code    16  stm32f0xx_i2c.o(.text)
    I2C_10BitAddressingModeCmd               0x0800b5ff   Thumb Code    20  stm32f0xx_i2c.o(.text)
    I2C_AutoEndCmd                           0x0800b613   Thumb Code    20  stm32f0xx_i2c.o(.text)
    I2C_ReloadCmd                            0x0800b627   Thumb Code    20  stm32f0xx_i2c.o(.text)
    I2C_NumberOfBytesConfig                  0x0800b63b   Thumb Code    16  stm32f0xx_i2c.o(.text)
    I2C_MasterRequestConfig                  0x0800b64b   Thumb Code    20  stm32f0xx_i2c.o(.text)
    I2C_GenerateSTART                        0x0800b65f   Thumb Code    20  stm32f0xx_i2c.o(.text)
    I2C_GenerateSTOP                         0x0800b673   Thumb Code    20  stm32f0xx_i2c.o(.text)
    I2C_10BitAddressHeaderCmd                0x0800b687   Thumb Code    20  stm32f0xx_i2c.o(.text)
    I2C_AcknowledgeConfig                    0x0800b69b   Thumb Code    20  stm32f0xx_i2c.o(.text)
    I2C_GetAddressMatched                    0x0800b6af   Thumb Code    10  stm32f0xx_i2c.o(.text)
    I2C_GetTransferDirection                 0x0800b6b9   Thumb Code    18  stm32f0xx_i2c.o(.text)
    I2C_TransferHandling                     0x0800b6cb   Thumb Code    30  stm32f0xx_i2c.o(.text)
    I2C_SMBusAlertCmd                        0x0800b6e9   Thumb Code    20  stm32f0xx_i2c.o(.text)
    I2C_ClockTimeoutCmd                      0x0800b6fd   Thumb Code    20  stm32f0xx_i2c.o(.text)
    I2C_ExtendedClockTimeoutCmd              0x0800b711   Thumb Code    22  stm32f0xx_i2c.o(.text)
    I2C_IdleClockTimeoutCmd                  0x0800b727   Thumb Code    20  stm32f0xx_i2c.o(.text)
    I2C_TimeoutAConfig                       0x0800b73b   Thumb Code    16  stm32f0xx_i2c.o(.text)
    I2C_TimeoutBConfig                       0x0800b74b   Thumb Code    16  stm32f0xx_i2c.o(.text)
    I2C_CalculatePEC                         0x0800b75b   Thumb Code    20  stm32f0xx_i2c.o(.text)
    I2C_PECRequestCmd                        0x0800b76f   Thumb Code    20  stm32f0xx_i2c.o(.text)
    I2C_GetPEC                               0x0800b783   Thumb Code     6  stm32f0xx_i2c.o(.text)
    I2C_ReadRegister                         0x0800b789   Thumb Code    12  stm32f0xx_i2c.o(.text)
    I2C_SendData                             0x0800b795   Thumb Code     4  stm32f0xx_i2c.o(.text)
    I2C_ReceiveData                          0x0800b799   Thumb Code     6  stm32f0xx_i2c.o(.text)
    I2C_DMACmd                               0x0800b79f   Thumb Code    16  stm32f0xx_i2c.o(.text)
    I2C_GetFlagStatus                        0x0800b7af   Thumb Code    14  stm32f0xx_i2c.o(.text)
    I2C_ClearFlag                            0x0800b7bd   Thumb Code     4  stm32f0xx_i2c.o(.text)
    I2C_GetITStatus                          0x0800b7c1   Thumb Code    50  stm32f0xx_i2c.o(.text)
    I2C_ClearITPendingBit                    0x0800b7f3   Thumb Code     4  stm32f0xx_i2c.o(.text)
    ADC_DeInit                               0x0800b811   Thumb Code    30  stm32f0xx_adc.o(.text)
    ADC_Init                                 0x0800b82f   Thumb Code    40  stm32f0xx_adc.o(.text)
    ADC_StructInit                           0x0800b857   Thumb Code    16  stm32f0xx_adc.o(.text)
    ADC_Cmd                                  0x0800b867   Thumb Code    22  stm32f0xx_adc.o(.text)
    ADC_ClockModeConfig                      0x0800b87d   Thumb Code     4  stm32f0xx_adc.o(.text)
    ADC_JitterCmd                            0x0800b881   Thumb Code    16  stm32f0xx_adc.o(.text)
    ADC_AutoPowerOffCmd                      0x0800b891   Thumb Code    20  stm32f0xx_adc.o(.text)
    ADC_WaitModeCmd                          0x0800b8a5   Thumb Code    20  stm32f0xx_adc.o(.text)
    ADC_AnalogWatchdogCmd                    0x0800b8b9   Thumb Code    20  stm32f0xx_adc.o(.text)
    ADC_AnalogWatchdogThresholdsConfig       0x0800b8cd   Thumb Code     8  stm32f0xx_adc.o(.text)
    ADC_AnalogWatchdogSingleChannelConfig    0x0800b8d5   Thumb Code    14  stm32f0xx_adc.o(.text)
    ADC_AnalogWatchdogSingleChannelCmd       0x0800b8e3   Thumb Code    20  stm32f0xx_adc.o(.text)
    ADC_TempSensorCmd                        0x0800b8f7   Thumb Code    22  stm32f0xx_adc.o(.text)
    ADC_VrefintCmd                           0x0800b90d   Thumb Code    22  stm32f0xx_adc.o(.text)
    ADC_VbatCmd                              0x0800b923   Thumb Code    22  stm32f0xx_adc.o(.text)
    ADC_ChannelConfig                        0x0800b939   Thumb Code    10  stm32f0xx_adc.o(.text)
    ADC_ContinuousModeCmd                    0x0800b943   Thumb Code    20  stm32f0xx_adc.o(.text)
    ADC_DiscModeCmd                          0x0800b957   Thumb Code    20  stm32f0xx_adc.o(.text)
    ADC_OverrunModeCmd                       0x0800b96b   Thumb Code    20  stm32f0xx_adc.o(.text)
    ADC_GetCalibrationFactor                 0x0800b97f   Thumb Code    46  stm32f0xx_adc.o(.text)
    ADC_StopOfConversion                     0x0800b9ad   Thumb Code    10  stm32f0xx_adc.o(.text)
    ADC_StartOfConversion                    0x0800b9b7   Thumb Code    10  stm32f0xx_adc.o(.text)
    ADC_GetConversionValue                   0x0800b9c1   Thumb Code     6  stm32f0xx_adc.o(.text)
    ADC_DMACmd                               0x0800b9c7   Thumb Code    20  stm32f0xx_adc.o(.text)
    ADC_DMARequestModeConfig                 0x0800b9db   Thumb Code    16  stm32f0xx_adc.o(.text)
    ADC_ITConfig                             0x0800b9eb   Thumb Code    16  stm32f0xx_adc.o(.text)
    ADC_GetFlagStatus                        0x0800b9fb   Thumb Code    28  stm32f0xx_adc.o(.text)
    ADC_ClearFlag                            0x0800ba17   Thumb Code     4  stm32f0xx_adc.o(.text)
    ADC_GetITStatus                          0x0800ba1b   Thumb Code    22  stm32f0xx_adc.o(.text)
    ADC_ClearITPendingBit                    0x0800ba31   Thumb Code     4  stm32f0xx_adc.o(.text)
    __c89printf                              0x0800ba41   Thumb Code    22  c89printf.o(.text)
    __2printf                                0x0800ba5d   Thumb Code    22  __2printf.o(.text)
    __2sprintf                               0x0800ba79   Thumb Code    40  __2sprintf.o(.text)
    _printf_pre_padding                      0x0800baa5   Thumb Code    44  _printf_pad.o(.text)
    _printf_post_padding                     0x0800bad1   Thumb Code    34  _printf_pad.o(.text)
    _printf_str                              0x0800baf3   Thumb Code    82  _printf_str.o(.text)
    _printf_int_dec                          0x0800bb45   Thumb Code    90  _printf_dec.o(.text)
    __printf                                 0x0800bbb1   Thumb Code   386  __printf_flags_ss_wp.o(.text)
    _memset_w                                0x0800bd39   Thumb Code    26  rt_memclr.o(.text)
    _memset                                  0x0800bd53   Thumb Code    30  rt_memclr.o(.text)
    __aeabi_memclr                           0x0800bd71   Thumb Code     4  rt_memclr.o(.text)
    __rt_memclr                              0x0800bd71   Thumb Code     0  rt_memclr.o(.text)
    __aeabi_memclr4                          0x0800bd75   Thumb Code     0  rt_memclr.o(.text)
    __aeabi_memclr8                          0x0800bd75   Thumb Code     0  rt_memclr.o(.text)
    __rt_memclr_w                            0x0800bd75   Thumb Code     4  rt_memclr.o(.text)
    __aeabi_uidiv                            0x0800bd79   Thumb Code     0  aeabi_sdivfast.o(.text)
    __aeabi_uidivmod                         0x0800bd79   Thumb Code    28  aeabi_sdivfast.o(.text)
    __aeabi_idiv                             0x0800bd95   Thumb Code     0  aeabi_sdivfast.o(.text)
    __aeabi_idivmod                          0x0800bd95   Thumb Code   460  aeabi_sdivfast.o(.text)
    __use_two_region_memory                  0x0800bf61   Thumb Code     2  heapauxi.o(.text)
    __rt_heap_escrow$2region                 0x0800bf63   Thumb Code     2  heapauxi.o(.text)
    __rt_heap_expand$2region                 0x0800bf65   Thumb Code     2  heapauxi.o(.text)
    __aeabi_d2f                              0x0800bf69   Thumb Code     0  d2f.o(.text)
    _d2f                                     0x0800bf69   Thumb Code   120  d2f.o(.text)
    __aeabi_ddiv                             0x0800bfe5   Thumb Code     0  ddiv.o(.text)
    _ddiv                                    0x0800bfe5   Thumb Code  1072  ddiv.o(.text)
    _drdiv                                   0x0800c415   Thumb Code    20  ddiv.o(.text)
    __aeabi_i2d_normalise                    0x0800c42d   Thumb Code    66  dflti.o(.text)
    __aeabi_i2d                              0x0800c46f   Thumb Code    16  dflti.o(.text)
    _dflt                                    0x0800c46f   Thumb Code     0  dflti.o(.text)
    __aeabi_ui2d                             0x0800c47f   Thumb Code     6  dflti.o(.text)
    _dfltu                                   0x0800c47f   Thumb Code     0  dflti.o(.text)
    __aeabi_f2d                              0x0800c485   Thumb Code     0  f2d.o(.text)
    _f2d                                     0x0800c485   Thumb Code    80  f2d.o(.text)
    _printf_truncate_signed                  0x0800c4d9   Thumb Code    18  _printf_truncate.o(.text)
    _printf_truncate_unsigned                0x0800c4eb   Thumb Code    18  _printf_truncate.o(.text)
    _printf_int_common                       0x0800c4fd   Thumb Code   176  _printf_intcommon.o(.text)
    _printf_charcount                        0x0800c5ad   Thumb Code    38  _printf_charcount.o(.text)
    __lib_sel_fp_printf                      0x0800c5d5   Thumb Code     2  _printf_fp_dec.o(.text)
    _printf_fp_dec_real                      0x0800c773   Thumb Code   620  _printf_fp_dec.o(.text)
    _printf_char_common                      0x0800c9f7   Thumb Code    32  _printf_char_common.o(.text)
    _sputc                                   0x0800ca1d   Thumb Code    10  _sputc.o(.text)
    _printf_cs_common                        0x0800ca27   Thumb Code    22  _printf_char.o(.text)
    _printf_char                             0x0800ca3d   Thumb Code    16  _printf_char.o(.text)
    _printf_string                           0x0800ca4d   Thumb Code     8  _printf_char.o(.text)
    _printf_char_file                        0x0800ca55   Thumb Code    34  _printf_char_file.o(.text)
    _printf_wctomb                           0x0800ca7d   Thumb Code   182  _printf_wctomb.o(.text)
    _printf_longlong_dec                     0x0800cb39   Thumb Code    94  _printf_longlong_dec.o(.text)
    _printf_longlong_oct                     0x0800cba9   Thumb Code    68  _printf_oct_int_ll.o(.text)
    _printf_int_oct                          0x0800cbed   Thumb Code    24  _printf_oct_int_ll.o(.text)
    _printf_ll_oct                           0x0800cc05   Thumb Code    10  _printf_oct_int_ll.o(.text)
    _printf_longlong_hex                     0x0800cc19   Thumb Code    88  _printf_hex_int_ll_ptr.o(.text)
    _printf_int_hex                          0x0800cc71   Thumb Code    28  _printf_hex_int_ll_ptr.o(.text)
    _printf_ll_hex                           0x0800cc8d   Thumb Code    10  _printf_hex_int_ll_ptr.o(.text)
    _printf_hex_ptr                          0x0800cc97   Thumb Code    22  _printf_hex_int_ll_ptr.o(.text)
    __rt_udiv10                              0x0800ccb1   Thumb Code    40  rtudiv10.o(.text)
    __rt_locale                              0x0800ccd9   Thumb Code     8  rt_locale_intlibspace.o(.text)
    _ll_udiv10                               0x0800cce1   Thumb Code   122  lludiv10.o(.text)
    _printf_fp_infnan                        0x0800cd5d   Thumb Code   120  _printf_fp_infnan.o(.text)
    _printf_lcs_common                       0x0800cde5   Thumb Code    22  _printf_wchar.o(.text)
    _printf_wchar                            0x0800cdfb   Thumb Code    16  _printf_wchar.o(.text)
    _printf_wstring                          0x0800ce0b   Thumb Code     8  _printf_wchar.o(.text)
    _btod_etento                             0x0800ce15   Thumb Code   210  bigflt0.o(.text)
    _btod_d2e                                0x0800ceed   Thumb Code    64  btod.o(.text)
    _btod_emul                               0x0800d321   Thumb Code    28  btod.o(.text)
    _btod_emuld                              0x0800d33d   Thumb Code   144  btod.o(.text)
    _btod_ediv                               0x0800d3cd   Thumb Code    26  btod.o(.text)
    _btod_edivd                              0x0800d3e7   Thumb Code   124  btod.o(.text)
    ferror                                   0x0800d46d   Thumb Code     8  ferror.o(.text)
    _wcrtomb                                 0x0800d475   Thumb Code    64  _wcrtomb.o(.text)
    __user_libspace                          0x0800d4b5   Thumb Code     8  libspace.o(.text)
    __user_perproc_libspace                  0x0800d4b5   Thumb Code     0  libspace.o(.text)
    __user_perthread_libspace                0x0800d4b5   Thumb Code     0  libspace.o(.text)
    __user_setup_stackheap                   0x0800d4bd   Thumb Code    62  sys_stackheap_outer.o(.text)
    __rt_ctype_table                         0x0800d4fd   Thumb Code    16  rt_ctype_table.o(.text)
    exit                                     0x0800d50d   Thumb Code    16  exit.o(.text)
    strcmp                                   0x0800d51d   Thumb Code   160  strcmpv6m.o(.text)
    _sys_exit                                0x0800d5bd   Thumb Code     8  sys_exit.o(.text)
    __I$use$semihosting                      0x0800d5c9   Thumb Code     0  use_no_semi.o(.text)
    __use_no_semihosting_swi                 0x0800d5c9   Thumb Code     2  use_no_semi.o(.text)
    __decompress                             0x0800d5cb   Thumb Code     0  __dczerorl2.o(.text)
    __decompress1                            0x0800d5cb   Thumb Code    86  __dczerorl2.o(.text)
    __semihosting_library_function           0x0800d5cb   Thumb Code     0  indicate_semi.o(.text)
    __ARM_common_ll_muluu                    0x0800d621   Thumb Code    48  btod.o(i.__ARM_common_ll_muluu)
    __ARM_fpclassify                         0x0800d651   Thumb Code    40  fpclassify.o(i.__ARM_fpclassify)
    _is_digit                                0x0800d67d   Thumb Code    14  __printf_wp.o(i._is_digit)
    _get_lc_numeric                          0x0800d68d   Thumb Code    44  lc_numeric_c.o(locale$$code)
    _get_lc_ctype                            0x0800d6b9   Thumb Code    44  lc_ctype_c.o(locale$$code)
    _printf_fp_dec                           0x0800d6e5   Thumb Code    16  printf1.o(x$fpl$printf1)
    __I$use$fp                               0x0800d6f4   Number         0  usenofp.o(x$fpl$usenofp)
    BUTTON_PIN                               0x0800dc74   Data           2  stm32f0_discovery.o(.constdata)
    BUTTON_EXTI_LINE                         0x0800dc76   Data           2  stm32f0_discovery.o(.constdata)
    BUTTON_PORT_SOURCE                       0x0800dc78   Data           2  stm32f0_discovery.o(.constdata)
    BUTTON_PIN_SOURCE                        0x0800dc7a   Data           2  stm32f0_discovery.o(.constdata)
    BUTTON_IRQn                              0x0800dc7c   Data           2  stm32f0_discovery.o(.constdata)
    GPIO_PIN                                 0x0800dc7e   Data           4  stm32f0_discovery.o(.constdata)
    BUTTON_CLK                               0x0800dc84   Data           4  stm32f0_discovery.o(.constdata)
    GPIO_CLK                                 0x0800dc88   Data           8  stm32f0_discovery.o(.constdata)
    Region$$Table$$Base                      0x0800df20   Number         0  anon$$obj.o(Region$$Table)
    Region$$Table$$Limit                     0x0800df40   Number         0  anon$$obj.o(Region$$Table)
    __ctype                                  0x0800df69   Data           0  lc_ctype_c.o(locale$$data)
    __stdout                                 0x20000000   Data           4  main.o(.data)
    TimingDelay                              0x20000004   Data           4  delay.o(.data)
    flagPowerUp                              0x20000008   Data           1  flags_timers.o(.data)
    flagCurrentCycle                         0x20000009   Data           1  flags_timers.o(.data)
    flagCycleFlipToLightCycle                0x2000000a   Data           1  flags_timers.o(.data)
    flagCycleFlipToDarkCycle                 0x2000000b   Data           1  flags_timers.o(.data)
    flagAd1PreviousCycle                     0x2000000c   Data           1  flags_timers.o(.data)
    flagAd1CO2Inj                            0x2000000d   Data           1  flags_timers.o(.data)
    dummyInitTools                           0x2000000e   Data          62  eeprom_data.o(.data)
    tools                                    0x2000004c   Data           4  eeprom_data.o(.data)
    dummyInitProfile                         0x20000050   Data         502  eeprom_data.o(.data)
    profile                                  0x20000248   Data           4  eeprom_data.o(.data)
    active_profile                           0x2000024c   Data           1  eeprom_data.o(.data)
    day_count                                0x2000024d   Data           1  eeprom_data.o(.data)
    slaveID                                  0x2000024e   Data           1  modbus_slave.o(.data)
    broadcastFlag                            0x2000024f   Data           1  modbus_slave.o(.data)
    function                                 0x20000250   Data           1  modbus_slave.o(.data)
    buffer                                   0x20000252   Data           2  modbus_slave.o(.data)
    flag_rx_complete                         0x20000254   Data           2  modbus_slave.o(.data)
    errorCount                               0x20000256   Data           2  modbus_slave.o(.data)
    sEEAddress                               0x20000458   Data           2  iso_i2c_ee.o(.data)
    sEEDataNum                               0x2000045a   Data           2  iso_i2c_ee.o(.data)
    sEETimeout                               0x2000045c   Data           4  iso_i2c_ee.o(.data)
    button_prev                              0x20000474   Data           1  sdlog.o(.data)
    line_no                                  0x2000047e   Data           2  sdlog.o(.data)
    BUTTON_PORT                              0x20000484   Data           4  stm32f0_discovery.o(.data)
    GPIO_PORT                                0x20000488   Data           8  stm32f0_discovery.o(.data)
    flagLEDIndi                              0x20000490   Data           1  stm32f0xx_it.o(.data)
    SystemCoreClock                          0x20000498   Data           4  system_stm32f0xx.o(.data)
    AHBPrescTable                            0x2000049c   Data          16  system_stm32f0xx.o(.data)
    timerInitStructure                       0x200004bc   Data          12  modbus_slave.o(.bss)
    frame                                    0x200004c8   Data         100  modbus_slave.o(.bss)
    dummyHoldingReg                          0x2000052c   Data         200  modbus_slave.o(.bss)
    RTC_InitStructure                        0x200005f4   Data          12  rtc_stm.o(.bss)
    fileReadBuffr                            0x20001004   Data         200  sdlog.o(.bss)
    __libspace_start                         0x200010cc   Data          96  libspace.o(.bss)
    __temporary_stack_top$libspace           0x2000112c   Data           0  libspace.o(.bss)



==============================================================================

Memory Map of the image

  Image Entry point : 0x080000c1

  Load Region LR_IROM1 (Base: 0x08000000, Size: 0x0000e528, Max: 0x00010000, ABSOLUTE, COMPRESSED[0x0000e238])

    Execution Region ER_IROM1 (Exec base: 0x08000000, Load base: 0x08000000, Size: 0x0000e06c, Max: 0x00010000, ABSOLUTE)

    Exec Addr    Load Addr    Size         Type   Attr      Idx    E Section Name        Object

    0x08000000   0x08000000   0x000000c0   Data   RO          776    RESET               startup_stm32f0xx.o
    0x080000c0   0x080000c0   0x00000008   Code   RO         1135  * !!!main             c_p.l(__main.o)
    0x080000c8   0x080000c8   0x0000003c   Code   RO         1427    !!!scatter          c_p.l(__scatter.o)
    0x08000104   0x08000104   0x0000001c   Code   RO         1429    !!handler_zi        c_p.l(__scatter_zi.o)
    0x08000120   0x08000120   0x00000002   Code   RO         1122    .ARM.Collect$$_printf_percent$$00000000  c_p.l(_printf_percent.o)
    0x08000122   0x08000122   0x0000000a   Code   RO         1201    .ARM.Collect$$_printf_percent$$00000001  c_p.l(_printf_n.o)
    0x0800012c   0x0800012c   0x0000000a   Code   RO         1203    .ARM.Collect$$_printf_percent$$00000002  c_p.l(_printf_p.o)
    0x08000136   0x08000136   0x0000000a   Code   RO         1121    .ARM.Collect$$_printf_percent$$00000003  c_p.l(_printf_f.o)
    0x08000140   0x08000140   0x0000000a   Code   RO         1207    .ARM.Collect$$_printf_percent$$00000004  c_p.l(_printf_e.o)
    0x0800014a   0x0800014a   0x0000000a   Code   RO         1208    .ARM.Collect$$_printf_percent$$00000005  c_p.l(_printf_g.o)
    0x08000154   0x08000154   0x0000000a   Code   RO         1209    .ARM.Collect$$_printf_percent$$00000006  c_p.l(_printf_a.o)
    0x0800015e   0x0800015e   0x0000000a   Code   RO         1214    .ARM.Collect$$_printf_percent$$00000007  c_p.l(_printf_ll.o)
    0x08000168   0x08000168   0x0000000a   Code   RO         1205    .ARM.Collect$$_printf_percent$$00000008  c_p.l(_printf_i.o)
    0x08000172   0x08000172   0x0000000a   Code   RO         1120    .ARM.Collect$$_printf_percent$$00000009  c_p.l(_printf_d.o)
    0x0800017c   0x0800017c   0x0000000a   Code   RO         1206    .ARM.Collect$$_printf_percent$$0000000A  c_p.l(_printf_u.o)
    0x08000186   0x08000186   0x0000000a   Code   RO         1204    .ARM.Collect$$_printf_percent$$0000000B  c_p.l(_printf_o.o)
    0x08000190   0x08000190   0x0000000a   Code   RO         1202    .ARM.Collect$$_printf_percent$$0000000C  c_p.l(_printf_x.o)
    0x0800019a   0x0800019a   0x0000000a   Code   RO         1211    .ARM.Collect$$_printf_percent$$0000000D  c_p.l(_printf_lli.o)
    0x080001a4   0x080001a4   0x0000000a   Code   RO         1212    .ARM.Collect$$_printf_percent$$0000000E  c_p.l(_printf_lld.o)
    0x080001ae   0x080001ae   0x0000000a   Code   RO         1213    .ARM.Collect$$_printf_percent$$0000000F  c_p.l(_printf_llu.o)
    0x080001b8   0x080001b8   0x0000000a   Code   RO         1218    .ARM.Collect$$_printf_percent$$00000010  c_p.l(_printf_llo.o)
    0x080001c2   0x080001c2   0x0000000a   Code   RO         1219    .ARM.Collect$$_printf_percent$$00000011  c_p.l(_printf_llx.o)
    0x080001cc   0x080001cc   0x0000000a   Code   RO         1215    .ARM.Collect$$_printf_percent$$00000012  c_p.l(_printf_l.o)
    0x080001d6   0x080001d6   0x0000000a   Code   RO         1118    .ARM.Collect$$_printf_percent$$00000013  c_p.l(_printf_c.o)
    0x080001e0   0x080001e0   0x0000000a   Code   RO         1119    .ARM.Collect$$_printf_percent$$00000014  c_p.l(_printf_s.o)
    0x080001ea   0x080001ea   0x0000000a   Code   RO         1216    .ARM.Collect$$_printf_percent$$00000015  c_p.l(_printf_lc.o)
    0x080001f4   0x080001f4   0x0000000a   Code   RO         1217    .ARM.Collect$$_printf_percent$$00000016  c_p.l(_printf_ls.o)
    0x080001fe   0x080001fe   0x00000004   Code   RO         1210    .ARM.Collect$$_printf_percent$$00000017  c_p.l(_printf_percent_end.o)
    0x08000202   0x08000202   0x00000002   Code   RO         1294    .ARM.Collect$$libinit$$00000000  c_p.l(libinit.o)
    0x08000204   0x08000204   0x00000000   Code   RO         1296    .ARM.Collect$$libinit$$00000002  c_p.l(libinit2.o)
    0x08000204   0x08000204   0x00000000   Code   RO         1298    .ARM.Collect$$libinit$$00000004  c_p.l(libinit2.o)
    0x08000204   0x08000204   0x00000000   Code   RO         1301    .ARM.Collect$$libinit$$0000000A  c_p.l(libinit2.o)
    0x08000204   0x08000204   0x00000000   Code   RO         1303    .ARM.Collect$$libinit$$0000000C  c_p.l(libinit2.o)
    0x08000204   0x08000204   0x00000000   Code   RO         1305    .ARM.Collect$$libinit$$0000000E  c_p.l(libinit2.o)
    0x08000204   0x08000204   0x00000006   Code   RO         1306    .ARM.Collect$$libinit$$0000000F  c_p.l(libinit2.o)
    0x0800020a   0x0800020a   0x00000000   Code   RO         1308    .ARM.Collect$$libinit$$00000011  c_p.l(libinit2.o)
    0x0800020a   0x0800020a   0x0000000c   Code   RO         1309    .ARM.Collect$$libinit$$00000012  c_p.l(libinit2.o)
    0x08000216   0x08000216   0x00000000   Code   RO         1310    .ARM.Collect$$libinit$$00000013  c_p.l(libinit2.o)
    0x08000216   0x08000216   0x00000000   Code   RO         1312    .ARM.Collect$$libinit$$00000015  c_p.l(libinit2.o)
    0x08000216   0x08000216   0x0000000a   Code   RO         1313    .ARM.Collect$$libinit$$00000016  c_p.l(libinit2.o)
    0x08000220   0x08000220   0x00000000   Code   RO         1314    .ARM.Collect$$libinit$$00000017  c_p.l(libinit2.o)
    0x08000220   0x08000220   0x00000000   Code   RO         1316    .ARM.Collect$$libinit$$00000019  c_p.l(libinit2.o)
    0x08000220   0x08000220   0x00000000   Code   RO         1318    .ARM.Collect$$libinit$$0000001B  c_p.l(libinit2.o)
    0x08000220   0x08000220   0x00000000   Code   RO         1320    .ARM.Collect$$libinit$$0000001D  c_p.l(libinit2.o)
    0x08000220   0x08000220   0x00000000   Code   RO         1322    .ARM.Collect$$libinit$$0000001F  c_p.l(libinit2.o)
    0x08000220   0x08000220   0x00000000   Code   RO         1324    .ARM.Collect$$libinit$$00000021  c_p.l(libinit2.o)
    0x08000220   0x08000220   0x00000000   Code   RO         1326    .ARM.Collect$$libinit$$00000023  c_p.l(libinit2.o)
    0x08000220   0x08000220   0x00000000   Code   RO         1328    .ARM.Collect$$libinit$$00000025  c_p.l(libinit2.o)
    0x08000220   0x08000220   0x00000000   Code   RO         1332    .ARM.Collect$$libinit$$0000002C  c_p.l(libinit2.o)
    0x08000220   0x08000220   0x00000000   Code   RO         1334    .ARM.Collect$$libinit$$0000002E  c_p.l(libinit2.o)
    0x08000220   0x08000220   0x00000000   Code   RO         1336    .ARM.Collect$$libinit$$00000030  c_p.l(libinit2.o)
    0x08000220   0x08000220   0x00000000   Code   RO         1338    .ARM.Collect$$libinit$$00000032  c_p.l(libinit2.o)
    0x08000220   0x08000220   0x00000002   Code   RO         1339    .ARM.Collect$$libinit$$00000033  c_p.l(libinit2.o)
    0x08000222   0x08000222   0x00000002   Code   RO         1390    .ARM.Collect$$libshutdown$$00000000  c_p.l(libshutdown.o)
    0x08000224   0x08000224   0x00000000   Code   RO         1408    .ARM.Collect$$libshutdown$$00000002  c_p.l(libshutdown2.o)
    0x08000224   0x08000224   0x00000000   Code   RO         1410    .ARM.Collect$$libshutdown$$00000004  c_p.l(libshutdown2.o)
    0x08000224   0x08000224   0x00000000   Code   RO         1413    .ARM.Collect$$libshutdown$$00000007  c_p.l(libshutdown2.o)
    0x08000224   0x08000224   0x00000000   Code   RO         1416    .ARM.Collect$$libshutdown$$0000000A  c_p.l(libshutdown2.o)
    0x08000224   0x08000224   0x00000000   Code   RO         1418    .ARM.Collect$$libshutdown$$0000000C  c_p.l(libshutdown2.o)
    0x08000224   0x08000224   0x00000000   Code   RO         1421    .ARM.Collect$$libshutdown$$0000000F  c_p.l(libshutdown2.o)
    0x08000224   0x08000224   0x00000002   Code   RO         1422    .ARM.Collect$$libshutdown$$00000010  c_p.l(libshutdown2.o)
    0x08000226   0x08000226   0x00000000   Code   RO         1148    .ARM.Collect$$rtentry$$00000000  c_p.l(__rtentry.o)
    0x08000226   0x08000226   0x00000000   Code   RO         1224    .ARM.Collect$$rtentry$$00000002  c_p.l(__rtentry2.o)
    0x08000226   0x08000226   0x00000006   Code   RO         1236    .ARM.Collect$$rtentry$$00000004  c_p.l(__rtentry4.o)
    0x0800022c   0x0800022c   0x00000000   Code   RO         1226    .ARM.Collect$$rtentry$$00000009  c_p.l(__rtentry2.o)
    0x0800022c   0x0800022c   0x00000004   Code   RO         1227    .ARM.Collect$$rtentry$$0000000A  c_p.l(__rtentry2.o)
    0x08000230   0x08000230   0x00000000   Code   RO         1229    .ARM.Collect$$rtentry$$0000000C  c_p.l(__rtentry2.o)
    0x08000230   0x08000230   0x00000008   Code   RO         1230    .ARM.Collect$$rtentry$$0000000D  c_p.l(__rtentry2.o)
    0x08000238   0x08000238   0x00000002   Code   RO         1341    .ARM.Collect$$rtexit$$00000000  c_p.l(rtexit.o)
    0x0800023a   0x0800023a   0x00000000   Code   RO         1359    .ARM.Collect$$rtexit$$00000002  c_p.l(rtexit2.o)
    0x0800023a   0x0800023a   0x00000004   Code   RO         1360    .ARM.Collect$$rtexit$$00000003  c_p.l(rtexit2.o)
    0x0800023e   0x0800023e   0x00000006   Code   RO         1361    .ARM.Collect$$rtexit$$00000004  c_p.l(rtexit2.o)
    0x08000244   0x08000244   0x00000038   Code   RO         1123    .emb_text           c_p.l(rt_memcpy.o)
    0x0800027c   0x0800027c   0x00000480   Code   RO            3    .text               main.o
    0x080006fc   0x080006fc   0x000000a4   Code   RO          195    .text               util_prj.o
    0x080007a0   0x080007a0   0x00000028   Code   RO          222    .text               delay.o
    0x080007c8   0x080007c8   0x00003c48   Code   RO          447    .text               eeprom_profile.o
    0x08004410   0x08004410   0x0000013c   Code   RO          486    .text               setup.o
    0x0800454c   0x0800454c   0x00000444   Code   RO          515    .text               modbus_slave.o
    0x08004990   0x08004990   0x00000038   Code   RO          549    .text               mbcrc.o
    0x080049c8   0x080049c8   0x000001a8   Code   RO          568    .text               rtc_stm.o
    0x08004b70   0x08004b70   0x000007e0   Code   RO          591    .text               iso_i2c_ee.o
    0x08005350   0x08005350   0x0000005c   Code   RO          616    .text               ccsbcs.o
    0x080053ac   0x080053ac   0x00002db8   Code   RO          647    .text               ff.o
    0x08008164   0x08008164   0x000006f8   Code   RO          677    .text               mmc_32f0.o
    0x0800885c   0x0800885c   0x0000067c   Code   RO          699    .text               sdlog.o
    0x08008ed8   0x08008ed8   0x000000b4   Code   RO          728    .text               util_usart.o
    0x08008f8c   0x08008f8c   0x0000012c   Code   RO          749    .text               stm32f0_discovery.o
    0x080090b8   0x080090b8   0x00000074   Code   RO          777    .text               startup_stm32f0xx.o
    0x0800912c   0x0800912c   0x00000050   Code   RO          783    .text               stm32f0xx_it.o
    0x0800917c   0x0800917c   0x00000154   Code   RO          809    .text               system_stm32f0xx.o
    0x080092d0   0x080092d0   0x000000d0   Code   RO          835    .text               stm32f0xx_exti.o
    0x080093a0   0x080093a0   0x000001b8   Code   RO          855    .text               stm32f0xx_gpio.o
    0x08009558   0x08009558   0x00000080   Code   RO          875    .text               stm32f0xx_misc.o
    0x080095d8   0x080095d8   0x000004f4   Code   RO          895    .text               stm32f0xx_rcc.o
    0x08009acc   0x08009acc   0x000000c4   Code   RO          918    .text               stm32f0xx_syscfg.o
    0x08009b90   0x08009b90   0x000004f4   Code   RO          938    .text               stm32f0xx_usart.o
    0x0800a084   0x0800a084   0x000009f0   Code   RO          958    .text               stm32f0xx_tim.o
    0x0800aa74   0x0800aa74   0x00000930   Code   RO          979    .text               stm32f0xx_rtc.o
    0x0800b3a4   0x0800b3a4   0x000000f0   Code   RO         1000    .text               stm32f0xx_pwr.o
    0x0800b494   0x0800b494   0x0000037c   Code   RO         1020    .text               stm32f0xx_i2c.o
    0x0800b810   0x0800b810   0x00000230   Code   RO         1060    .text               stm32f0xx_adc.o
    0x0800ba40   0x0800ba40   0x0000001c   Code   RO         1080    .text               c_p.l(c89printf.o)
    0x0800ba5c   0x0800ba5c   0x0000001c   Code   RO         1082    .text               c_p.l(__2printf.o)
    0x0800ba78   0x0800ba78   0x0000002c   Code   RO         1084    .text               c_p.l(__2sprintf.o)
    0x0800baa4   0x0800baa4   0x0000004e   Code   RO         1092    .text               c_p.l(_printf_pad.o)
    0x0800baf2   0x0800baf2   0x00000052   Code   RO         1094    .text               c_p.l(_printf_str.o)
    0x0800bb44   0x0800bb44   0x0000006c   Code   RO         1096    .text               c_p.l(_printf_dec.o)
    0x0800bbb0   0x0800bbb0   0x00000188   Code   RO         1115    .text               c_p.l(__printf_flags_ss_wp.o)
    0x0800bd38   0x0800bd38   0x00000040   Code   RO         1127    .text               c_p.l(rt_memclr.o)
    0x0800bd78   0x0800bd78   0x000001e8   Code   RO         1129    .text               c_p.l(aeabi_sdivfast.o)
    0x0800bf60   0x0800bf60   0x00000006   Code   RO         1133    .text               c_p.l(heapauxi.o)
    0x0800bf66   0x0800bf66   0x00000002   PAD
    0x0800bf68   0x0800bf68   0x0000007c   Code   RO         1137    .text               fz_ps.l(d2f.o)
    0x0800bfe4   0x0800bfe4   0x00000448   Code   RO         1139    .text               fz_ps.l(ddiv.o)
    0x0800c42c   0x0800c42c   0x00000058   Code   RO         1142    .text               fz_ps.l(dflti.o)
    0x0800c484   0x0800c484   0x00000054   Code   RO         1144    .text               fz_ps.l(f2d.o)
    0x0800c4d8   0x0800c4d8   0x00000024   Code   RO         1153    .text               c_p.l(_printf_truncate.o)
    0x0800c4fc   0x0800c4fc   0x000000b0   Code   RO         1155    .text               c_p.l(_printf_intcommon.o)
    0x0800c5ac   0x0800c5ac   0x00000026   Code   RO         1157    .text               c_p.l(_printf_charcount.o)
    0x0800c5d2   0x0800c5d2   0x00000002   PAD
    0x0800c5d4   0x0800c5d4   0x00000418   Code   RO         1159    .text               c_p.l(_printf_fp_dec.o)
    0x0800c9ec   0x0800c9ec   0x00000030   Code   RO         1161    .text               c_p.l(_printf_char_common.o)
    0x0800ca1c   0x0800ca1c   0x0000000a   Code   RO         1163    .text               c_p.l(_sputc.o)
    0x0800ca26   0x0800ca26   0x0000002e   Code   RO         1165    .text               c_p.l(_printf_char.o)
    0x0800ca54   0x0800ca54   0x00000028   Code   RO         1167    .text               c_p.l(_printf_char_file.o)
    0x0800ca7c   0x0800ca7c   0x000000bc   Code   RO         1169    .text               c_p.l(_printf_wctomb.o)
    0x0800cb38   0x0800cb38   0x00000070   Code   RO         1172    .text               c_p.l(_printf_longlong_dec.o)
    0x0800cba8   0x0800cba8   0x00000070   Code   RO         1178    .text               c_p.l(_printf_oct_int_ll.o)
    0x0800cc18   0x0800cc18   0x00000098   Code   RO         1198    .text               c_p.l(_printf_hex_int_ll_ptr.o)
    0x0800ccb0   0x0800ccb0   0x00000028   Code   RO         1220    .text               c_p.l(rtudiv10.o)
    0x0800ccd8   0x0800ccd8   0x00000008   Code   RO         1243    .text               c_p.l(rt_locale_intlibspace.o)
    0x0800cce0   0x0800cce0   0x0000007a   Code   RO         1245    .text               c_p.l(lludiv10.o)
    0x0800cd5a   0x0800cd5a   0x00000002   PAD
    0x0800cd5c   0x0800cd5c   0x00000088   Code   RO         1247    .text               c_p.l(_printf_fp_infnan.o)
    0x0800cde4   0x0800cde4   0x0000002e   Code   RO         1251    .text               c_p.l(_printf_wchar.o)
    0x0800ce12   0x0800ce12   0x00000002   PAD
    0x0800ce14   0x0800ce14   0x000000d8   Code   RO         1253    .text               c_p.l(bigflt0.o)
    0x0800ceec   0x0800ceec   0x00000580   Code   RO         1256    .text               c_p.l(btod.o)
    0x0800d46c   0x0800d46c   0x00000008   Code   RO         1260    .text               c_p.l(ferror.o)
    0x0800d474   0x0800d474   0x00000040   Code   RO         1264    .text               c_p.l(_wcrtomb.o)
    0x0800d4b4   0x0800d4b4   0x00000008   Code   RO         1273    .text               c_p.l(libspace.o)
    0x0800d4bc   0x0800d4bc   0x0000003e   Code   RO         1276    .text               c_p.l(sys_stackheap_outer.o)
    0x0800d4fa   0x0800d4fa   0x00000002   PAD
    0x0800d4fc   0x0800d4fc   0x00000010   Code   RO         1279    .text               c_p.l(rt_ctype_table.o)
    0x0800d50c   0x0800d50c   0x00000010   Code   RO         1281    .text               c_p.l(exit.o)
    0x0800d51c   0x0800d51c   0x000000a0   Code   RO         1287    .text               c_p.l(strcmpv6m.o)
    0x0800d5bc   0x0800d5bc   0x0000000c   Code   RO         1356    .text               c_p.l(sys_exit.o)
    0x0800d5c8   0x0800d5c8   0x00000002   Code   RO         1377    .text               c_p.l(use_no_semi.o)
    0x0800d5ca   0x0800d5ca   0x00000000   Code   RO         1379    .text               c_p.l(indicate_semi.o)
    0x0800d5ca   0x0800d5ca   0x00000056   Code   RO         1425    .text               c_p.l(__dczerorl2.o)
    0x0800d620   0x0800d620   0x00000030   Code   RO         1258    i.__ARM_common_ll_muluu  c_p.l(btod.o)
    0x0800d650   0x0800d650   0x0000002c   Code   RO         1271    i.__ARM_fpclassify  m_ps.l(fpclassify.o)
    0x0800d67c   0x0800d67c   0x0000000e   Code   RO         1108    i._is_digit         c_p.l(__printf_wp.o)
    0x0800d68a   0x0800d68a   0x00000002   PAD
    0x0800d68c   0x0800d68c   0x0000002c   Code   RO         1267    locale$$code        c_p.l(lc_numeric_c.o)
    0x0800d6b8   0x0800d6b8   0x0000002c   Code   RO         1346    locale$$code        c_p.l(lc_ctype_c.o)
    0x0800d6e4   0x0800d6e4   0x00000010   Code   RO         1146    x$fpl$printf1       fz_ps.l(printf1.o)
    0x0800d6f4   0x0800d6f4   0x00000000   Code   RO         1222    x$fpl$usenofp       fz_ps.l(usenofp.o)
    0x0800d6f4   0x0800d6f4   0x00000003   Data   RO          487    .constdata          setup.o
    0x0800d6f7   0x0800d6f7   0x00000001   PAD
    0x0800d6f8   0x0800d6f8   0x000004c0   Data   RO          617    .constdata          ccsbcs.o
    0x0800dbb8   0x0800dbb8   0x000000ba   Data   RO          649    .constdata          ff.o
    0x0800dc72   0x0800dc72   0x00000002   PAD
    0x0800dc74   0x0800dc74   0x0000001c   Data   RO          750    .constdata          stm32f0_discovery.o
    0x0800dc90   0x0800dc90   0x00000011   Data   RO         1116    .constdata          c_p.l(__printf_flags_ss_wp.o)
    0x0800dca1   0x0800dca1   0x00000080   Data   RO         1140    .constdata          fz_ps.l(ddiv.o)
    0x0800dd21   0x0800dd21   0x00000003   PAD
    0x0800dd24   0x0800dd24   0x00000008   Data   RO         1170    .constdata          c_p.l(_printf_wctomb.o)
    0x0800dd2c   0x0800dd2c   0x00000028   Data   RO         1199    .constdata          c_p.l(_printf_hex_int_ll_ptr.o)
    0x0800dd54   0x0800dd54   0x00000094   Data   RO         1254    .constdata          c_p.l(bigflt0.o)
    0x0800dde8   0x0800dde8   0x000000a5   Data   RO          592    .conststring        iso_i2c_ee.o
    0x0800de8d   0x0800de8d   0x00000003   PAD
    0x0800de90   0x0800de90   0x0000008f   Data   RO          701    .conststring        sdlog.o
    0x0800df1f   0x0800df1f   0x00000001   PAD
    0x0800df20   0x0800df20   0x00000020   Data   RO         1423    Region$$Table       anon$$obj.o
    0x0800df40   0x0800df40   0x0000001c   Data   RO         1266    locale$$data        c_p.l(lc_numeric_c.o)
    0x0800df5c   0x0800df5c   0x00000110   Data   RO         1345    locale$$data        c_p.l(lc_ctype_c.o)


    Execution Region RW_IRAM1 (Exec base: 0x20000000, Load base: 0x0800e06c, Size: 0x00001730, Max: 0x00002000, ABSOLUTE, COMPRESSED[0x000001cc])

    Exec Addr    Load Addr    Size         Type   Attr      Idx    E Section Name        Object

    0x20000000   COMPRESSED   0x00000004   Data   RW            4    .data               main.o
    0x20000004   COMPRESSED   0x00000004   Data   RW          223    .data               delay.o
    0x20000008   COMPRESSED   0x00000001   Data   RW          250    .data               flags_timers.o
    0x20000009   COMPRESSED   0x00000001   Data   RW          253    .data               flags_timers.o
    0x2000000a   COMPRESSED   0x00000001   Data   RW          254    .data               flags_timers.o
    0x2000000b   COMPRESSED   0x00000001   Data   RW          255    .data               flags_timers.o
    0x2000000c   COMPRESSED   0x00000001   Data   RW          256    .data               flags_timers.o
    0x2000000d   COMPRESSED   0x00000001   Data   RW          387    .data               flags_timers.o
    0x2000000e   COMPRESSED   0x0000003e   Data   RW          428    .data               eeprom_data.o
    0x2000004c   COMPRESSED   0x00000004   Data   RW          429    .data               eeprom_data.o
    0x20000050   COMPRESSED   0x000001f6   Data   RW          430    .data               eeprom_data.o
    0x20000246   COMPRESSED   0x00000002   PAD
    0x20000248   COMPRESSED   0x00000004   Data   RW          431    .data               eeprom_data.o
    0x2000024c   COMPRESSED   0x00000001   Data   RW          432    .data               eeprom_data.o
    0x2000024d   COMPRESSED   0x00000001   Data   RW          433    .data               eeprom_data.o
    0x2000024e   COMPRESSED   0x0000000a   Data   RW          518    .data               modbus_slave.o
    0x20000258   COMPRESSED   0x00000200   Data   RW          550    .data               mbcrc.o
    0x20000458   COMPRESSED   0x00000008   Data   RW          593    .data               iso_i2c_ee.o
    0x20000460   COMPRESSED   0x00000008   Data   RW          650    .data               ff.o
    0x20000468   COMPRESSED   0x0000000c   Data   RW          678    .data               mmc_32f0.o
    0x20000474   COMPRESSED   0x00000010   Data   RW          702    .data               sdlog.o
    0x20000484   COMPRESSED   0x0000000c   Data   RW          751    .data               stm32f0_discovery.o
    0x20000490   COMPRESSED   0x00000008   Data   RW          784    .data               stm32f0xx_it.o
    0x20000498   COMPRESSED   0x00000014   Data   RW          810    .data               system_stm32f0xx.o
    0x200004ac   COMPRESSED   0x00000010   Data   RW          896    .data               stm32f0xx_rcc.o
    0x200004bc        -       0x00000138   Zero   RW          516    .bss                modbus_slave.o
    0x200005f4        -       0x0000000c   Zero   RW          569    .bss                rtc_stm.o
    0x20000600        -       0x00000200   Zero   RW          648    .bss                ff.o
    0x20000800        -       0x000008cc   Zero   RW          700    .bss                sdlog.o
    0x200010cc        -       0x00000060   Zero   RW         1274    .bss                c_p.l(libspace.o)
    0x2000112c   COMPRESSED   0x00000004   PAD
    0x20001130        -       0x00000200   Zero   RW          775    HEAP                startup_stm32f0xx.o
    0x20001330        -       0x00000400   Zero   RW          774    STACK               startup_stm32f0xx.o


==============================================================================

Image component sizes


      Code (inc. data)   RO Data    RW Data    ZI Data      Debug   Object Name

        92         12       1216          0          0       4369   ccsbcs.o
        40          6          0          4          0       1128   delay.o
         0          0          0        574          0      17577   eeprom_data.o
     15432       1776          0          0          0      28274   eeprom_profile.o
     11704        222        186          8        512      54684   ff.o
         0          0          0          6          0      11358   flags_timers.o
      2016        232        165          8          0       6650   iso_i2c_ee.o
      1152        332          0          4          0     272370   main.o
        56          8          0        512          0       1292   mbcrc.o
      1784         34          0         12          0       7569   mmc_32f0.o
      1092         38          0         10        312      12275   modbus_slave.o
       424         80          0          0         12       1716   rtc_stm.o
      1660        622        143         16       2252       6173   sdlog.o
       316         28          3          0          0       1428   setup.o
       116         56        192          0       1536        684   startup_stm32f0xx.o
       300         42         28         12          0       4035   stm32f0_discovery.o
       560         12          0          0          0       7595   stm32f0xx_adc.o
       208         12          0          0          0       2743   stm32f0xx_exti.o
       440         26          0          0          0       4321   stm32f0xx_gpio.o
       892         26          0          0          0      10594   stm32f0xx_i2c.o
        80         30          0          8          0       1217   stm32f0xx_it.o
       128         20          0          0          0       1744   stm32f0xx_misc.o
       240         10          0          0          0       2362   stm32f0xx_pwr.o
      1268         50          0         16          0       9950   stm32f0xx_rcc.o
      2352         66          0          0          0      16452   stm32f0xx_rtc.o
       196         10          0          0          0       2538   stm32f0xx_syscfg.o
      2544        124          0          0          0      25527   stm32f0xx_tim.o
      1268         40          0          0          0      13014   stm32f0xx_usart.o
       340         34          0         20          0       1987   system_stm32f0xx.o
       164          6          0          0          0       2803   util_prj.o
       180          6          0          0          0       1469   util_usart.o

    ----------------------------------------------------------------------
     47044       3960       1972       1212       4624     535898   Object Totals
         0          0         32          0          0          0   (incl. Generated)
         0          0          7          2          0          0   (incl. Padding)

    ----------------------------------------------------------------------

      Code (inc. data)   RO Data    RW Data    ZI Data      Debug   Library Member Name

        28          6          0          0          0         84   __2printf.o
        44          4          0          0          0         84   __2sprintf.o
        86          0          0          0          0          0   __dczerorl2.o
         8          0          0          0          0         68   __main.o
       392          6         17          0          0         76   __printf_flags_ss_wp.o
        14          0          0          0          0         60   __printf_wp.o
         0          0          0          0          0          0   __rtentry.o
        12          0          0          0          0          0   __rtentry2.o
         6          0          0          0          0          0   __rtentry4.o
        60          8          0          0          0          0   __scatter.o
        28          0          0          0          0          0   __scatter_zi.o
        10          0          0          0          0          0   _printf_a.o
        10          0          0          0          0          0   _printf_c.o
        46          0          0          0          0        100   _printf_char.o
        48          6          0          0          0         88   _printf_char_common.o
        40          6          0          0          0         72   _printf_char_file.o
        38          0          0          0          0         60   _printf_charcount.o
        10          0          0          0          0          0   _printf_d.o
       108         18          0          0          0         76   _printf_dec.o
        10          0          0          0          0          0   _printf_e.o
        10          0          0          0          0          0   _printf_f.o
      1048         14          0          0          0        176   _printf_fp_dec.o
       136         16          0          0          0         76   _printf_fp_infnan.o
        10          0          0          0          0          0   _printf_g.o
       152          4         40          0          0        148   _printf_hex_int_ll_ptr.o
        10          0          0          0          0          0   _printf_i.o
       176          0          0          0          0         84   _printf_intcommon.o
        10          0          0          0          0          0   _printf_l.o
        10          0          0          0          0          0   _printf_lc.o
        10          0          0          0          0          0   _printf_ll.o
        10          0          0          0          0          0   _printf_lld.o
        10          0          0          0          0          0   _printf_lli.o
        10          0          0          0          0          0   _printf_llo.o
        10          0          0          0          0          0   _printf_llu.o
        10          0          0          0          0          0   _printf_llx.o
       112         18          0          0          0         76   _printf_longlong_dec.o
        10          0          0          0          0          0   _printf_ls.o
        10          0          0          0          0          0   _printf_n.o
        10          0          0          0          0          0   _printf_o.o
       112         10          0          0          0        112   _printf_oct_int_ll.o
        10          0          0          0          0          0   _printf_p.o
        78          0          0          0          0        100   _printf_pad.o
         2          0          0          0          0          0   _printf_percent.o
         4          0          0          0          0          0   _printf_percent_end.o
        10          0          0          0          0          0   _printf_s.o
        82          0          0          0          0         72   _printf_str.o
        36          0          0          0          0         76   _printf_truncate.o
        10          0          0          0          0          0   _printf_u.o
        46          0          0          0          0        100   _printf_wchar.o
       188          6          8          0          0         80   _printf_wctomb.o
        10          0          0          0          0          0   _printf_x.o
        10          0          0          0          0         60   _sputc.o
        64          0          0          0          0         72   _wcrtomb.o
       488          0          0          0          0         92   aeabi_sdivfast.o
       216          6        148          0          0         80   bigflt0.o
      1456         30          0          0          0        336   btod.o
        28          6          0          0          0         84   c89printf.o
        16          0          0          0          0         68   exit.o
         8          0          0          0          0         60   ferror.o
         6          0          0          0          0        136   heapauxi.o
         0          0          0          0          0          0   indicate_semi.o
        44         10        272          0          0         76   lc_ctype_c.o
        44         10         28          0          0         76   lc_numeric_c.o
         2          0          0          0          0          0   libinit.o
        30          0          0          0          0          0   libinit2.o
         2          0          0          0          0          0   libshutdown.o
         2          0          0          0          0          0   libshutdown2.o
         8          4          0          0         96         68   libspace.o
       122          0          0          0          0         72   lludiv10.o
        16          4          0          0          0         76   rt_ctype_table.o
         8          4          0          0          0         68   rt_locale_intlibspace.o
        64          0          0          0          0        108   rt_memclr.o
        56          0          0          0          0         68   rt_memcpy.o
         2          0          0          0          0          0   rtexit.o
        10          0          0          0          0          0   rtexit2.o
        40          0          0          0          0         60   rtudiv10.o
       160          4          0          0          0         80   strcmpv6m.o
        12          4          0          0          0         60   sys_exit.o
        62          0          0          0          0         80   sys_stackheap_outer.o
         2          0          0          0          0         68   use_no_semi.o
       124          4          0          0          0         72   d2f.o
      1096         26        128          0          0        112   ddiv.o
        88          0          0          0          0         92   dflti.o
        84          4          0          0          0         60   f2d.o
        16          4          0          0          0         76   printf1.o
         0          0          0          0          0          0   usenofp.o
        44          4          0          0          0         60   fpclassify.o

    ----------------------------------------------------------------------
      7792        246        644          0        100       4288   Library Totals
        12          0          3          0          4          0   (incl. Padding)

    ----------------------------------------------------------------------

      Code (inc. data)   RO Data    RW Data    ZI Data      Debug   Library Name

      6328        204        513          0         96       3816   c_p.l
      1408         38        128          0          0        412   fz_ps.l
        44          4          0          0          0         60   m_ps.l

    ----------------------------------------------------------------------
      7792        246        644          0        100       4288   Library Totals

    ----------------------------------------------------------------------

==============================================================================


      Code (inc. data)   RO Data    RW Data    ZI Data      Debug   

     54836       4206       2616       1212       4724     535150   Grand Totals
     54836       4206       2616        460       4724     535150   ELF Image Totals (compressed)
     54836       4206       2616        460          0          0   ROM Totals

==============================================================================

    Total RO  Size (Code + RO Data)                57452 (  56.11kB)
    Total RW  Size (RW Data + ZI Data)              5936 (   5.80kB)
    Total ROM Size (Code + RO Data + RW Data)      57912 (  56.55kB)

==============================================================================

