Component: ARM Compiler 5.06 update 5 (build 528) Tool: armlink [4d35e2]

==============================================================================

Section Cross References

    main.o(.text) refers to _printf_percent.o(.ARM.Collect$$_printf_percent$$00000000) for _printf_percent
    main.o(.text) refers to _printf_d.o(.ARM.Collect$$_printf_percent$$00000009) for _printf_d
    main.o(.text) refers to _printf_dec.o(.text) for _printf_int_dec
    main.o(.text) refers to stm32f0xx_rtc.o(.text) for RTC_GetTime
    main.o(.text) refers to system_stm32f0xx.o(.text) for SystemInit
    main.o(.text) refers to aeabi_sdivfast.o(.text) for __aeabi_uidivmod
    main.o(.text) refers to stm32f0_discovery.o(.text) for STM_EVAL_LEDInit
    main.o(.text) refers to util_usart.o(.text) for init_usart2
    main.o(.text) refers to rtc_stm.o(.text) for RTC_Config_LSI
    main.o(.text) refers to iso_i2c_ee.o(.text) for I2C_EEPROM_24C0x_Init
    main.o(.text) refers to noretval__2printf.o(.text) for __2printf
    main.o(.text) refers to ff.o(.text) for f_mount
    main.o(.text) refers to main.o(.data) for .data
    main.o(.text) refers to system_stm32f0xx.o(.data) for SystemCoreClock
    main.o(.text) refers to main.o(.bss) for .bss
    main.o(.text) refers to main.o(.conststring) for .conststring
    main.o(.text) refers to stm32f0xx_it.o(.data) for flagLEDIndi
    util_prj.o(.text) refers to aeabi_sdivfast.o(.text) for __aeabi_uidivmod
    eeprom_data.o(.data) refers to eeprom_data.o(.data) for dummyInitTools
    eeprom_data.o(.data) refers to eeprom_data.o(.data) for dummyInitProfile
    eeprom_profile.o(.text) refers to iso_i2c_ee.o(.text) for I2C_EEPROM_24C0x_ReadStructTools
    eeprom_profile.o(.text) refers to eeprom_data.o(.data) for tools
    eeprom_profile.o(.text) refers to eeprom_data.o(.data) for profile
    modbus_slave.o(.text) refers to stm32f0xx_rcc.o(.text) for RCC_AHBPeriphClockCmd
    modbus_slave.o(.text) refers to stm32f0xx_gpio.o(.text) for GPIO_PinAFConfig
    modbus_slave.o(.text) refers to stm32f0xx_usart.o(.text) for USART_Init
    modbus_slave.o(.text) refers to stm32f0xx_tim.o(.text) for TIM_GetITStatus
    modbus_slave.o(.text) refers to stm32f0_discovery.o(.text) for STM_EVAL_LEDToggle
    modbus_slave.o(.text) refers to mbcrc.o(.text) for CRC16
    modbus_slave.o(.text) refers to eeprom_profile.o(.text) for eeprom_get_var
    modbus_slave.o(.text) refers to modbus_slave.o(.data) for .data
    modbus_slave.o(.text) refers to modbus_slave.o(.bss) for .bss
    mbcrc.o(.text) refers to mbcrc.o(.data) for .data
    rtc_stm.o(.text) refers to stm32f0xx_rcc.o(.text) for RCC_APB1PeriphClockCmd
    rtc_stm.o(.text) refers to stm32f0xx_rtc.o(.text) for RTC_Init
    rtc_stm.o(.text) refers to stm32f0xx_pwr.o(.text) for PWR_BackupAccessCmd
    rtc_stm.o(.text) refers to util_prj.o(.text) for get_ct_date_time
    rtc_stm.o(.text) refers to rtc_stm.o(.bss) for .bss
    iso_i2c_ee.o(.text) refers to _printf_percent.o(.ARM.Collect$$_printf_percent$$00000000) for _printf_percent
    iso_i2c_ee.o(.text) refers to _printf_s.o(.ARM.Collect$$_printf_percent$$00000014) for _printf_s
    iso_i2c_ee.o(.text) refers to _printf_str.o(.text) for _printf_str
    iso_i2c_ee.o(.text) refers to _printf_c.o(.ARM.Collect$$_printf_percent$$00000013) for _printf_c
    iso_i2c_ee.o(.text) refers to stm32f0xx_i2c.o(.text) for I2C_Cmd
    iso_i2c_ee.o(.text) refers to stm32f0xx_rcc.o(.text) for RCC_APB1PeriphClockCmd
    iso_i2c_ee.o(.text) refers to stm32f0xx_gpio.o(.text) for GPIO_Init
    iso_i2c_ee.o(.text) refers to aeabi_sdivfast.o(.text) for __aeabi_uidivmod
    iso_i2c_ee.o(.text) refers to iso_i2c_ee.o(.data) for .data
    iso_i2c_ee.o(.text) refers to rt_memcpy.o(.emb_text) for __aeabi_memcpy4
    iso_i2c_ee.o(.text) refers to noretval__2printf.o(.text) for __2printf
    iso_i2c_ee.o(.text) refers to iso_i2c_ee.o(.conststring) for .conststring
    ccsbcs.o(.text) refers to ccsbcs.o(.constdata) for .constdata
    ff.o(.text) refers to mmc_32f0.o(.text) for disk_write
    ff.o(.text) refers to ccsbcs.o(.text) for ff_wtoupper
    ff.o(.text) refers to aeabi_sdivfast.o(.text) for __aeabi_uidivmod
    ff.o(.text) refers to ff.o(.constdata) for .constdata
    ff.o(.text) refers to main.o(.text) for get_fattime
    ff.o(.text) refers to ff.o(.data) for .data
    ff.o(.text) refers to ff.o(.bss) for .bss
    mmc_32f0.o(.text) refers to mmc_32f0.o(.data) for .data
    util_usart.o(.text) refers to stm32f0xx_rcc.o(.text) for RCC_AHBPeriphClockCmd
    util_usart.o(.text) refers to stm32f0xx_gpio.o(.text) for GPIO_PinAFConfig
    util_usart.o(.text) refers to stm32f0xx_usart.o(.text) for USART_Init
    stm32f0_discovery.o(.text) refers to stm32f0xx_rcc.o(.text) for RCC_AHBPeriphClockCmd
    stm32f0_discovery.o(.text) refers to stm32f0xx_gpio.o(.text) for GPIO_Init
    stm32f0_discovery.o(.text) refers to stm32f0xx_syscfg.o(.text) for SYSCFG_EXTILineConfig
[...]
    .ARM.Collect$$libshutdown$$00000004      0x0800014a   Section        0  libshutdown2.o(.ARM.Collect$$libshutdown$$00000004)
    .ARM.Collect$$libshutdown$$00000007      0x0800014a   Section        0  libshutdown2.o(.ARM.Collect$$libshutdown$$00000007)
    .ARM.Collect$$libshutdown$$0000000A      0x0800014a   Section        0  libshutdown2.o(.ARM.Collect$$libshutdown$$0000000A)
    .ARM.Collect$$libshutdown$$0000000C      0x0800014a   Section        0  libshutdown2.o(.ARM.Collect$$libshutdown$$0000000C)
    .ARM.Collect$$libshutdown$$0000000F      0x0800014a   Section        0  libshutdown2.o(.ARM.Collect$$libshutdown$$0000000F)
    .ARM.Collect$$libshutdown$$00000010      0x0800014a   Section        2  libshutdown2.o(.ARM.Collect$$libshutdown$$00000010)
    .ARM.Collect$$rtentry$$00000000          0x0800014c   Section        0  __rtentry.o(.ARM.Collect$$rtentry$$00000000)
    .ARM.Collect$$rtentry$$00000002          0x0800014c   Section        0  __rtentry2.o(.ARM.Collect$$rtentry$$00000002)
    .ARM.Collect$$rtentry$$00000004          0x0800014c   Section        6  __rtentry4.o(.ARM.Collect$$rtentry$$00000004)
    .ARM.Collect$$rtentry$$00000009          0x08000152   Section        0  __rtentry2.o(.ARM.Collect$$rtentry$$00000009)
    .ARM.Collect$$rtentry$$0000000A          0x08000152   Section        4  __rtentry2.o(.ARM.Collect$$rtentry$$0000000A)
    .ARM.Collect$$rtentry$$0000000C          0x08000156   Section        0  __rtentry2.o(.ARM.Collect$$rtentry$$0000000C)
    .ARM.Collect$$rtentry$$0000000D          0x08000156   Section        8  __rtentry2.o(.ARM.Collect$$rtentry$$0000000D)
    .ARM.Collect$$rtexit$$00000000           0x0800015e   Section        2  rtexit.o(.ARM.Collect$$rtexit$$00000000)
    .ARM.Collect$$rtexit$$00000002           0x08000160   Section        0  rtexit2.o(.ARM.Collect$$rtexit$$00000002)
    .ARM.Collect$$rtexit$$00000003           0x08000160   Section        4  rtexit2.o(.ARM.Collect$$rtexit$$00000003)
    .ARM.Collect$$rtexit$$00000004           0x08000164   Section        6  rtexit2.o(.ARM.Collect$$rtexit$$00000004)
    .emb_text                                0x0800016c   Section       56  rt_memcpy.o(.emb_text)
    .text                                    0x080001a4   Section        0  main.o(.text)
    .text                                    0x08000384   Section        0  util_prj.o(.text)
    .text                                    0x080003ec   Section        0  eeprom_profile.o(.text)
    .text                                    0x08004034   Section        0  modbus_slave.o(.text)
    .text                                    0x08004478   Section        0  mbcrc.o(.text)
    .text                                    0x080044b0   Section        0  rtc_stm.o(.text)
    .text                                    0x08004598   Section        0  iso_i2c_ee.o(.text)
    .text                                    0x08004d78   Section        0  ccsbcs.o(.text)
    .text                                    0x08004dd4   Section        0  ff.o(.text)
    sync_window                              0x08004dd5   Thumb Code    84  ff.o(.text)
    sync_fs                                  0x08004e29   Thumb Code   138  ff.o(.text)
    get_fat                                  0x08004eb3   Thumb Code   188  ff.o(.text)
    put_fat                                  0x08004f6f   Thumb Code   246  ff.o(.text)
    remove_chain                             0x08005065   Thumb Code   120  ff.o(.text)
    create_chain                             0x080050dd   Thumb Code   178  ff.o(.text)
    dir_sdi                                  0x0800518f   Thumb Code   138  ff.o(.text)
    dir_next                                 0x08005219   Thumb Code   264  ff.o(.text)
    dir_read                                 0x08005321   Thumb Code   308  ff.o(.text)
    dir_find                                 0x08005455   Thumb Code   382  ff.o(.text)
    dir_register                             0x080055d3   Thumb Code   630  ff.o(.text)
    get_fileinfo                             0x08005849   Thumb Code   236  ff.o(.text)
    follow_path                              0x08005935   Thumb Code   798  ff.o(.text)
    find_volume                              0x08005c53   Thumb Code   748  ff.o(.text)
    validate                                 0x08005f3f   Thumb Code    54  ff.o(.text)
    putc_bfd                                 0x08007713   Thumb Code    58  ff.o(.text)
    ld_dword                                 0x08007a25   Thumb Code    22  ff.o(.text)
    st_dword                                 0x08007a3b   Thumb Code    16  ff.o(.text)
    move_window                              0x08007a4b   Thumb Code    52  ff.o(.text)
    clust2sect                               0x08007a7f   Thumb Code    24  ff.o(.text)
    ld_clust                                 0x08007a97   Thumb Code    30  ff.o(.text)
    st_clust                                 0x08007ab5   Thumb Code    26  ff.o(.text)
    get_ldnumber                             0x08007acf   Thumb Code    66  ff.o(.text)
    check_fs                                 0x08007b11   Thumb Code   106  ff.o(.text)
    .text                                    0x08007b8c   Section        0  mmc_32f0.o(.text)
    rcvr_datablock                           0x08007b8d   Thumb Code   114  mmc_32f0.o(.text)
    xmit_datablock                           0x08007bff   Thumb Code   148  mmc_32f0.o(.text)
    send_cmd                                 0x08007c93   Thumb Code   150  mmc_32f0.o(.text)
    xchg_spi                                 0x08008211   Thumb Code    18  mmc_32f0.o(.text)
    select                                   0x08008223   Thumb Code    62  mmc_32f0.o(.text)
    .text                                    0x0800826c   Section        0  util_usart.o(.text)
    .text                                    0x08008320   Section        0  stm32f0_discovery.o(.text)
    .text                                    0x0800844c   Section      116  startup_stm32f0xx.o(.text)
    .text                                    0x080084c0   Section        0  stm32f0xx_it.o(.text)
    .text                                    0x08008510   Section        0  system_stm32f0xx.o(.text)
    .text                                    0x08008664   Section        0  stm32f0xx_exti.o(.text)
    .text                                    0x08008734   Section        0  stm32f0xx_gpio.o(.text)
    .text                                    0x080088ec   Section        0  stm32f0xx_misc.o(.text)
    .text                                    0x0800896c   Section        0  stm32f0xx_rcc.o(.text)
    .text                                    0x08008e60   Section        0  stm32f0xx_syscfg.o(.text)
    .text                                    0x08008f24   Section        0  stm32f0xx_usart.o(.text)
    .text                                    0x08009418   Section        0  stm32f0xx_tim.o(.text)
    TI2_Config                               0x08009dab   Thumb Code    44  stm32f0xx_tim.o(.text)
    TI1_Config                               0x08009dd7   Thumb Code    42  stm32f0xx_tim.o(.text)
    .text                                    0x08009e08   Section        0  stm32f0xx_rtc.o(.text)
    RTC_ByteToBcd2                           0x0800a713   Thumb Code    26  stm32f0xx_rtc.o(.text)
    .text                                    0x0800a738   Section        0  stm32f0xx_pwr.o(.text)
    .text                                    0x0800a828   Section        0  stm32f0xx_i2c.o(.text)
    .text                                    0x0800aba4   Section        0  noretval__2printf.o(.text)
    .text                                    0x0800abc0   Section        0  __printf.o(.text)
    .text                                    0x0800ac2c   Section        0  _printf_str.o(.text)
    .text                                    0x0800ac80   Section        0  _printf_dec.o(.text)
    .text                                    0x0800acec   Section      488  aeabi_sdivfast.o(.text)
    .text                                    0x0800aed4   Section        0  heapauxi.o(.text)
    .text                                    0x0800aeda   Section        0  _printf_intcommon.o(.text)
    .text                                    0x0800af8a   Section        0  _printf_char.o(.text)
    .text                                    0x0800afb8   Section        0  _printf_char_file.o(.text)
    .text                                    0x0800afe0   Section        0  rtudiv10.o(.text)
    .text                                    0x0800b008   Section        0  _printf_char_common.o(.text)
    _printf_input_char                       0x0800b009   Thumb Code    10  _printf_char_common.o(.text)
    .text                                    0x0800b038   Section        0  ferror.o(.text)
    .text                                    0x0800b040   Section       62  sys_stackheap_outer.o(.text)
    .text                                    0x0800b07e   Section        0  exit.o(.text)
    .text                                    0x0800b090   Section        8  libspace.o(.text)
    .text                                    0x0800b098   Section        0  sys_exit.o(.text)
    .text                                    0x0800b0a4   Section        2  use_no_semi.o(.text)
    .text                                    0x0800b0a6   Section        0  __dczerorl2.o(.text)
    .text                                    0x0800b0a6   Section        0  indicate_semi.o(.text)
    .constdata                               0x0800b0fc   Section     1216  ccsbcs.o(.constdata)
    Tbl                                      0x0800b0fc   Data         256  ccsbcs.o(.constdata)
    tbl_lower                                0x0800b1fc   Data         480  ccsbcs.o(.constdata)
    tbl_upper                                0x0800b3dc   Data         480  ccsbcs.o(.constdata)
    .constdata                               0x0800b5bc   Section      186  ff.o(.constdata)
    ExCvt                                    0x0800b5bc   Data         128  ff.o(.constdata)
    LfnOfs                                   0x0800b63c   Data          13  ff.o(.constdata)
    badchr                                   0x0800b649   Data          16  ff.o(.constdata)
    cst                                      0x0800b65a   Data          14  ff.o(.constdata)
    cst32                                    0x0800b668   Data          14  ff.o(.constdata)
    .constdata                               0x0800b678   Section       28  stm32f0_discovery.o(.constdata)
    .conststring                             0x0800b694   Section       72  main.o(.conststring)
    .conststring                             0x0800b6dc   Section      165  iso_i2c_ee.o(.conststring)
    .data                                    0x20000000   Section        4  main.o(.data)
    TimingDelay                              0x20000000   Data           4  main.o(.data)
    .data                                    0x20000004   Section        4  main.o(.data)
    .data                                    0x20000008   Section       62  eeprom_data.o(.data)
    .data                                    0x20000048   Section        4  eeprom_data.o(.data)
    .data                                    0x2000004c   Section      496  eeprom_data.o(.data)
    .data                                    0x2000023c   Section        4  eeprom_data.o(.data)
    .data                                    0x20000240   Section       10  modbus_slave.o(.data)
    .data                                    0x2000024a   Section      512  mbcrc.o(.data)
    auchCRCHi                                0x2000024a   Data         256  mbcrc.o(.data)
    auchCRCLo                                0x2000034a   Data         256  mbcrc.o(.data)
    .data                                    0x2000044c   Section        8  iso_i2c_ee.o(.data)
    .data                                    0x20000454   Section        8  ff.o(.data)
    Fsid                                     0x20000454   Data           2  ff.o(.data)
    FatFs                                    0x20000458   Data           4  ff.o(.data)
    .data                                    0x2000045c   Section       12  mmc_32f0.o(.data)
    Stat                                     0x2000045c   Data           1  mmc_32f0.o(.data)
    CardType                                 0x2000045d   Data           1  mmc_32f0.o(.data)
    Timer1                                   0x20000460   Data           4  mmc_32f0.o(.data)
    Timer2                                   0x20000464   Data           4  mmc_32f0.o(.data)
    .data                                    0x20000468   Section       12  stm32f0_discovery.o(.data)
    .data                                    0x20000474   Section        8  stm32f0xx_it.o(.data)
    tmrTmpVal                                0x20000478   Data           4  stm32f0xx_it.o(.data)
    .data                                    0x2000047c   Section       20  system_stm32f0xx.o(.data)
    .data                                    0x20000490   Section       16  stm32f0xx_rcc.o(.data)
    APBAHBPrescTable                         0x20000490   Data          16  stm32f0xx_rcc.o(.data)
    .bss                                     0x200004a0   Section     1120  main.o(.bss)
    .bss                                     0x20000900   Section      312  modbus_slave.o(.bss)
    .bss                                     0x20000a38   Section       12  rtc_stm.o(.bss)
    .bss                                     0x20000a44   Section      512  ff.o(.bss)
    LfnBuf                                   0x20000a44   Data         512  ff.o(.bss)
    .bss                                     0x20000c44   Section       96  libspace.o(.bss)
    HEAP                                     0x20000ca8   Section      512  startup_stm32f0xx.o(HEAP)
    Heap_Mem                                 0x20000ca8   Data         512  startup_stm32f0xx.o(HEAP)
    STACK                                    0x20000ea8   Section     1024  startup_stm32f0xx.o(STACK)
    Stack_Mem                                0x20000ea8   Data        1024  startup_stm32f0xx.o(STACK)
    __initial_sp                             0x200012a8   Data           0  startup_stm32f0xx.o(STACK)

    Global Symbols

    Symbol Name                              Value     Ov Type        Size  Object(Section)

    BuildAttributes$$THM_ISAv3M$S$PE$A:L22$X:L11$S22$IEEE1$IW$USESV6$~STKCKD$USESV7$~SHL$OTIME$ROPI$EBA8$UX$STANDARDLIB$REQ8$PRES8$EABIv2 0x00000000   Number         0  anon$$obj.o ABSOLUTE
    __ARM_use_no_argv                        0x00000000   Number         0  main.o ABSOLUTE
    __ARM_exceptions_init                     - Undefined Weak Reference
    __alloca_initialize                       - Undefined Weak Reference
    __arm_preinit_                            - Undefined Weak Reference
    __cpp_initialize__aeabi_                  - Undefined Weak Reference
    __cxa_finalize                            - Undefined Weak Reference
    __rt_locale                               - Undefined Weak Reference
    __sigvec_lookup                           - Undefined Weak Reference
    _atexit_init                              - Undefined Weak Reference
    _call_atexit_fns                          - Undefined Weak Reference
    _clock_init                               - Undefined Weak Reference
    _fp_trap_init                             - Undefined Weak Reference
    _fp_trap_shutdown                         - Undefined Weak Reference
    _get_lc_collate                           - Undefined Weak Reference
    _get_lc_ctype                             - Undefined Weak Reference
    _get_lc_monetary                          - Undefined Weak Reference
    _get_lc_numeric                           - Undefined Weak Reference
    _get_lc_time                              - Undefined Weak Reference
    _getenv_init                              - Undefined Weak Reference
    _handle_redirection                       - Undefined Weak Reference
    _init_alloc                               - Undefined Weak Reference
    _init_user_alloc                          - Undefined Weak Reference
    _initio                                   - Undefined Weak Reference
    _mutex_acquire                            - Undefined Weak Reference
    _mutex_release                            - Undefined Weak Reference
    _printf_mbtowc                            - Undefined Weak Reference
    _printf_post_padding                      - Undefined Weak Reference
    _printf_pre_padding                       - Undefined Weak Reference
    _printf_truncate_signed                   - Undefined Weak Reference
    _printf_truncate_unsigned                 - Undefined Weak Reference
    _rand_init                                - Undefined Weak Reference
    _signal_finish                            - Undefined Weak Reference
    _signal_init                              - Undefined Weak Reference
    _terminate_alloc                          - Undefined Weak Reference
    _terminate_user_alloc                     - Undefined Weak Reference
    _terminateio                              - Undefined Weak Reference
    __Vectors_Size                           0x000000c0   Number         0  startup_stm32f0xx.o ABSOLUTE
    __Vectors                                0x08000000   Data           4  startup_stm32f0xx.o(RESET)
    __Vectors_End                            0x080000c0   Data           0  startup_stm32f0xx.o(RESET)
    __main                                   0x080000c1   Thumb Code     8  __main.o(!!!main)
    __scatterload                            0x080000c9   Thumb Code     0  __scatter.o(!!!scatter)
    __scatterload_rt2                        0x080000c9   Thumb Code    52  __scatter.o(!!!scatter)
    __scatterload_rt2_thumb_only             0x080000c9   Thumb Code     0  __scatter.o(!!!scatter)
    __scatterload_null                       0x080000d9   Thumb Code     0  __scatter.o(!!!scatter)
    __scatterload_zeroinit                   0x08000105   Thumb Code    28  __scatter_zi.o(!!handler_zi)
    _printf_percent                          0x08000121   Thumb Code     0  _printf_percent.o(.ARM.Collect$$_printf_percent$$00000000)
    _printf_d                                0x08000123   Thumb Code     0  _printf_d.o(.ARM.Collect$$_printf_percent$$00000009)
    _printf_c                                0x0800012d   Thumb Code     0  _printf_c.o(.ARM.Collect$$_printf_percent$$00000013)
    _printf_s                                0x08000137   Thumb Code     0  _printf_s.o(.ARM.Collect$$_printf_percent$$00000014)
    _printf_percent_end                      0x08000141   Thumb Code     0  _printf_percent_end.o(.ARM.Collect$$_printf_percent$$00000017)
    __rt_lib_init                            0x08000145   Thumb Code     0  libinit.o(.ARM.Collect$$libinit$$00000000)
    __rt_lib_init_alloca_1                   0x08000147   Thumb Code     0  libinit2.o(.ARM.Collect$$libinit$$0000002E)
    __rt_lib_init_argv_1                     0x08000147   Thumb Code     0  libinit2.o(.ARM.Collect$$libinit$$0000002C)
    __rt_lib_init_atexit_1                   0x08000147   Thumb Code     0  libinit2.o(.ARM.Collect$$libinit$$0000001B)
    __rt_lib_init_clock_1                    0x08000147   Thumb Code     0  libinit2.o(.ARM.Collect$$libinit$$00000021)
    __rt_lib_init_cpp_1                      0x08000147   Thumb Code     0  libinit2.o(.ARM.Collect$$libinit$$00000032)
    __rt_lib_init_exceptions_1               0x08000147   Thumb Code     0  libinit2.o(.ARM.Collect$$libinit$$00000030)
    __rt_lib_init_fp_1                       0x08000147   Thumb Code     0  libinit2.o(.ARM.Collect$$libinit$$00000002)
    __rt_lib_init_fp_trap_1                  0x08000147   Thumb Code     0  libinit2.o(.ARM.Collect$$libinit$$0000001F)
    __rt_lib_init_getenv_1                   0x08000147   Thumb Code     0  libinit2.o(.ARM.Collect$$libinit$$00000023)
    __rt_lib_init_heap_1                     0x08000147   Thumb Code     0  libinit2.o(.ARM.Collect$$libinit$$0000000A)
    __rt_lib_init_lc_collate_1               0x08000147   Thumb Code     0  libinit2.o(.ARM.Collect$$libinit$$00000011)
    __rt_lib_init_lc_ctype_1                 0x08000147   Thumb Code     0  libinit2.o(.ARM.Collect$$libinit$$00000013)
    __rt_lib_init_lc_monetary_1              0x08000147   Thumb Code     0  libinit2.o(.ARM.Collect$$libinit$$00000015)
    __rt_lib_init_lc_numeric_1               0x08000147   Thumb Code     0  libinit2.o(.ARM.Collect$$libinit$$00000017)
    __rt_lib_init_lc_time_1                  0x08000147   Thumb Code     0  libinit2.o(.ARM.Collect$$libinit$$00000019)
    __rt_lib_init_preinit_1                  0x08000147   Thumb Code     0  libinit2.o(.ARM.Collect$$libinit$$00000004)
    __rt_lib_init_rand_1                     0x08000147   Thumb Code     0  libinit2.o(.ARM.Collect$$libinit$$0000000E)
    __rt_lib_init_return                     0x08000147   Thumb Code     0  libinit2.o(.ARM.Collect$$libinit$$00000033)
    __rt_lib_init_signal_1                   0x08000147   Thumb Code     0  libinit2.o(.ARM.Collect$$libinit$$0000001D)
    __rt_lib_init_stdio_1                    0x08000147   Thumb Code     0  libinit2.o(.ARM.Collect$$libinit$$00000025)
    __rt_lib_init_user_alloc_1               0x08000147   Thumb Code     0  libinit2.o(.ARM.Collect$$libinit$$0000000C)
    __rt_lib_shutdown                        0x08000149   Thumb Code     0  libshutdown.o(.ARM.Collect$$libshutdown$$00000000)
    __rt_lib_shutdown_cpp_1                  0x0800014b   Thumb Code     0  libshutdown2.o(.ARM.Collect$$libshutdown$$00000002)
    __rt_lib_shutdown_fp_trap_1              0x0800014b   Thumb Code     0  libshutdown2.o(.ARM.Collect$$libshutdown$$00000007)
    __rt_lib_shutdown_heap_1                 0x0800014b   Thumb Code     0  libshutdown2.o(.ARM.Collect$$libshutdown$$0000000F)
    __rt_lib_shutdown_return                 0x0800014b   Thumb Code     0  libshutdown2.o(.ARM.Collect$$libshutdown$$00000010)
    __rt_lib_shutdown_signal_1               0x0800014b   Thumb Code     0  libshutdown2.o(.ARM.Collect$$libshutdown$$0000000A)
    __rt_lib_shutdown_stdio_1                0x0800014b   Thumb Code     0  libshutdown2.o(.ARM.Collect$$libshutdown$$00000004)
    __rt_lib_shutdown_user_alloc_1           0x0800014b   Thumb Code     0  libshutdown2.o(.ARM.Collect$$libshutdown$$0000000C)
    __rt_entry                               0x0800014d   Thumb Code     0  __rtentry.o(.ARM.Collect$$rtentry$$00000000)
    __rt_entry_presh_1                       0x0800014d   Thumb Code     0  __rtentry2.o(.ARM.Collect$$rtentry$$00000002)
    __rt_entry_sh                            0x0800014d   Thumb Code     0  __rtentry4.o(.ARM.Collect$$rtentry$$00000004)
    __rt_entry_li                            0x08000153   Thumb Code     0  __rtentry2.o(.ARM.Collect$$rtentry$$0000000A)
    __rt_entry_postsh_1                      0x08000153   Thumb Code     0  __rtentry2.o(.ARM.Collect$$rtentry$$00000009)
    __rt_entry_main                          0x08000157   Thumb Code     0  __rtentry2.o(.ARM.Collect$$rtentry$$0000000D)
    __rt_entry_postli_1                      0x08000157   Thumb Code     0  __rtentry2.o(.ARM.Collect$$rtentry$$0000000C)
    __rt_exit                                0x0800015f   Thumb Code     0  rtexit.o(.ARM.Collect$$rtexit$$00000000)
    __rt_exit_ls                             0x08000161   Thumb Code     0  rtexit2.o(.ARM.Collect$$rtexit$$00000003)
    __rt_exit_prels_1                        0x08000161   Thumb Code     0  rtexit2.o(.ARM.Collect$$rtexit$$00000002)
    __rt_exit_exit                           0x08000165   Thumb Code     0  rtexit2.o(.ARM.Collect$$rtexit$$00000004)
    __aeabi_memcpy4                          0x0800016d   Thumb Code    56  rt_memcpy.o(.emb_text)
    __aeabi_memcpy8                          0x0800016d   Thumb Code     0  rt_memcpy.o(.emb_text)
    Delay                                    0x080001a5   Thumb Code    18  main.o(.text)
    TimingDelay_Decrement                    0x080001b7   Thumb Code    16  main.o(.text)
    get_fattime                              0x080001c7   Thumb Code    76  main.o(.text)
    main                                     0x08000213   Thumb Code   208  main.o(.text)
    get_ct_date_time                         0x08000385   Thumb Code    94  util_prj.o(.text)
    eeprom_get_var                           0x080003ed   Thumb Code  8846  eeprom_profile.o(.text)
    set_profile_vals                         0x0800267b   Thumb Code  4938  eeprom_profile.o(.text)
    eeprom_set_var                           0x080039c5   Thumb Code  1602  eeprom_profile.o(.text)
    initUsartModbus                          0x08004035   Thumb Code   132  modbus_slave.o(.text)
    InitializeTimerRxTimeout                 0x080040b9   Thumb Code    20  modbus_slave.o(.text)
    usartPutc                                0x080040cd   Thumb Code    28  modbus_slave.o(.text)
    TIM2_IRQHandler                          0x080040e9   Thumb Code    70  modbus_slave.o(.text)
    USART1_IRQHandler                        0x0800412f   Thumb Code   120  modbus_slave.o(.text)
    sendPacket                               0x080041a7   Thumb Code    46  modbus_slave.o(.text)
    exceptionResponse                        0x080041d5   Thumb Code    56  modbus_slave.o(.text)
    modbus_update                            0x0800420d   Thumb Code   558  modbus_slave.o(.text)
    init_modbus                              0x0800443b   Thumb Code    24  modbus_slave.o(.text)
    CRC16                                    0x08004479   Thumb Code    48  mbcrc.o(.text)
    RTC_Config_LSE                           0x080044b1   Thumb Code    86  rtc_stm.o(.text)
    RTC_Config_LSI                           0x08004507   Thumb Code   140  rtc_stm.o(.text)
    I2C_EEPROM_24C0x_DeInit                  0x08004599   Thumb Code    66  iso_i2c_ee.o(.text)
    I2C_EEPROM_24C0x_Init                    0x080045db   Thumb Code   128  iso_i2c_ee.o(.text)
    sEE_TIMEOUT_UserCallback                 0x0800465b   Thumb Code    14  iso_i2c_ee.o(.text)
    sEE_ReadBuffer                           0x08004669   Thumb Code   702  iso_i2c_ee.o(.text)
    sEE_WritePage                            0x08004927   Thumb Code   360  iso_i2c_ee.o(.text)
    sEE_WaitEepromStandbyState               0x08004a8f   Thumb Code   110  iso_i2c_ee.o(.text)
    sEE_WriteBuffer                          0x08004afd   Thumb Code   294  iso_i2c_ee.o(.text)
    I2C_EEPROM_24C0x_WriteStructTools        0x08004c23   Thumb Code     2  iso_i2c_ee.o(.text)
    I2C_EEPROM_24C0x_ReadStructTools         0x08004c25   Thumb Code     8  iso_i2c_ee.o(.text)
    I2C_EEPROM_24C0x_WriteStructProfile      0x08004c2d   Thumb Code     2  iso_i2c_ee.o(.text)
    I2C_EEPROM_24C0x_ReadStructProfile       0x08004c2f   Thumb Code     8  iso_i2c_ee.o(.text)
    I2C_EEPROM_24C0x_WriteAndRead            0x08004c37   Thumb Code   106  iso_i2c_ee.o(.text)
    ff_convert                               0x08004d79   Thumb Code    52  ccsbcs.o(.text)
    ff_wtoupper                              0x08004dad   Thumb Code    28  ccsbcs.o(.text)
    f_mount                                  0x08005f75   Thumb Code    78  ff.o(.text)
    f_open                                   0x08005fc3   Thumb Code   490  ff.o(.text)
    f_read                                   0x080061ad   Thumb Code   372  ff.o(.text)
    f_write                                  0x08006321   Thumb Code   434  ff.o(.text)
    f_sync                                   0x080064d3   Thumb Code   144  ff.o(.text)
    f_close                                  0x08006563   Thumb Code    30  ff.o(.text)
    f_chdir                                  0x08006581   Thumb Code    86  ff.o(.text)
    f_getcwd                                 0x080065d7   Thumb Code   292  ff.o(.text)
    f_lseek                                  0x080066fb   Thumb Code   340  ff.o(.text)
    f_opendir                                0x0800684f   Thumb Code   102  ff.o(.text)
    f_closedir                               0x080068b5   Thumb Code    20  ff.o(.text)
    f_readdir                                0x080068c9   Thumb Code    70  ff.o(.text)
    f_stat                                   0x0800690f   Thumb Code    62  ff.o(.text)
    f_getfree                                0x0800694d   Thumb Code   208  ff.o(.text)
    f_truncate                               0x08006a1d   Thumb Code   170  ff.o(.text)
    f_unlink                                 0x08006ac7   Thumb Code   232  ff.o(.text)
    f_mkdir                                  0x08006baf   Thumb Code   366  ff.o(.text)
    f_rename                                 0x08006d1d   Thumb Code   344  ff.o(.text)
    f_chmod                                  0x08006e75   Thumb Code    86  ff.o(.text)
    f_utime                                  0x08006ecb   Thumb Code    80  ff.o(.text)
    f_getlabel                               0x08006f1b   Thumb Code   156  ff.o(.text)
    f_setlabel                               0x08006fb7   Thumb Code   374  ff.o(.text)
    f_mkfs                                   0x0800712d   Thumb Code  1438  ff.o(.text)
    f_gets                                   0x080076cb   Thumb Code    72  ff.o(.text)
    f_putc                                   0x0800774d   Thumb Code    66  ff.o(.text)
    f_puts                                   0x0800778f   Thumb Code    82  ff.o(.text)
    f_printf                                 0x080077e1   Thumb Code   580  ff.o(.text)
    disk_initialize                          0x08007d29   Thumb Code   404  mmc_32f0.o(.text)
    disk_status                              0x08007ebd   Thumb Code    14  mmc_32f0.o(.text)
    disk_read                                0x08007ecb   Thumb Code   146  mmc_32f0.o(.text)
    disk_write                               0x08007f5d   Thumb Code   196  mmc_32f0.o(.text)
    disk_ioctl                               0x08008021   Thumb Code   456  mmc_32f0.o(.text)
    disk_timerproc                           0x080081e9   Thumb Code    40  mmc_32f0.o(.text)
    init_usart2                              0x0800826d   Thumb Code   114  util_usart.o(.text)
    usart2_putchar                           0x080082df   Thumb Code    28  util_usart.o(.text)
    fputc                                    0x080082fb   Thumb Code    32  util_usart.o(.text)
    STM_EVAL_LEDInit                         0x08008321   Thumb Code    54  stm32f0_discovery.o(.text)
    STM_EVAL_LEDOn                           0x08008357   Thumb Code    16  stm32f0_discovery.o(.text)
    STM_EVAL_LEDOff                          0x08008367   Thumb Code    16  stm32f0_discovery.o(.text)
    STM_EVAL_LEDToggle                       0x08008377   Thumb Code    20  stm32f0_discovery.o(.text)
    STM_EVAL_PBInit                          0x0800838b   Thumb Code   132  stm32f0_discovery.o(.text)
    STM_EVAL_PBGetState                      0x0800840f   Thumb Code    20  stm32f0_discovery.o(.text)
    Reset_Handler                            0x0800844d   Thumb Code    38  startup_stm32f0xx.o(.text)
    ADC1_COMP_IRQHandler                     0x0800847d   Thumb Code     0  startup_stm32f0xx.o(.text)
    CEC_IRQHandler                           0x0800847d   Thumb Code     0  startup_stm32f0xx.o(.text)
    DMA1_Channel1_IRQHandler                 0x0800847d   Thumb Code     0  startup_stm32f0xx.o(.text)
    DMA1_Channel2_3_IRQHandler               0x0800847d   Thumb Code     0  startup_stm32f0xx.o(.text)
    DMA1_Channel4_5_IRQHandler               0x0800847d   Thumb Code     0  startup_stm32f0xx.o(.text)
    EXTI0_1_IRQHandler                       0x0800847d   Thumb Code     0  startup_stm32f0xx.o(.text)
    EXTI2_3_IRQHandler                       0x0800847d   Thumb Code     0  startup_stm32f0xx.o(.text)
    EXTI4_15_IRQHandler                      0x0800847d   Thumb Code     0  startup_stm32f0xx.o(.text)
    FLASH_IRQHandler                         0x0800847d   Thumb Code     0  startup_stm32f0xx.o(.text)
    I2C1_IRQHandler                          0x0800847d   Thumb Code     0  startup_stm32f0xx.o(.text)
    I2C2_IRQHandler                          0x0800847d   Thumb Code     0  startup_stm32f0xx.o(.text)
    PVD_IRQHandler                           0x0800847d   Thumb Code     0  startup_stm32f0xx.o(.text)
    RCC_IRQHandler                           0x0800847d   Thumb Code     0  startup_stm32f0xx.o(.text)
    RTC_IRQHandler                           0x0800847d   Thumb Code     0  startup_stm32f0xx.o(.text)
    SPI1_IRQHandler                          0x0800847d   Thumb Code     0  startup_stm32f0xx.o(.text)
    SPI2_IRQHandler                          0x0800847d   Thumb Code     0  startup_stm32f0xx.o(.text)
    TIM14_IRQHandler                         0x0800847d   Thumb Code     0  startup_stm32f0xx.o(.text)
    TIM15_IRQHandler                         0x0800847d   Thumb Code     0  startup_stm32f0xx.o(.text)
    TIM16_IRQHandler                         0x0800847d   Thumb Code     0  startup_stm32f0xx.o(.text)
    TIM17_IRQHandler                         0x0800847d   Thumb Code     0  startup_stm32f0xx.o(.text)
    TIM1_BRK_UP_TRG_COM_IRQHandler           0x0800847d   Thumb Code     0  startup_stm32f0xx.o(.text)
    TIM1_CC_IRQHandler                       0x0800847d   Thumb Code     0  startup_stm32f0xx.o(.text)
    TIM3_IRQHandler                          0x0800847d   Thumb Code     0  startup_stm32f0xx.o(.text)
    TIM6_DAC_IRQHandler                      0x0800847d   Thumb Code     0  startup_stm32f0xx.o(.text)
    TS_IRQHandler                            0x0800847d   Thumb Code     0  startup_stm32f0xx.o(.text)
    USART2_IRQHandler                        0x0800847d   Thumb Code     0  startup_stm32f0xx.o(.text)
    WWDG_IRQHandler                          0x0800847d   Thumb Code     0  startup_stm32f0xx.o(.text)
    __user_initial_stackheap                 0x08008481   Thumb Code     0  startup_stm32f0xx.o(.text)
    NMI_Handler                              0x080084c1   Thumb Code     2  stm32f0xx_it.o(.text)
    HardFault_Handler                        0x080084c3   Thumb Code     8  stm32f0xx_it.o(.text)
    SVC_Handler                              0x080084cb   Thumb Code     2  stm32f0xx_it.o(.text)
    PendSV_Handler                           0x080084cd   Thumb Code     2  stm32f0xx_it.o(.text)
    SysTick_Handler                          0x080084cf   Thumb Code    36  stm32f0xx_it.o(.text)
    SystemInit                               0x08008511   Thumb Code   216  system_stm32f0xx.o(.text)
    SystemCoreClockUpdate                    0x080085e9   Thumb Code    90  system_stm32f0xx.o(.text)
    EXTI_DeInit                              0x08008665   Thumb Code    20  stm32f0xx_exti.o(.text)
    EXTI_Init                                0x08008679   Thumb Code   108  stm32f0xx_exti.o(.text)
    EXTI_StructInit                          0x080086e5   Thumb Code    14  stm32f0xx_exti.o(.text)
    EXTI_GenerateSWInterrupt                 0x080086f3   Thumb Code    10  stm32f0xx_exti.o(.text)
    EXTI_GetFlagStatus                       0x080086fd   Thumb Code    16  stm32f0xx_exti.o(.text)
    EXTI_ClearFlag                           0x0800870d   Thumb Code     6  stm32f0xx_exti.o(.text)
    EXTI_GetITStatus                         0x08008713   Thumb Code    16  stm32f0xx_exti.o(.text)
    EXTI_ClearITPendingBit                   0x08008723   Thumb Code     6  stm32f0xx_exti.o(.text)
    GPIO_DeInit                              0x08008735   Thumb Code   160  stm32f0xx_gpio.o(.text)
    GPIO_Init                                0x080087d5   Thumb Code   114  stm32f0xx_gpio.o(.text)
    GPIO_StructInit                          0x08008847   Thumb Code    18  stm32f0xx_gpio.o(.text)
    GPIO_PinLockConfig                       0x08008859   Thumb Code    28  stm32f0xx_gpio.o(.text)
    GPIO_ReadInputDataBit                    0x08008875   Thumb Code    14  stm32f0xx_gpio.o(.text)
    GPIO_ReadInputData                       0x08008883   Thumb Code     4  stm32f0xx_gpio.o(.text)
    GPIO_ReadOutputDataBit                   0x08008887   Thumb Code    14  stm32f0xx_gpio.o(.text)
    GPIO_ReadOutputData                      0x08008895   Thumb Code     4  stm32f0xx_gpio.o(.text)
    GPIO_SetBits                             0x08008899   Thumb Code     4  stm32f0xx_gpio.o(.text)
    GPIO_ResetBits                           0x0800889d   Thumb Code     4  stm32f0xx_gpio.o(.text)
    GPIO_WriteBit                            0x080088a1   Thumb Code    12  stm32f0xx_gpio.o(.text)
    GPIO_Write                               0x080088ad   Thumb Code     4  stm32f0xx_gpio.o(.text)
    GPIO_PinAFConfig                         0x080088b1   Thumb Code    34  stm32f0xx_gpio.o(.text)
    NVIC_Init                                0x080088ed   Thumb Code    70  stm32f0xx_misc.o(.text)
    NVIC_SystemLPConfig                      0x08008933   Thumb Code    18  stm32f0xx_misc.o(.text)
    SysTick_CLKSourceConfig                  0x08008945   Thumb Code    20  stm32f0xx_misc.o(.text)
    RCC_DeInit                               0x0800896d   Thumb Code    76  stm32f0xx_rcc.o(.text)
    RCC_HSEConfig                            0x080089b9   Thumb Code    10  stm32f0xx_rcc.o(.text)
    RCC_GetFlagStatus                        0x080089c3   Thumb Code    48  stm32f0xx_rcc.o(.text)
    RCC_WaitForHSEStartUp                    0x080089f3   Thumb Code    54  stm32f0xx_rcc.o(.text)
    RCC_AdjustHSICalibrationValue            0x08008a29   Thumb Code    16  stm32f0xx_rcc.o(.text)
    RCC_HSICmd                               0x08008a39   Thumb Code    22  stm32f0xx_rcc.o(.text)
    RCC_AdjustHSI14CalibrationValue          0x08008a4f   Thumb Code    16  stm32f0xx_rcc.o(.text)
    RCC_HSI14Cmd                             0x08008a5f   Thumb Code    22  stm32f0xx_rcc.o(.text)
    RCC_HSI14ADCRequestCmd                   0x08008a75   Thumb Code    20  stm32f0xx_rcc.o(.text)
    RCC_LSEConfig                            0x08008a89   Thumb Code    26  stm32f0xx_rcc.o(.text)
    RCC_LSEDriveConfig                       0x08008aa3   Thumb Code    18  stm32f0xx_rcc.o(.text)
    RCC_LSICmd                               0x08008ab5   Thumb Code    22  stm32f0xx_rcc.o(.text)
    RCC_PLLConfig                            0x08008acb   Thumb Code    26  stm32f0xx_rcc.o(.text)
    RCC_PLLCmd                               0x08008ae5   Thumb Code    22  stm32f0xx_rcc.o(.text)
    RCC_HSI48Cmd                             0x08008afb   Thumb Code    22  stm32f0xx_rcc.o(.text)
    RCC_PREDIV1Config                        0x08008b11   Thumb Code    14  stm32f0xx_rcc.o(.text)
    RCC_ClockSecuritySystemCmd               0x08008b1f   Thumb Code    22  stm32f0xx_rcc.o(.text)
    RCC_MCOConfig                            0x08008b35   Thumb Code     6  stm32f0xx_rcc.o(.text)
    RCC_SYSCLKConfig                         0x08008b3b   Thumb Code    14  stm32f0xx_rcc.o(.text)
    RCC_GetSYSCLKSource                      0x08008b49   Thumb Code    10  stm32f0xx_rcc.o(.text)
    RCC_HCLKConfig                           0x08008b53   Thumb Code    14  stm32f0xx_rcc.o(.text)
    RCC_PCLKConfig                           0x08008b61   Thumb Code    16  stm32f0xx_rcc.o(.text)
    RCC_ADCCLKConfig                         0x08008b71   Thumb Code    38  stm32f0xx_rcc.o(.text)
    RCC_CECCLKConfig                         0x08008b97   Thumb Code    18  stm32f0xx_rcc.o(.text)
    RCC_I2CCLKConfig                         0x08008ba9   Thumb Code    18  stm32f0xx_rcc.o(.text)
    RCC_USARTCLKConfig                       0x08008bbb   Thumb Code    48  stm32f0xx_rcc.o(.text)
    RCC_USBCLKConfig                         0x08008beb   Thumb Code    18  stm32f0xx_rcc.o(.text)
    RCC_GetClocksFreq                        0x08008bfd   Thumb Code   392  stm32f0xx_rcc.o(.text)
    RCC_RTCCLKConfig                         0x08008d85   Thumb Code    10  stm32f0xx_rcc.o(.text)
    RCC_RTCCLKCmd                            0x08008d8f   Thumb Code    22  stm32f0xx_rcc.o(.text)
    RCC_BackupResetCmd                       0x08008da5   Thumb Code    22  stm32f0xx_rcc.o(.text)
    RCC_AHBPeriphClockCmd                    0x08008dbb   Thumb Code    18  stm32f0xx_rcc.o(.text)
    RCC_APB2PeriphClockCmd                   0x08008dcd   Thumb Code    18  stm32f0xx_rcc.o(.text)
    RCC_APB1PeriphClockCmd                   0x08008ddf   Thumb Code    18  stm32f0xx_rcc.o(.text)
    RCC_AHBPeriphResetCmd                    0x08008df1   Thumb Code    18  stm32f0xx_rcc.o(.text)
    RCC_APB2PeriphResetCmd                   0x08008e03   Thumb Code    18  stm32f0xx_rcc.o(.text)
    RCC_APB1PeriphResetCmd                   0x08008e15   Thumb Code    18  stm32f0xx_rcc.o(.text)
    RCC_ITConfig                             0x08008e27   Thumb Code    18  stm32f0xx_rcc.o(.text)
    RCC_ClearFlag                            0x08008e39   Thumb Code    14  stm32f0xx_rcc.o(.text)
    RCC_GetITStatus                          0x08008e47   Thumb Code    16  stm32f0xx_rcc.o(.text)
    RCC_ClearITPendingBit                    0x08008e57   Thumb Code     6  stm32f0xx_rcc.o(.text)
    SYSCFG_DeInit                            0x08008e61   Thumb Code    30  stm32f0xx_syscfg.o(.text)
    SYSCFG_MemoryRemapConfig                 0x08008e7f   Thumb Code    14  stm32f0xx_syscfg.o(.text)
    SYSCFG_DMAChannelRemapConfig             0x08008e8d   Thumb Code    18  stm32f0xx_syscfg.o(.text)
    SYSCFG_I2CFastModePlusConfig             0x08008e9f   Thumb Code    18  stm32f0xx_syscfg.o(.text)
    SYSCFG_IRDAEnvSelection                  0x08008eb1   Thumb Code    18  stm32f0xx_syscfg.o(.text)
    SYSCFG_EXTILineConfig                    0x08008ec3   Thumb Code    36  stm32f0xx_syscfg.o(.text)
    SYSCFG_GetPendingIT                      0x08008ee7   Thumb Code    18  stm32f0xx_syscfg.o(.text)
    SYSCFG_BreakConfig                       0x08008ef9   Thumb Code    10  stm32f0xx_syscfg.o(.text)
    SYSCFG_GetFlagStatus                     0x08008f03   Thumb Code    14  stm32f0xx_syscfg.o(.text)
    SYSCFG_ClearFlag                         0x08008f11   Thumb Code    10  stm32f0xx_syscfg.o(.text)
    USART_DeInit                             0x08008f25   Thumb Code   192  stm32f0xx_usart.o(.text)
    USART_Init                               0x08008fe5   Thumb Code   148  stm32f0xx_usart.o(.text)
    USART_StructInit                         0x08009079   Thumb Code    22  stm32f0xx_usart.o(.text)
    USART_ClockInit                          0x0800908f   Thumb Code    32  stm32f0xx_usart.o(.text)
    USART_ClockStructInit                    0x080090af   Thumb Code    12  stm32f0xx_usart.o(.text)
    USART_Cmd                                0x080090bb   Thumb Code    20  stm32f0xx_usart.o(.text)
    USART_DirectionModeCmd                   0x080090cf   Thumb Code    16  stm32f0xx_usart.o(.text)
    USART_OverSampling8Cmd                   0x080090df   Thumb Code    20  stm32f0xx_usart.o(.text)
    USART_OneBitMethodCmd                    0x080090f3   Thumb Code    20  stm32f0xx_usart.o(.text)
    USART_MSBFirstCmd                        0x08009107   Thumb Code    20  stm32f0xx_usart.o(.text)
    USART_DataInvCmd                         0x0800911b   Thumb Code    20  stm32f0xx_usart.o(.text)
    USART_InvPinCmd                          0x0800912f   Thumb Code    16  stm32f0xx_usart.o(.text)
    USART_SWAPPinCmd                         0x0800913f   Thumb Code    20  stm32f0xx_usart.o(.text)
    USART_ReceiverTimeOutCmd                 0x08009153   Thumb Code    20  stm32f0xx_usart.o(.text)
    USART_SetReceiverTimeOut                 0x08009167   Thumb Code    16  stm32f0xx_usart.o(.text)
    USART_SetPrescaler                       0x08009177   Thumb Code    16  stm32f0xx_usart.o(.text)
    USART_STOPModeCmd                        0x08009187   Thumb Code    18  stm32f0xx_usart.o(.text)
    USART_StopModeWakeUpSourceConfig         0x08009199   Thumb Code    18  stm32f0xx_usart.o(.text)
    USART_AutoBaudRateCmd                    0x080091ab   Thumb Code    20  stm32f0xx_usart.o(.text)
    USART_AutoBaudRateConfig                 0x080091bf   Thumb Code    18  stm32f0xx_usart.o(.text)
    USART_SendData                           0x080091d1   Thumb Code     8  stm32f0xx_usart.o(.text)
    USART_ReceiveData                        0x080091d9   Thumb Code     8  stm32f0xx_usart.o(.text)
    USART_SetAddress                         0x080091e1   Thumb Code    18  stm32f0xx_usart.o(.text)
    USART_MuteModeCmd                        0x080091f3   Thumb Code    20  stm32f0xx_usart.o(.text)
    USART_MuteModeWakeUpConfig               0x08009207   Thumb Code    18  stm32f0xx_usart.o(.text)
    USART_AddressDetectionConfig             0x08009219   Thumb Code    16  stm32f0xx_usart.o(.text)
    USART_LINBreakDetectLengthConfig         0x08009229   Thumb Code    16  stm32f0xx_usart.o(.text)
    USART_LINCmd                             0x08009239   Thumb Code    20  stm32f0xx_usart.o(.text)
    USART_HalfDuplexCmd                      0x0800924d   Thumb Code    18  stm32f0xx_usart.o(.text)
    USART_SetGuardTime                       0x0800925f   Thumb Code    16  stm32f0xx_usart.o(.text)
    USART_SmartCardCmd                       0x0800926f   Thumb Code    18  stm32f0xx_usart.o(.text)
    USART_SmartCardNACKCmd                   0x08009281   Thumb Code    18  stm32f0xx_usart.o(.text)
    USART_SetAutoRetryCount                  0x08009293   Thumb Code    20  stm32f0xx_usart.o(.text)
    USART_SetBlockLength                     0x080092a7   Thumb Code    18  stm32f0xx_usart.o(.text)
    USART_IrDAConfig                         0x080092b9   Thumb Code    16  stm32f0xx_usart.o(.text)
    USART_IrDACmd                            0x080092c9   Thumb Code    18  stm32f0xx_usart.o(.text)
    USART_DECmd                              0x080092db   Thumb Code    20  stm32f0xx_usart.o(.text)
    USART_DEPolarityConfig                   0x080092ef   Thumb Code    58  stm32f0xx_usart.o(.text)
    USART_SetDEAssertionTime                 0x08009329   Thumb Code    20  stm32f0xx_usart.o(.text)
    USART_SetDEDeassertionTime               0x0800933d   Thumb Code    20  stm32f0xx_usart.o(.text)
    USART_DMACmd                             0x08009351   Thumb Code    16  stm32f0xx_usart.o(.text)
    USART_DMAReceptionErrorConfig            0x08009361   Thumb Code    18  stm32f0xx_usart.o(.text)
    USART_ITConfig                           0x08009373   Thumb Code    44  stm32f0xx_usart.o(.text)
    USART_RequestCmd                         0x0800939f   Thumb Code    16  stm32f0xx_usart.o(.text)
    USART_OverrunDetectionConfig             0x080093af   Thumb Code    18  stm32f0xx_usart.o(.text)
    USART_GetFlagStatus                      0x080093c1   Thumb Code    14  stm32f0xx_usart.o(.text)
    USART_ClearFlag                          0x080093cf   Thumb Code     4  stm32f0xx_usart.o(.text)
    USART_GetITStatus                        0x080093d3   Thumb Code    60  stm32f0xx_usart.o(.text)
    USART_ClearITPendingBit                  0x0800940f   Thumb Code    10  stm32f0xx_usart.o(.text)
    TIM_DeInit                               0x08009419   Thumb Code   218  stm32f0xx_tim.o(.text)
    TIM_TimeBaseInit                         0x080094f3   Thumb Code    90  stm32f0xx_tim.o(.text)
    TIM_TimeBaseStructInit                   0x0800954d   Thumb Code    18  stm32f0xx_tim.o(.text)
    TIM_PrescalerConfig                      0x0800955f   Thumb Code     6  stm32f0xx_tim.o(.text)
    TIM_CounterModeConfig                    0x08009565   Thumb Code    12  stm32f0xx_tim.o(.text)
    TIM_SetCounter                           0x08009571   Thumb Code     4  stm32f0xx_tim.o(.text)
    TIM_SetAutoreload                        0x08009575   Thumb Code     4  stm32f0xx_tim.o(.text)
    TIM_GetCounter                           0x08009579   Thumb Code     4  stm32f0xx_tim.o(.text)
    TIM_GetPrescaler                         0x0800957d   Thumb Code     4  stm32f0xx_tim.o(.text)
    TIM_UpdateDisableConfig                  0x08009581   Thumb Code    18  stm32f0xx_tim.o(.text)
    TIM_UpdateRequestConfig                  0x08009593   Thumb Code    18  stm32f0xx_tim.o(.text)
    TIM_ARRPreloadConfig                     0x080095a5   Thumb Code    18  stm32f0xx_tim.o(.text)
    TIM_SelectOnePulseMode                   0x080095b7   Thumb Code    16  stm32f0xx_tim.o(.text)
    TIM_SetClockDivision                     0x080095c7   Thumb Code    16  stm32f0xx_tim.o(.text)
    TIM_Cmd                                  0x080095d7   Thumb Code    20  stm32f0xx_tim.o(.text)
    TIM_BDTRConfig                           0x080095eb   Thumb Code    36  stm32f0xx_tim.o(.text)
    TIM_BDTRStructInit                       0x0800960f   Thumb Code    18  stm32f0xx_tim.o(.text)
    TIM_CtrlPWMOutputs                       0x08009621   Thumb Code    24  stm32f0xx_tim.o(.text)
    TIM_OC1Init                              0x08009639   Thumb Code   106  stm32f0xx_tim.o(.text)
    TIM_OC2Init                              0x080096a3   Thumb Code   126  stm32f0xx_tim.o(.text)
    TIM_OC3Init                              0x08009721   Thumb Code   112  stm32f0xx_tim.o(.text)
    TIM_OC4Init                              0x08009791   Thumb Code    80  stm32f0xx_tim.o(.text)
    TIM_OCStructInit                         0x080097e1   Thumb Code    92  stm32f0xx_tim.o(.text)
    TIM_SelectOCxM                           0x0800983d   Thumb Code    78  stm32f0xx_tim.o(.text)
    TIM_SetCompare1                          0x0800988b   Thumb Code     4  stm32f0xx_tim.o(.text)
    TIM_SetCompare2                          0x0800988f   Thumb Code     4  stm32f0xx_tim.o(.text)
    TIM_SetCompare3                          0x08009893   Thumb Code     4  stm32f0xx_tim.o(.text)
    TIM_SetCompare4                          0x08009897   Thumb Code     4  stm32f0xx_tim.o(.text)
    TIM_ForcedOC1Config                      0x0800989b   Thumb Code    12  stm32f0xx_tim.o(.text)
    TIM_ForcedOC2Config                      0x080098a7   Thumb Code    14  stm32f0xx_tim.o(.text)
    TIM_ForcedOC3Config                      0x080098b5   Thumb Code    12  stm32f0xx_tim.o(.text)
    TIM_ForcedOC4Config                      0x080098c1   Thumb Code    14  stm32f0xx_tim.o(.text)
    TIM_CCPreloadControl                     0x080098cf   Thumb Code    20  stm32f0xx_tim.o(.text)
    TIM_OC1PreloadConfig                     0x080098e3   Thumb Code    12  stm32f0xx_tim.o(.text)
    TIM_OC2PreloadConfig                     0x080098ef   Thumb Code    14  stm32f0xx_tim.o(.text)
    TIM_OC3PreloadConfig                     0x080098fd   Thumb Code    12  stm32f0xx_tim.o(.text)
    TIM_OC4PreloadConfig                     0x08009909   Thumb Code    14  stm32f0xx_tim.o(.text)
    TIM_OC1FastConfig                        0x08009917   Thumb Code    12  stm32f0xx_tim.o(.text)
    TIM_OC2FastConfig                        0x08009923   Thumb Code    14  stm32f0xx_tim.o(.text)
    TIM_OC3FastConfig                        0x08009931   Thumb Code    12  stm32f0xx_tim.o(.text)
    TIM_OC4FastConfig                        0x0800993d   Thumb Code    14  stm32f0xx_tim.o(.text)
    TIM_ClearOC1Ref                          0x0800994b   Thumb Code    12  stm32f0xx_tim.o(.text)
    TIM_ClearOC2Ref                          0x08009957   Thumb Code    14  stm32f0xx_tim.o(.text)
    TIM_ClearOC3Ref                          0x08009965   Thumb Code    12  stm32f0xx_tim.o(.text)
    TIM_ClearOC4Ref                          0x08009971   Thumb Code    14  stm32f0xx_tim.o(.text)
    TIM_OC1PolarityConfig                    0x0800997f   Thumb Code    12  stm32f0xx_tim.o(.text)
    TIM_OC1NPolarityConfig                   0x0800998b   Thumb Code    12  stm32f0xx_tim.o(.text)
    TIM_OC2PolarityConfig                    0x08009997   Thumb Code    14  stm32f0xx_tim.o(.text)
    TIM_OC2NPolarityConfig                   0x080099a5   Thumb Code    14  stm32f0xx_tim.o(.text)
    TIM_OC3PolarityConfig                    0x080099b3   Thumb Code    14  stm32f0xx_tim.o(.text)
    TIM_OC3NPolarityConfig                   0x080099c1   Thumb Code    14  stm32f0xx_tim.o(.text)
    TIM_OC4PolarityConfig                    0x080099cf   Thumb Code    14  stm32f0xx_tim.o(.text)
    TIM_SelectOCREFClear                     0x080099dd   Thumb Code    16  stm32f0xx_tim.o(.text)
    TIM_CCxCmd                               0x080099ed   Thumb Code    24  stm32f0xx_tim.o(.text)
    TIM_CCxNCmd                              0x08009a05   Thumb Code    24  stm32f0xx_tim.o(.text)
    TIM_SelectCOM                            0x08009a1d   Thumb Code    18  stm32f0xx_tim.o(.text)
    TIM_SetIC4Prescaler                      0x08009a2f   Thumb Code    18  stm32f0xx_tim.o(.text)
    TIM_SetIC3Prescaler                      0x08009a41   Thumb Code    16  stm32f0xx_tim.o(.text)
    TIM_SetIC2Prescaler                      0x08009a51   Thumb Code    18  stm32f0xx_tim.o(.text)
    TIM_SetIC1Prescaler                      0x08009a63   Thumb Code    16  stm32f0xx_tim.o(.text)
    TIM_ICInit                               0x08009a73   Thumb Code   198  stm32f0xx_tim.o(.text)
    TIM_ICStructInit                         0x08009b39   Thumb Code    16  stm32f0xx_tim.o(.text)
    TIM_PWMIConfig                           0x08009b49   Thumb Code   140  stm32f0xx_tim.o(.text)
    TIM_GetCapture1                          0x08009bd5   Thumb Code     4  stm32f0xx_tim.o(.text)
    TIM_GetCapture2                          0x08009bd9   Thumb Code     4  stm32f0xx_tim.o(.text)
    TIM_GetCapture3                          0x08009bdd   Thumb Code     4  stm32f0xx_tim.o(.text)
    TIM_GetCapture4                          0x08009be1   Thumb Code     4  stm32f0xx_tim.o(.text)
    TIM_ITConfig                             0x08009be5   Thumb Code    16  stm32f0xx_tim.o(.text)
    TIM_GenerateEvent                        0x08009bf5   Thumb Code     4  stm32f0xx_tim.o(.text)
    TIM_GetFlagStatus                        0x08009bf9   Thumb Code    14  stm32f0xx_tim.o(.text)
    TIM_ClearFlag                            0x08009c07   Thumb Code     6  stm32f0xx_tim.o(.text)
    TIM_GetITStatus                          0x08009c0d   Thumb Code    24  stm32f0xx_tim.o(.text)
    TIM_ClearITPendingBit                    0x08009c25   Thumb Code     6  stm32f0xx_tim.o(.text)
    TIM_DMAConfig                            0x08009c2b   Thumb Code     8  stm32f0xx_tim.o(.text)
    TIM_DMACmd                               0x08009c33   Thumb Code    16  stm32f0xx_tim.o(.text)
    TIM_SelectCCDMA                          0x08009c43   Thumb Code    18  stm32f0xx_tim.o(.text)
    TIM_InternalClockConfig                  0x08009c55   Thumb Code    10  stm32f0xx_tim.o(.text)
    TIM_SelectInputTrigger                   0x08009c5f   Thumb Code    12  stm32f0xx_tim.o(.text)
    TIM_ITRxExternalClockConfig              0x08009c6b   Thumb Code    20  stm32f0xx_tim.o(.text)
    TIM_TIxExternalClockConfig               0x08009c7f   Thumb Code    96  stm32f0xx_tim.o(.text)
    TIM_ETRConfig                            0x08009cdf   Thumb Code    20  stm32f0xx_tim.o(.text)
    TIM_ETRClockMode1Config                  0x08009cf3   Thumb Code    38  stm32f0xx_tim.o(.text)
    TIM_ETRClockMode2Config                  0x08009d19   Thumb Code    30  stm32f0xx_tim.o(.text)
    TIM_SelectOutputTrigger                  0x08009d37   Thumb Code    16  stm32f0xx_tim.o(.text)
    TIM_SelectSlaveMode                      0x08009d47   Thumb Code    16  stm32f0xx_tim.o(.text)
    TIM_SelectMasterSlaveMode                0x08009d57   Thumb Code    16  stm32f0xx_tim.o(.text)
    TIM_EncoderInterfaceConfig               0x08009d67   Thumb Code    44  stm32f0xx_tim.o(.text)
    TIM_SelectHallSensor                     0x08009d93   Thumb Code    18  stm32f0xx_tim.o(.text)
    TIM_RemapConfig                          0x08009da5   Thumb Code     6  stm32f0xx_tim.o(.text)
    RTC_WaitForSynchro                       0x08009e09   Thumb Code    78  stm32f0xx_rtc.o(.text)
    RTC_EnterInitMode                        0x08009e57   Thumb Code    60  stm32f0xx_rtc.o(.text)
    RTC_DeInit                               0x08009e93   Thumb Code    74  stm32f0xx_rtc.o(.text)
    RTC_ExitInitMode                         0x08009edd   Thumb Code    12  stm32f0xx_rtc.o(.text)
    RTC_Init                                 0x08009ee9   Thumb Code    72  stm32f0xx_rtc.o(.text)
    RTC_StructInit                           0x08009f31   Thumb Code    14  stm32f0xx_rtc.o(.text)
    RTC_WriteProtectionCmd                   0x08009f3f   Thumb Code    20  stm32f0xx_rtc.o(.text)
    RTC_RefClockCmd                          0x08009f53   Thumb Code    58  stm32f0xx_rtc.o(.text)
    RTC_BypassShadowCmd                      0x08009f8d   Thumb Code    34  stm32f0xx_rtc.o(.text)
    RTC_SetTime                              0x08009faf   Thumb Code   132  stm32f0xx_rtc.o(.text)
    RTC_TimeStructInit                       0x0800a033   Thumb Code    12  stm32f0xx_rtc.o(.text)
    RTC_GetTime                              0x0800a03f   Thumb Code    84  stm32f0xx_rtc.o(.text)
    RTC_GetSubSecond                         0x0800a093   Thumb Code     8  stm32f0xx_rtc.o(.text)
    RTC_SetDate                              0x0800a09b   Thumb Code   128  stm32f0xx_rtc.o(.text)
    RTC_DateStructInit                       0x0800a11b   Thumb Code    14  stm32f0xx_rtc.o(.text)
    RTC_GetDate                              0x0800a129   Thumb Code    86  stm32f0xx_rtc.o(.text)
    RTC_SetAlarm                             0x0800a17f   Thumb Code   158  stm32f0xx_rtc.o(.text)
    RTC_AlarmStructInit                      0x0800a21d   Thumb Code    20  stm32f0xx_rtc.o(.text)
    RTC_GetAlarm                             0x0800a231   Thumb Code   114  stm32f0xx_rtc.o(.text)
    RTC_AlarmCmd                             0x0800a2a3   Thumb Code    78  stm32f0xx_rtc.o(.text)
    RTC_AlarmSubSecondConfig                 0x0800a2f1   Thumb Code    24  stm32f0xx_rtc.o(.text)
    RTC_GetAlarmSubSecond                    0x0800a309   Thumb Code    10  stm32f0xx_rtc.o(.text)
    RTC_WakeUpClockConfig                    0x0800a313   Thumb Code    30  stm32f0xx_rtc.o(.text)
    RTC_SetWakeUpCounter                     0x0800a331   Thumb Code    18  stm32f0xx_rtc.o(.text)
    RTC_GetWakeUpCounter                     0x0800a343   Thumb Code     8  stm32f0xx_rtc.o(.text)
    RTC_WakeUpCmd                            0x0800a34b   Thumb Code    78  stm32f0xx_rtc.o(.text)
    RTC_DayLightSavingConfig                 0x0800a399   Thumb Code    38  stm32f0xx_rtc.o(.text)
    RTC_GetStoreOperation                    0x0800a3bf   Thumb Code    12  stm32f0xx_rtc.o(.text)
    RTC_OutputConfig                         0x0800a3cb   Thumb Code    38  stm32f0xx_rtc.o(.text)
    RTC_CalibOutputCmd                       0x0800a3f1   Thumb Code    34  stm32f0xx_rtc.o(.text)
    RTC_CalibOutputConfig                    0x0800a413   Thumb Code    32  stm32f0xx_rtc.o(.text)
    RTC_SmoothCalibConfig                    0x0800a433   Thumb Code    62  stm32f0xx_rtc.o(.text)
    RTC_TimeStampCmd                         0x0800a471   Thumb Code    42  stm32f0xx_rtc.o(.text)
    RTC_GetTimeStamp                         0x0800a49b   Thumb Code   164  stm32f0xx_rtc.o(.text)
    RTC_GetTimeStampSubSecond                0x0800a53f   Thumb Code     6  stm32f0xx_rtc.o(.text)
    RTC_TamperTriggerConfig                  0x0800a545   Thumb Code    20  stm32f0xx_rtc.o(.text)
    RTC_TamperCmd                            0x0800a559   Thumb Code    18  stm32f0xx_rtc.o(.text)
    RTC_TamperFilterConfig                   0x0800a56b   Thumb Code    20  stm32f0xx_rtc.o(.text)
    RTC_TamperSamplingFreqConfig             0x0800a57f   Thumb Code    20  stm32f0xx_rtc.o(.text)
    RTC_TamperPinsPrechargeDuration          0x0800a593   Thumb Code    20  stm32f0xx_rtc.o(.text)
    RTC_TimeStampOnTamperDetectionCmd        0x0800a5a7   Thumb Code    20  stm32f0xx_rtc.o(.text)
    RTC_TamperPullUpCmd                      0x0800a5bb   Thumb Code    20  stm32f0xx_rtc.o(.text)
    RTC_WriteBackupRegister                  0x0800a5cf   Thumb Code    16  stm32f0xx_rtc.o(.text)
    RTC_ReadBackupRegister                   0x0800a5df   Thumb Code    16  stm32f0xx_rtc.o(.text)
    RTC_OutputTypeConfig                     0x0800a5ef   Thumb Code    20  stm32f0xx_rtc.o(.text)
    RTC_SynchroShiftConfig                   0x0800a603   Thumb Code    98  stm32f0xx_rtc.o(.text)
    RTC_ITConfig                             0x0800a665   Thumb Code    56  stm32f0xx_rtc.o(.text)
    RTC_GetFlagStatus                        0x0800a69d   Thumb Code    20  stm32f0xx_rtc.o(.text)
    RTC_ClearFlag                            0x0800a6b1   Thumb Code    22  stm32f0xx_rtc.o(.text)
    RTC_GetITStatus                          0x0800a6c7   Thumb Code    54  stm32f0xx_rtc.o(.text)
    RTC_ClearITPendingBit                    0x0800a6fd   Thumb Code    22  stm32f0xx_rtc.o(.text)
    PWR_DeInit                               0x0800a739   Thumb Code    22  stm32f0xx_pwr.o(.text)
    PWR_BackupAccessCmd                      0x0800a74f   Thumb Code    20  stm32f0xx_pwr.o(.text)
    PWR_PVDLevelConfig                       0x0800a763   Thumb Code    14  stm32f0xx_pwr.o(.text)
    PWR_PVDCmd                               0x0800a771   Thumb Code    20  stm32f0xx_pwr.o(.text)
    PWR_WakeUpPinCmd                         0x0800a785   Thumb Code    18  stm32f0xx_pwr.o(.text)
    PWR_EnterSleepMode                       0x0800a797   Thumb Code    26  stm32f0xx_pwr.o(.text)
    PWR_EnterSTOPMode                        0x0800a7b1   Thumb Code    58  stm32f0xx_pwr.o(.text)
    PWR_EnterSTANDBYMode                     0x0800a7eb   Thumb Code    24  stm32f0xx_pwr.o(.text)
    PWR_GetFlagStatus                        0x0800a803   Thumb Code    16  stm32f0xx_pwr.o(.text)
    PWR_ClearFlag                            0x0800a813   Thumb Code    12  stm32f0xx_pwr.o(.text)
    I2C_DeInit                               0x0800a829   Thumb Code    48  stm32f0xx_i2c.o(.text)
    I2C_Init                                 0x0800a859   Thumb Code    94  stm32f0xx_i2c.o(.text)
    I2C_StructInit                           0x0800a8b7   Thumb Code    22  stm32f0xx_i2c.o(.text)
    I2C_Cmd                                  0x0800a8cd   Thumb Code    20  stm32f0xx_i2c.o(.text)
    I2C_SoftwareResetCmd                     0x0800a8e1   Thumb Code    20  stm32f0xx_i2c.o(.text)
    I2C_ITConfig                             0x0800a8f5   Thumb Code    16  stm32f0xx_i2c.o(.text)
    I2C_StretchClockCmd                      0x0800a905   Thumb Code    20  stm32f0xx_i2c.o(.text)
    I2C_StopModeCmd                          0x0800a919   Thumb Code    20  stm32f0xx_i2c.o(.text)
    I2C_DualAddressCmd                       0x0800a92d   Thumb Code    20  stm32f0xx_i2c.o(.text)
    I2C_OwnAddress2Config                    0x0800a941   Thumb Code    26  stm32f0xx_i2c.o(.text)
    I2C_GeneralCallCmd                       0x0800a95b   Thumb Code    20  stm32f0xx_i2c.o(.text)
    I2C_SlaveByteControlCmd                  0x0800a96f   Thumb Code    20  stm32f0xx_i2c.o(.text)
    I2C_SlaveAddressConfig                   0x0800a983   Thumb Code    16  stm32f0xx_i2c.o(.text)
    I2C_10BitAddressingModeCmd               0x0800a993   Thumb Code    20  stm32f0xx_i2c.o(.text)
    I2C_AutoEndCmd                           0x0800a9a7   Thumb Code    20  stm32f0xx_i2c.o(.text)
    I2C_ReloadCmd                            0x0800a9bb   Thumb Code    20  stm32f0xx_i2c.o(.text)
    I2C_NumberOfBytesConfig                  0x0800a9cf   Thumb Code    16  stm32f0xx_i2c.o(.text)
    I2C_MasterRequestConfig                  0x0800a9df   Thumb Code    20  stm32f0xx_i2c.o(.text)
    I2C_GenerateSTART                        0x0800a9f3   Thumb Code    20  stm32f0xx_i2c.o(.text)
    I2C_GenerateSTOP                         0x0800aa07   Thumb Code    20  stm32f0xx_i2c.o(.text)
    I2C_10BitAddressHeaderCmd                0x0800aa1b   Thumb Code    20  stm32f0xx_i2c.o(.text)
    I2C_AcknowledgeConfig                    0x0800aa2f   Thumb Code    20  stm32f0xx_i2c.o(.text)
    I2C_GetAddressMatched                    0x0800aa43   Thumb Code    10  stm32f0xx_i2c.o(.text)
    I2C_GetTransferDirection                 0x0800aa4d   Thumb Code    18  stm32f0xx_i2c.o(.text)
    I2C_TransferHandling                     0x0800aa5f   Thumb Code    30  stm32f0xx_i2c.o(.text)
    I2C_SMBusAlertCmd                        0x0800aa7d   Thumb Code    20  stm32f0xx_i2c.o(.text)
    I2C_ClockTimeoutCmd                      0x0800aa91   Thumb Code    20  stm32f0xx_i2c.o(.text)
    I2C_ExtendedClockTimeoutCmd              0x0800aaa5   Thumb Code    22  stm32f0xx_i2c.o(.text)
    I2C_IdleClockTimeoutCmd                  0x0800aabb   Thumb Code    20  stm32f0xx_i2c.o(.text)
    I2C_TimeoutAConfig                       0x0800aacf   Thumb Code    16  stm32f0xx_i2c.o(.text)
    I2C_TimeoutBConfig                       0x0800aadf   Thumb Code    16  stm32f0xx_i2c.o(.text)
    I2C_CalculatePEC                         0x0800aaef   Thumb Code    20  stm32f0xx_i2c.o(.text)
    I2C_PECRequestCmd                        0x0800ab03   Thumb Code    20  stm32f0xx_i2c.o(.text)
    I2C_GetPEC                               0x0800ab17   Thumb Code     6  stm32f0xx_i2c.o(.text)
    I2C_ReadRegister                         0x0800ab1d   Thumb Code    12  stm32f0xx_i2c.o(.text)
    I2C_SendData                             0x0800ab29   Thumb Code     4  stm32f0xx_i2c.o(.text)
    I2C_ReceiveData                          0x0800ab2d   Thumb Code     6  stm32f0xx_i2c.o(.text)
    I2C_DMACmd                               0x0800ab33   Thumb Code    16  stm32f0xx_i2c.o(.text)
    I2C_GetFlagStatus                        0x0800ab43   Thumb Code    14  stm32f0xx_i2c.o(.text)
    I2C_ClearFlag                            0x0800ab51   Thumb Code     4  stm32f0xx_i2c.o(.text)
    I2C_GetITStatus                          0x0800ab55   Thumb Code    50  stm32f0xx_i2c.o(.text)
    I2C_ClearITPendingBit                    0x0800ab87   Thumb Code     4  stm32f0xx_i2c.o(.text)
    __2printf                                0x0800aba5   Thumb Code    22  noretval__2printf.o(.text)
    __printf                                 0x0800abc1   Thumb Code   108  __printf.o(.text)
    _printf_str                              0x0800ac2d   Thumb Code    82  _printf_str.o(.text)
    _printf_int_dec                          0x0800ac81   Thumb Code    90  _printf_dec.o(.text)
    __aeabi_uidiv                            0x0800aced   Thumb Code     0  aeabi_sdivfast.o(.text)
    __aeabi_uidivmod                         0x0800aced   Thumb Code    28  aeabi_sdivfast.o(.text)
    __aeabi_idiv                             0x0800ad09   Thumb Code     0  aeabi_sdivfast.o(.text)
    __aeabi_idivmod                          0x0800ad09   Thumb Code   460  aeabi_sdivfast.o(.text)
    __use_two_region_memory                  0x0800aed5   Thumb Code     2  heapauxi.o(.text)
    __rt_heap_escrow$2region                 0x0800aed7   Thumb Code     2  heapauxi.o(.text)
    __rt_heap_expand$2region                 0x0800aed9   Thumb Code     2  heapauxi.o(.text)
    _printf_int_common                       0x0800aedb   Thumb Code   176  _printf_intcommon.o(.text)
    _printf_cs_common                        0x0800af8b   Thumb Code    22  _printf_char.o(.text)
    _printf_char                             0x0800afa1   Thumb Code    16  _printf_char.o(.text)
    _printf_string                           0x0800afb1   Thumb Code     8  _printf_char.o(.text)
    _printf_char_file                        0x0800afb9   Thumb Code    34  _printf_char_file.o(.text)
    __rt_udiv10                              0x0800afe1   Thumb Code    40  rtudiv10.o(.text)
    _printf_char_common                      0x0800b013   Thumb Code    32  _printf_char_common.o(.text)
    ferror                                   0x0800b039   Thumb Code     8  ferror.o(.text)
    __user_setup_stackheap                   0x0800b041   Thumb Code    62  sys_stackheap_outer.o(.text)
    exit                                     0x0800b07f   Thumb Code    16  exit.o(.text)
    __user_libspace                          0x0800b091   Thumb Code     8  libspace.o(.text)
    __user_perproc_libspace                  0x0800b091   Thumb Code     0  libspace.o(.text)
    __user_perthread_libspace                0x0800b091   Thumb Code     0  libspace.o(.text)
    _sys_exit                                0x0800b099   Thumb Code     8  sys_exit.o(.text)
    __I$use$semihosting                      0x0800b0a5   Thumb Code     0  use_no_semi.o(.text)
    __use_no_semihosting_swi                 0x0800b0a5   Thumb Code     2  use_no_semi.o(.text)
    __decompress                             0x0800b0a7   Thumb Code     0  __dczerorl2.o(.text)
    __decompress1                            0x0800b0a7   Thumb Code    86  __dczerorl2.o(.text)
    __semihosting_library_function           0x0800b0a7   Thumb Code     0  indicate_semi.o(.text)
    BUTTON_PIN                               0x0800b678   Data           2  stm32f0_discovery.o(.constdata)
    BUTTON_EXTI_LINE                         0x0800b67a   Data           2  stm32f0_discovery.o(.constdata)
    BUTTON_PORT_SOURCE                       0x0800b67c   Data           2  stm32f0_discovery.o(.constdata)
    BUTTON_PIN_SOURCE                        0x0800b67e   Data           2  stm32f0_discovery.o(.constdata)
    BUTTON_IRQn                              0x0800b680   Data           2  stm32f0_discovery.o(.constdata)
    GPIO_PIN                                 0x0800b682   Data           4  stm32f0_discovery.o(.constdata)
    BUTTON_CLK                               0x0800b688   Data           4  stm32f0_discovery.o(.constdata)
    GPIO_CLK                                 0x0800b68c   Data           8  stm32f0_discovery.o(.constdata)
    Region$$Table$$Base                      0x0800b784   Number         0  anon$$obj.o(Region$$Table)
    Region$$Table$$Limit                     0x0800b7a4   Number         0  anon$$obj.o(Region$$Table)
    __stdout                                 0x20000004   Data           4  main.o(.data)
    dummyInitTools                           0x20000008   Data          62  eeprom_data.o(.data)
    tools                                    0x20000048   Data           4  eeprom_data.o(.data)
    dummyInitProfile                         0x2000004c   Data         496  eeprom_data.o(.data)
    profile                                  0x2000023c   Data           4  eeprom_data.o(.data)
    slaveID                                  0x20000240   Data           1  modbus_slave.o(.data)
    broadcastFlag                            0x20000241   Data           1  modbus_slave.o(.data)
    function                                 0x20000242   Data           1  modbus_slave.o(.data)
    buffer                                   0x20000244   Data           2  modbus_slave.o(.data)
    flag_rx_complete                         0x20000246   Data           2  modbus_slave.o(.data)
    errorCount                               0x20000248   Data           2  modbus_slave.o(.data)
    sEEAddress                               0x2000044c   Data           2  iso_i2c_ee.o(.data)
    sEEDataNum                               0x2000044e   Data           2  iso_i2c_ee.o(.data)
    sEETimeout                               0x20000450   Data           4  iso_i2c_ee.o(.data)
    BUTTON_PORT                              0x20000468   Data           4  stm32f0_discovery.o(.data)
    GPIO_PORT                                0x2000046c   Data           8  stm32f0_discovery.o(.data)
    flagLEDIndi                              0x20000474   Data           1  stm32f0xx_it.o(.data)
    SystemCoreClock                          0x2000047c   Data           4  system_stm32f0xx.o(.data)
    AHBPrescTable                            0x20000480   Data          16  system_stm32f0xx.o(.data)
    FatFs                                    0x200004a0   Data         568  main.o(.bss)
    logfile                                  0x200006d8   Data         552  main.o(.bss)
    timerInitStructure                       0x20000900   Data          12  modbus_slave.o(.bss)
    frame                                    0x2000090c   Data         100  modbus_slave.o(.bss)
    dummyHoldingReg                          0x20000970   Data         200  modbus_slave.o(.bss)
    RTC_InitStructure                        0x20000a38   Data          12  rtc_stm.o(.bss)
    __libspace_start                         0x20000c44   Data          96  libspace.o(.bss)
    __temporary_stack_top$libspace           0x20000ca4   Data           0  libspace.o(.bss)



==============================================================================

Memory Map of the image

  Image Entry point : 0x080000c1

  Load Region LR_IROM1 (Base: 0x08000000, Size: 0x0000bc44, Max: 0x00010000, ABSOLUTE, COMPRESSED[0x0000b968])

    Execution Region ER_IROM1 (Exec base: 0x08000000, Load base: 0x08000000, Size: 0x0000b7a4, Max: 0x00010000, ABSOLUTE)

    Exec Addr    Load Addr    Size         Type   Attr      Idx    E Section Name        Object

    0x08000000   0x08000000   0x000000c0   Data   RO          667    RESET               startup_stm32f0xx.o
    0x080000c0   0x080000c0   0x00000008   Code   RO          995  * !!!main             c_p.l(__main.o)
    0x080000c8   0x080000c8   0x0000003c   Code   RO         1183    !!!scatter          c_p.l(__scatter.o)
    0x08000104   0x08000104   0x0000001c   Code   RO         1185    !!handler_zi        c_p.l(__scatter_zi.o)
    0x08000120   0x08000120   0x00000002   Code   RO          984    .ARM.Collect$$_printf_percent$$00000000  c_p.l(_printf_percent.o)
    0x08000122   0x08000122   0x0000000a   Code   RO          983    .ARM.Collect$$_printf_percent$$00000009  c_p.l(_printf_d.o)
    0x0800012c   0x0800012c   0x0000000a   Code   RO          981    .ARM.Collect$$_printf_percent$$00000013  c_p.l(_printf_c.o)
    0x08000136   0x08000136   0x0000000a   Code   RO          982    .ARM.Collect$$_printf_percent$$00000014  c_p.l(_printf_s.o)
    0x08000140   0x08000140   0x00000004   Code   RO         1008    .ARM.Collect$$_printf_percent$$00000017  c_p.l(_printf_percent_end.o)
    0x08000144   0x08000144   0x00000002   Code   RO         1050    .ARM.Collect$$libinit$$00000000  c_p.l(libinit.o)
    0x08000146   0x08000146   0x00000000   Code   RO         1064    .ARM.Collect$$libinit$$00000002  c_p.l(libinit2.o)
    0x08000146   0x08000146   0x00000000   Code   RO         1066    .ARM.Collect$$libinit$$00000004  c_p.l(libinit2.o)
    0x08000146   0x08000146   0x00000000   Code   RO         1069    .ARM.Collect$$libinit$$0000000A  c_p.l(libinit2.o)
    0x08000146   0x08000146   0x00000000   Code   RO         1071    .ARM.Collect$$libinit$$0000000C  c_p.l(libinit2.o)
    0x08000146   0x08000146   0x00000000   Code   RO         1073    .ARM.Collect$$libinit$$0000000E  c_p.l(libinit2.o)
    0x08000146   0x08000146   0x00000000   Code   RO         1076    .ARM.Collect$$libinit$$00000011  c_p.l(libinit2.o)
    0x08000146   0x08000146   0x00000000   Code   RO         1078    .ARM.Collect$$libinit$$00000013  c_p.l(libinit2.o)
    0x08000146   0x08000146   0x00000000   Code   RO         1080    .ARM.Collect$$libinit$$00000015  c_p.l(libinit2.o)
    0x08000146   0x08000146   0x00000000   Code   RO         1082    .ARM.Collect$$libinit$$00000017  c_p.l(libinit2.o)
    0x08000146   0x08000146   0x00000000   Code   RO         1084    .ARM.Collect$$libinit$$00000019  c_p.l(libinit2.o)
    0x08000146   0x08000146   0x00000000   Code   RO         1086    .ARM.Collect$$libinit$$0000001B  c_p.l(libinit2.o)
    0x08000146   0x08000146   0x00000000   Code   RO         1088    .ARM.Collect$$libinit$$0000001D  c_p.l(libinit2.o)
    0x08000146   0x08000146   0x00000000   Code   RO         1090    .ARM.Collect$$libinit$$0000001F  c_p.l(libinit2.o)
    0x08000146   0x08000146   0x00000000   Code   RO         1092    .ARM.Collect$$libinit$$00000021  c_p.l(libinit2.o)
    0x08000146   0x08000146   0x00000000   Code   RO         1094    .ARM.Collect$$libinit$$00000023  c_p.l(libinit2.o)
    0x08000146   0x08000146   0x00000000   Code   RO         1096    .ARM.Collect$$libinit$$00000025  c_p.l(libinit2.o)
    0x08000146   0x08000146   0x00000000   Code   RO         1100    .ARM.Collect$$libinit$$0000002C  c_p.l(libinit2.o)
    0x08000146   0x08000146   0x00000000   Code   RO         1102    .ARM.Collect$$libinit$$0000002E  c_p.l(libinit2.o)
    0x08000146   0x08000146   0x00000000   Code   RO         1104    .ARM.Collect$$libinit$$00000030  c_p.l(libinit2.o)
    0x08000146   0x08000146   0x00000000   Code   RO         1106    .ARM.Collect$$libinit$$00000032  c_p.l(libinit2.o)
    0x08000146   0x08000146   0x00000002   Code   RO         1107    .ARM.Collect$$libinit$$00000033  c_p.l(libinit2.o)
    0x08000148   0x08000148   0x00000002   Code   RO         1138    .ARM.Collect$$libshutdown$$00000000  c_p.l(libshutdown.o)
    0x0800014a   0x0800014a   0x00000000   Code   RO         1164    .ARM.Collect$$libshutdown$$00000002  c_p.l(libshutdown2.o)
    0x0800014a   0x0800014a   0x00000000   Code   RO         1166    .ARM.Collect$$libshutdown$$00000004  c_p.l(libshutdown2.o)
    0x0800014a   0x0800014a   0x00000000   Code   RO         1169    .ARM.Collect$$libshutdown$$00000007  c_p.l(libshutdown2.o)
    0x0800014a   0x0800014a   0x00000000   Code   RO         1172    .ARM.Collect$$libshutdown$$0000000A  c_p.l(libshutdown2.o)
    0x0800014a   0x0800014a   0x00000000   Code   RO         1174    .ARM.Collect$$libshutdown$$0000000C  c_p.l(libshutdown2.o)
    0x0800014a   0x0800014a   0x00000000   Code   RO         1177    .ARM.Collect$$libshutdown$$0000000F  c_p.l(libshutdown2.o)
    0x0800014a   0x0800014a   0x00000002   Code   RO         1178    .ARM.Collect$$libshutdown$$00000010  c_p.l(libshutdown2.o)
    0x0800014c   0x0800014c   0x00000000   Code   RO          997    .ARM.Collect$$rtentry$$00000000  c_p.l(__rtentry.o)
    0x0800014c   0x0800014c   0x00000000   Code   RO         1012    .ARM.Collect$$rtentry$$00000002  c_p.l(__rtentry2.o)
    0x0800014c   0x0800014c   0x00000006   Code   RO         1024    .ARM.Collect$$rtentry$$00000004  c_p.l(__rtentry4.o)
    0x08000152   0x08000152   0x00000000   Code   RO         1014    .ARM.Collect$$rtentry$$00000009  c_p.l(__rtentry2.o)
    0x08000152   0x08000152   0x00000004   Code   RO         1015    .ARM.Collect$$rtentry$$0000000A  c_p.l(__rtentry2.o)
    0x08000156   0x08000156   0x00000000   Code   RO         1017    .ARM.Collect$$rtentry$$0000000C  c_p.l(__rtentry2.o)
    0x08000156   0x08000156   0x00000008   Code   RO         1018    .ARM.Collect$$rtentry$$0000000D  c_p.l(__rtentry2.o)
    0x0800015e   0x0800015e   0x00000002   Code   RO         1055    .ARM.Collect$$rtexit$$00000000  c_p.l(rtexit.o)
    0x08000160   0x08000160   0x00000000   Code   RO         1111    .ARM.Collect$$rtexit$$00000002  c_p.l(rtexit2.o)
    0x08000160   0x08000160   0x00000004   Code   RO         1112    .ARM.Collect$$rtexit$$00000003  c_p.l(rtexit2.o)
    0x08000164   0x08000164   0x00000006   Code   RO         1113    .ARM.Collect$$rtexit$$00000004  c_p.l(rtexit2.o)
    0x0800016a   0x0800016a   0x00000002   PAD
    0x0800016c   0x0800016c   0x00000038   Code   RO          985    .emb_text           c_p.l(rt_memcpy.o)
    0x080001a4   0x080001a4   0x000001e0   Code   RO            3    .text               main.o
    0x08000384   0x08000384   0x00000068   Code   RO          187    .text               util_prj.o
    0x080003ec   0x080003ec   0x00003c48   Code   RO          390    .text               eeprom_profile.o
    0x08004034   0x08004034   0x00000444   Code   RO          432    .text               modbus_slave.o
    0x08004478   0x08004478   0x00000038   Code   RO          463    .text               mbcrc.o
    0x080044b0   0x080044b0   0x000000e8   Code   RO          482    .text               rtc_stm.o
    0x08004598   0x08004598   0x000007e0   Code   RO          508    .text               iso_i2c_ee.o
    0x08004d78   0x08004d78   0x0000005c   Code   RO          533    .text               ccsbcs.o
    0x08004dd4   0x08004dd4   0x00002db8   Code   RO          564    .text               ff.o
    0x08007b8c   0x08007b8c   0x000006e0   Code   RO          594    .text               mmc_32f0.o
    0x0800826c   0x0800826c   0x000000b4   Code   RO          619    .text               util_usart.o
    0x08008320   0x08008320   0x0000012c   Code   RO          640    .text               stm32f0_discovery.o
    0x0800844c   0x0800844c   0x00000074   Code   RO          668    .text               startup_stm32f0xx.o
    0x080084c0   0x080084c0   0x00000050   Code   RO          674    .text               stm32f0xx_it.o
    0x08008510   0x08008510   0x00000154   Code   RO          700    .text               system_stm32f0xx.o
    0x08008664   0x08008664   0x000000d0   Code   RO          726    .text               stm32f0xx_exti.o
    0x08008734   0x08008734   0x000001b8   Code   RO          746    .text               stm32f0xx_gpio.o
    0x080088ec   0x080088ec   0x00000080   Code   RO          766    .text               stm32f0xx_misc.o
    0x0800896c   0x0800896c   0x000004f4   Code   RO          786    .text               stm32f0xx_rcc.o
    0x08008e60   0x08008e60   0x000000c4   Code   RO          809    .text               stm32f0xx_syscfg.o
    0x08008f24   0x08008f24   0x000004f4   Code   RO          829    .text               stm32f0xx_usart.o
    0x08009418   0x08009418   0x000009f0   Code   RO          849    .text               stm32f0xx_tim.o
    0x08009e08   0x08009e08   0x00000930   Code   RO          870    .text               stm32f0xx_rtc.o
    0x0800a738   0x0800a738   0x000000f0   Code   RO          891    .text               stm32f0xx_pwr.o
    0x0800a828   0x0800a828   0x0000037c   Code   RO          911    .text               stm32f0xx_i2c.o
    0x0800aba4   0x0800aba4   0x0000001c   Code   RO          953    .text               c_p.l(noretval__2printf.o)
    0x0800abc0   0x0800abc0   0x0000006c   Code   RO          955    .text               c_p.l(__printf.o)
    0x0800ac2c   0x0800ac2c   0x00000052   Code   RO          957    .text               c_p.l(_printf_str.o)
    0x0800ac7e   0x0800ac7e   0x00000002   PAD
    0x0800ac80   0x0800ac80   0x0000006c   Code   RO          959    .text               c_p.l(_printf_dec.o)
    0x0800acec   0x0800acec   0x000001e8   Code   RO          989    .text               c_p.l(aeabi_sdivfast.o)
    0x0800aed4   0x0800aed4   0x00000006   Code   RO          993    .text               c_p.l(heapauxi.o)
    0x0800aeda   0x0800aeda   0x000000b0   Code   RO         1002    .text               c_p.l(_printf_intcommon.o)
    0x0800af8a   0x0800af8a   0x0000002e   Code   RO         1004    .text               c_p.l(_printf_char.o)
    0x0800afb8   0x0800afb8   0x00000028   Code   RO         1006    .text               c_p.l(_printf_char_file.o)
    0x0800afe0   0x0800afe0   0x00000028   Code   RO         1009    .text               c_p.l(rtudiv10.o)
    0x0800b008   0x0800b008   0x00000030   Code   RO         1028    .text               c_p.l(_printf_char_common.o)
    0x0800b038   0x0800b038   0x00000008   Code   RO         1030    .text               c_p.l(ferror.o)
    0x0800b040   0x0800b040   0x0000003e   Code   RO         1034    .text               c_p.l(sys_stackheap_outer.o)
    0x0800b07e   0x0800b07e   0x00000010   Code   RO         1039    .text               c_p.l(exit.o)
    0x0800b08e   0x0800b08e   0x00000002   PAD
    0x0800b090   0x0800b090   0x00000008   Code   RO         1051    .text               c_p.l(libspace.o)
    0x0800b098   0x0800b098   0x0000000c   Code   RO         1108    .text               c_p.l(sys_exit.o)
    0x0800b0a4   0x0800b0a4   0x00000002   Code   RO         1127    .text               c_p.l(use_no_semi.o)
    0x0800b0a6   0x0800b0a6   0x00000000   Code   RO         1129    .text               c_p.l(indicate_semi.o)
    0x0800b0a6   0x0800b0a6   0x00000056   Code   RO         1181    .text               c_p.l(__dczerorl2.o)
    0x0800b0fc   0x0800b0fc   0x000004c0   Data   RO          534    .constdata          ccsbcs.o
    0x0800b5bc   0x0800b5bc   0x000000ba   Data   RO          566    .constdata          ff.o
    0x0800b676   0x0800b676   0x00000002   PAD
    0x0800b678   0x0800b678   0x0000001c   Data   RO          641    .constdata          stm32f0_discovery.o
    0x0800b694   0x0800b694   0x00000048   Data   RO            5    .conststring        main.o
    0x0800b6dc   0x0800b6dc   0x000000a5   Data   RO          509    .conststring        iso_i2c_ee.o
    0x0800b781   0x0800b781   0x00000003   PAD
    0x0800b784   0x0800b784   0x00000020   Data   RO         1179    Region$$Table       anon$$obj.o


    Execution Region RW_IRAM1 (Exec base: 0x20000000, Load base: 0x0800b7a4, Size: 0x000012a8, Max: 0x00002000, ABSOLUTE, COMPRESSED[0x000001c4])

    Exec Addr    Load Addr    Size         Type   Attr      Idx    E Section Name        Object

    0x20000000   COMPRESSED   0x00000004   Data   RW            7    .data               main.o
    0x20000004   COMPRESSED   0x00000004   Data   RW            8    .data               main.o
    0x20000008   COMPRESSED   0x0000003e   Data   RW          373    .data               eeprom_data.o
    0x20000046   COMPRESSED   0x00000002   PAD
    0x20000048   COMPRESSED   0x00000004   Data   RW          374    .data               eeprom_data.o
    0x2000004c   COMPRESSED   0x000001f0   Data   RW          375    .data               eeprom_data.o
    0x2000023c   COMPRESSED   0x00000004   Data   RW          376    .data               eeprom_data.o
    0x20000240   COMPRESSED   0x0000000a   Data   RW          435    .data               modbus_slave.o
    0x2000024a   COMPRESSED   0x00000200   Data   RW          464    .data               mbcrc.o
    0x2000044a   COMPRESSED   0x00000002   PAD
    0x2000044c   COMPRESSED   0x00000008   Data   RW          510    .data               iso_i2c_ee.o
    0x20000454   COMPRESSED   0x00000008   Data   RW          567    .data               ff.o
    0x2000045c   COMPRESSED   0x0000000c   Data   RW          595    .data               mmc_32f0.o
    0x20000468   COMPRESSED   0x0000000c   Data   RW          642    .data               stm32f0_discovery.o
    0x20000474   COMPRESSED   0x00000008   Data   RW          675    .data               stm32f0xx_it.o
    0x2000047c   COMPRESSED   0x00000014   Data   RW          701    .data               system_stm32f0xx.o
    0x20000490   COMPRESSED   0x00000010   Data   RW          787    .data               stm32f0xx_rcc.o
    0x200004a0        -       0x00000460   Zero   RW            4    .bss                main.o
    0x20000900        -       0x00000138   Zero   RW          433    .bss                modbus_slave.o
    0x20000a38        -       0x0000000c   Zero   RW          483    .bss                rtc_stm.o
    0x20000a44        -       0x00000200   Zero   RW          565    .bss                ff.o
    0x20000c44        -       0x00000060   Zero   RW         1052    .bss                c_p.l(libspace.o)
    0x20000ca4   COMPRESSED   0x00000004   PAD
    0x20000ca8        -       0x00000200   Zero   RW          666    HEAP                startup_stm32f0xx.o
    0x20000ea8        -       0x00000400   Zero   RW          665    STACK               startup_stm32f0xx.o


==============================================================================

Image component sizes


      Code (inc. data)   RO Data    RW Data    ZI Data      Debug   Object Name

        92         12       1216          0          0       4193   ccsbcs.o
         0          0          0        566          0      17256   eeprom_data.o
     15432       1786          0          0          0      27909   eeprom_profile.o
     11704        222        186          8        512      54540   ff.o
      2016        232        165          8          0       6554   iso_i2c_ee.o
       480        162         72          8       1120     265042   main.o
        56          8          0        512          0       1184   mbcrc.o
      1760         32          0         12          0       8241   mmc_32f0.o
      1092         38          0         10        312      12167   modbus_slave.o
       232          6          0          0         12       1148   rtc_stm.o
       116         56        192          0       1536        648   startup_stm32f0xx.o
       300         42         28         12          0       3895   stm32f0_discovery.o
       208         12          0          0          0       2671   stm32f0xx_exti.o
       440         26          0          0          0       4249   stm32f0xx_gpio.o
       892         26          0          0          0      10526   stm32f0xx_i2c.o
        80         30          0          8          0       1149   stm32f0xx_it.o
       128         20          0          0          0       1672   stm32f0xx_misc.o
       240         10          0          0          0       2330   stm32f0xx_pwr.o
      1268         50          0         16          0       9850   stm32f0xx_rcc.o
      2352         66          0          0          0      16384   stm32f0xx_rtc.o
       196         10          0          0          0       2506   stm32f0xx_syscfg.o
      2544        124          0          0          0      25455   stm32f0xx_tim.o
      1268         40          0          0          0      12946   stm32f0xx_usart.o
       340         34          0         20          0       1879   system_stm32f0xx.o
       104         10          0          0          0       2171   util_prj.o
       180          6          0          0          0       1397   util_usart.o

    ----------------------------------------------------------------------
     43520       3060       1896       1184       3492     497962   Object Totals
         0          0         32          0          0          0   (incl. Generated)
         0          0          5          4          0          0   (incl. Padding)

    ----------------------------------------------------------------------

      Code (inc. data)   RO Data    RW Data    ZI Data      Debug   Library Member Name

        86          0          0          0          0          0   __dczerorl2.o
         8          0          0          0          0         68   __main.o
       108          0          0          0          0         76   __printf.o
         0          0          0          0          0          0   __rtentry.o
        12          0          0          0          0          0   __rtentry2.o
         6          0          0          0          0          0   __rtentry4.o
        60          8          0          0          0          0   __scatter.o
        28          0          0          0          0          0   __scatter_zi.o
        10          0          0          0          0          0   _printf_c.o
        46          0          0          0          0        100   _printf_char.o
        48          6          0          0          0         88   _printf_char_common.o
        40          6          0          0          0         72   _printf_char_file.o
        10          0          0          0          0          0   _printf_d.o
       108         18          0          0          0         76   _printf_dec.o
       176          0          0          0          0         84   _printf_intcommon.o
         2          0          0          0          0          0   _printf_percent.o
         4          0          0          0          0          0   _printf_percent_end.o
        10          0          0          0          0          0   _printf_s.o
        82          0          0          0          0         72   _printf_str.o
       488          0          0          0          0         92   aeabi_sdivfast.o
        16          0          0          0          0         68   exit.o
         8          0          0          0          0         60   ferror.o
         6          0          0          0          0        136   heapauxi.o
         0          0          0          0          0          0   indicate_semi.o
         2          0          0          0          0          0   libinit.o
         2          0          0          0          0          0   libinit2.o
         2          0          0          0          0          0   libshutdown.o
         2          0          0          0          0          0   libshutdown2.o
         8          4          0          0         96         68   libspace.o
        28          6          0          0          0         84   noretval__2printf.o
        56          0          0          0          0         68   rt_memcpy.o
         2          0          0          0          0          0   rtexit.o
        10          0          0          0          0          0   rtexit2.o
        40          0          0          0          0         60   rtudiv10.o
        12          4          0          0          0         60   sys_exit.o
        62          0          0          0          0         80   sys_stackheap_outer.o
         2          0          0          0          0         68   use_no_semi.o

    ----------------------------------------------------------------------
      1596         52          0          0        100       1480   Library Totals
         6          0          0          0          4          0   (incl. Padding)

    ----------------------------------------------------------------------

      Code (inc. data)   RO Data    RW Data    ZI Data      Debug   Library Name

      1590         52          0          0         96       1480   c_p.l

    ----------------------------------------------------------------------
      1596         52          0          0        100       1480   Library Totals

    ----------------------------------------------------------------------

==============================================================================


      Code (inc. data)   RO Data    RW Data    ZI Data      Debug   

     45116       3112       1896       1184       3592     496258   Grand Totals
     45116       3112       1896        452       3592     496258   ELF Image Totals (compressed)
     45116       3112       1896        452          0          0   ROM Totals

==============================================================================

    Total RO  Size (Code + RO Data)                47012 (  45.91kB)
    Total RW  Size (RW Data + ZI Data)              4776 (   4.66kB)
    Total ROM Size (Code + RO Data + RW Data)      47464 (  46.35kB)

==============================================================================

