Component: ARM Compiler 5.06 update 5 (build 528) Tool: armlink [4d35e2]

==============================================================================

Section Cross References

    main.o(.text) refers to _printf_percent.o(.ARM.Collect$$_printf_percent$$00000000) for _printf_percent
    main.o(.text) refers to _printf_d.o(.ARM.Collect$$_printf_percent$$00000009) for _printf_d
    main.o(.text) refers to _printf_dec.o(.text) for _printf_int_dec
    main.o(.text) refers to iso_i2c_ee.o(.text) for I2C_EEPROM_24C0x_ReadStructProfile
    main.o(.text) refers to aeabi_sdivfast.o(.text) for __aeabi_uidivmod
    main.o(.text) refers to stm32f0_discovery.o(.text) for STM_EVAL_LEDInit
    main.o(.text) refers to sdlog.o(.text) for init_pushbtn
    main.o(.text) refers to util_usart.o(.text) for init_usart2
    main.o(.text) refers to modbus_slave.o(.text) for init_modbus
    main.o(.text) refers to rtc_stm.o(.text) for RTC_Config_LSE
    main.o(.text) refers to stm32f0xx_rtc.o(.text) for RTC_GetTime
    main.o(.text) refers to __2printf.o(.text) for __2printf
    main.o(.text) refers to setup.o(.text) for initial_setup
    main.o(.text) refers to eeprom_data.o(.data) for profile
    main.o(.text) refers to system_stm32f0xx.o(.data) for SystemCoreClock
    main.o(.text) refers to flags_timers.o(.data) for flagPowerUp
    main.o(.text) refers to eeprom_data.o(.data) for active_profile
    main.o(.text) refers to stm32f0xx_it.o(.data) for flagLEDIndi
    delay.o(.text) refers to delay.o(.data) for .data
    eeprom_data.o(.data) refers to eeprom_data.o(.data) for dummyInitTools
    eeprom_data.o(.data) refers to eeprom_data.o(.data) for dummyInitProfile
    eeprom_profile.o(.text) refers to iso_i2c_ee.o(.text) for I2C_EEPROM_24C0x_ReadStructTools
    eeprom_profile.o(.text) refers to eeprom_data.o(.data) for tools
    eeprom_profile.o(.text) refers to eeprom_data.o(.data) for profile
    setup.o(.text) refers to eeprom_data.o(.data) for profile
    setup.o(.text) refers to flags_timers.o(.data) for flagCurrentCycle
    setup.o(.text) refers to flags_timers.o(.data) for flagAd1PreviousCycle
    setup.o(.text) refers to flags_timers.o(.data) for flagCycleFlipToLightCycle
    setup.o(.text) refers to flags_timers.o(.data) for flagCycleFlipToDarkCycle
    modbus_slave.o(.text) refers to stm32f0xx_rcc.o(.text) for RCC_AHBPeriphClockCmd
    modbus_slave.o(.text) refers to stm32f0xx_gpio.o(.text) for GPIO_PinAFConfig
    modbus_slave.o(.text) refers to stm32f0xx_usart.o(.text) for USART_Init
    modbus_slave.o(.text) refers to stm32f0xx_tim.o(.text) for TIM_GetITStatus
    modbus_slave.o(.text) refers to stm32f0_discovery.o(.text) for STM_EVAL_LEDToggle
    modbus_slave.o(.text) refers to mbcrc.o(.text) for CRC16
    modbus_slave.o(.text) refers to eeprom_profile.o(.text) for eeprom_get_var
    modbus_slave.o(.text) refers to modbus_slave.o(.data) for .data
    modbus_slave.o(.text) refers to modbus_slave.o(.bss) for .bss
    mbcrc.o(.text) refers to mbcrc.o(.data) for .data
    rtc_stm.o(.text) refers to stm32f0xx_rtc.o(.text) for RTC_ReadBackupRegister
    rtc_stm.o(.text) refers to stm32f0xx_rcc.o(.text) for RCC_APB1PeriphClockCmd
    rtc_stm.o(.text) refers to stm32f0xx_pwr.o(.text) for PWR_BackupAccessCmd
    rtc_stm.o(.text) refers to util_prj.o(.text) for get_ct_date_time
    rtc_stm.o(.text) refers to __2printf.o(.text) for __2printf
    rtc_stm.o(.text) refers to rtc_stm.o(.bss) for .bss
    iso_i2c_ee.o(.text) refers to _printf_percent.o(.ARM.Collect$$_printf_percent$$00000000) for _printf_percent
    iso_i2c_ee.o(.text) refers to _printf_s.o(.ARM.Collect$$_printf_percent$$00000014) for _printf_s
    iso_i2c_ee.o(.text) refers to _printf_str.o(.text) for _printf_str
    iso_i2c_ee.o(.text) refers to _printf_c.o(.ARM.Collect$$_printf_percent$$00000013) for _printf_c
    iso_i2c_ee.o(.text) refers to stm32f0xx_i2c.o(.text) for I2C_Cmd
    iso_i2c_ee.o(.text) refers to stm32f0xx_rcc.o(.text) for RCC_APB1PeriphClockCmd
    iso_i2c_ee.o(.text) refers to stm32f0xx_gpio.o(.text) for GPIO_Init
    iso_i2c_ee.o(.text) refers to aeabi_sdivfast.o(.text) for __aeabi_uidivmod
    iso_i2c_ee.o(.text) refers to iso_i2c_ee.o(.data) for .data
    iso_i2c_ee.o(.text) refers to rt_memcpy.o(.emb_text) for __aeabi_memcpy4
    iso_i2c_ee.o(.text) refers to __2printf.o(.text) for __2printf
    iso_i2c_ee.o(.text) refers to iso_i2c_ee.o(.conststring) for .conststring
    ccsbcs.o(.text) refers to ccsbcs.o(.constdata) for .constdata
    ff.o(.text) refers to mmc_32f0.o(.text) for disk_write
    ff.o(.text) refers to ccsbcs.o(.text) for ff_wtoupper
    ff.o(.text) refers to aeabi_sdivfast.o(.text) for __aeabi_uidivmod
    ff.o(.text) refers to ff.o(.constdata) for .constdata
    ff.o(.text) refers to sdlog.o(.text) for get_fattime
    ff.o(.text) refers to ff.o(.data) for .data
    ff.o(.text) refers to ff.o(.bss) for .bss
    mmc_32f0.o(.text) refers to mmc_32f0.o(.data) for .data
[...]
    __rt_exit_exit                           0x0800023f   Thumb Code     0  rtexit2.o(.ARM.Collect$$rtexit$$00000004)
    __aeabi_memcpy4                          0x08000245   Thumb Code    56  rt_memcpy.o(.emb_text)
    __aeabi_memcpy8                          0x08000245   Thumb Code     0  rt_memcpy.o(.emb_text)
    get_profile                              0x0800027d   Thumb Code   370  main.o(.text)
    main                                     0x080003ef   Thumb Code   256  main.o(.text)
    get_ct_date_time                         0x080005e5   Thumb Code    28  util_prj.o(.text)
    Delay                                    0x08000605   Thumb Code    18  delay.o(.text)
    TimingDelay_Decrement                    0x08000617   Thumb Code    16  delay.o(.text)
    eeprom_get_var                           0x0800062d   Thumb Code  8846  eeprom_profile.o(.text)
    set_profile_vals                         0x080028bb   Thumb Code  4938  eeprom_profile.o(.text)
    eeprom_set_var                           0x08003c05   Thumb Code  1602  eeprom_profile.o(.text)
    initial_setup                            0x080042b9   Thumb Code   188  setup.o(.text)
    initUsartModbus                          0x08004389   Thumb Code   132  modbus_slave.o(.text)
    InitializeTimerRxTimeout                 0x0800440d   Thumb Code    20  modbus_slave.o(.text)
    usartPutc                                0x08004421   Thumb Code    28  modbus_slave.o(.text)
    TIM2_IRQHandler                          0x0800443d   Thumb Code    70  modbus_slave.o(.text)
    USART1_IRQHandler                        0x08004483   Thumb Code   120  modbus_slave.o(.text)
    sendPacket                               0x080044fb   Thumb Code    46  modbus_slave.o(.text)
    exceptionResponse                        0x08004529   Thumb Code    56  modbus_slave.o(.text)
    modbus_update                            0x08004561   Thumb Code   558  modbus_slave.o(.text)
    init_modbus                              0x0800478f   Thumb Code    24  modbus_slave.o(.text)
    CRC16                                    0x080047cd   Thumb Code    48  mbcrc.o(.text)
    RTC_Config_LSE                           0x08004805   Thumb Code   204  rtc_stm.o(.text)
    RTC_Config_LSI                           0x080048d1   Thumb Code   140  rtc_stm.o(.text)
    I2C_EEPROM_24C0x_DeInit                  0x080049ad   Thumb Code    66  iso_i2c_ee.o(.text)
    I2C_EEPROM_24C0x_Init                    0x080049ef   Thumb Code   128  iso_i2c_ee.o(.text)
    sEE_TIMEOUT_UserCallback                 0x08004a6f   Thumb Code    14  iso_i2c_ee.o(.text)
    sEE_ReadBuffer                           0x08004a7d   Thumb Code   702  iso_i2c_ee.o(.text)
    sEE_WritePage                            0x08004d3b   Thumb Code   360  iso_i2c_ee.o(.text)
    sEE_WaitEepromStandbyState               0x08004ea3   Thumb Code   110  iso_i2c_ee.o(.text)
    sEE_WriteBuffer                          0x08004f11   Thumb Code   294  iso_i2c_ee.o(.text)
    I2C_EEPROM_24C0x_WriteStructTools        0x08005037   Thumb Code     2  iso_i2c_ee.o(.text)
    I2C_EEPROM_24C0x_ReadStructTools         0x08005039   Thumb Code     8  iso_i2c_ee.o(.text)
    I2C_EEPROM_24C0x_WriteStructProfile      0x08005041   Thumb Code     2  iso_i2c_ee.o(.text)
    I2C_EEPROM_24C0x_ReadStructProfile       0x08005043   Thumb Code     8  iso_i2c_ee.o(.text)
    I2C_EEPROM_24C0x_WriteAndRead            0x0800504b   Thumb Code   106  iso_i2c_ee.o(.text)
    ff_convert                               0x0800518d   Thumb Code    52  ccsbcs.o(.text)
    ff_wtoupper                              0x080051c1   Thumb Code    28  ccsbcs.o(.text)
    f_mount                                  0x08006389   Thumb Code    78  ff.o(.text)
    f_open                                   0x080063d7   Thumb Code   490  ff.o(.text)
    f_read                                   0x080065c1   Thumb Code   372  ff.o(.text)
    f_write                                  0x08006735   Thumb Code   434  ff.o(.text)
    f_sync                                   0x080068e7   Thumb Code   144  ff.o(.text)
    f_close                                  0x08006977   Thumb Code    30  ff.o(.text)
    f_chdir                                  0x08006995   Thumb Code    86  ff.o(.text)
    f_getcwd                                 0x080069eb   Thumb Code   292  ff.o(.text)
    f_lseek                                  0x08006b0f   Thumb Code   340  ff.o(.text)
    f_opendir                                0x08006c63   Thumb Code   102  ff.o(.text)
    f_closedir                               0x08006cc9   Thumb Code    20  ff.o(.text)
    f_readdir                                0x08006cdd   Thumb Code    70  ff.o(.text)
    f_stat                                   0x08006d23   Thumb Code    62  ff.o(.text)
    f_getfree                                0x08006d61   Thumb Code   208  ff.o(.text)
    f_truncate                               0x08006e31   Thumb Code   170  ff.o(.text)
    f_unlink                                 0x08006edb   Thumb Code   232  ff.o(.text)
    f_mkdir                                  0x08006fc3   Thumb Code   366  ff.o(.text)
    f_rename                                 0x08007131   Thumb Code   344  ff.o(.text)
    f_chmod                                  0x08007289   Thumb Code    86  ff.o(.text)
    f_utime                                  0x080072df   Thumb Code    80  ff.o(.text)
    f_getlabel                               0x0800732f   Thumb Code   156  ff.o(.text)
    f_setlabel                               0x080073cb   Thumb Code   374  ff.o(.text)
    f_mkfs                                   0x08007541   Thumb Code  1438  ff.o(.text)
    f_gets                                   0x08007adf   Thumb Code    72  ff.o(.text)
    f_putc                                   0x08007b61   Thumb Code    66  ff.o(.text)
    f_puts                                   0x08007ba3   Thumb Code    82  ff.o(.text)
    f_printf                                 0x08007bf5   Thumb Code   580  ff.o(.text)
    disk_initialize                          0x0800813d   Thumb Code   406  mmc_32f0.o(.text)
    disk_status                              0x080082d3   Thumb Code    14  mmc_32f0.o(.text)
    disk_read                                0x080082e1   Thumb Code   146  mmc_32f0.o(.text)
    disk_write                               0x08008373   Thumb Code   198  mmc_32f0.o(.text)
    disk_ioctl                               0x08008439   Thumb Code   456  mmc_32f0.o(.text)
    disk_timerproc                           0x08008601   Thumb Code    60  mmc_32f0.o(.text)
    get_fattime                              0x08008699   Thumb Code    76  sdlog.o(.text)
    init_TIM3                                0x080086e5   Thumb Code    88  sdlog.o(.text)
    ADC_Config                               0x0800873d   Thumb Code   122  sdlog.o(.text)
    init_pushbtn                             0x080087b7   Thumb Code    44  sdlog.o(.text)
    init_sd                                  0x080087e3   Thumb Code    32  sdlog.o(.text)
    start_logging                            0x08008803   Thumb Code   178  sdlog.o(.text)
    stop_logging                             0x080088b5   Thumb Code    44  sdlog.o(.text)
    cont_logging                             0x080088e1   Thumb Code   198  sdlog.o(.text)
    TIM3_IRQHandler                          0x080089a7   Thumb Code    60  sdlog.o(.text)
    EXTI0_1_IRQHandler                       0x080089e3   Thumb Code   196  sdlog.o(.text)
    init_usart2                              0x08008d15   Thumb Code   114  util_usart.o(.text)
    usart2_putchar                           0x08008d87   Thumb Code    28  util_usart.o(.text)
    fputc                                    0x08008da3   Thumb Code    32  util_usart.o(.text)
    STM_EVAL_LEDInit                         0x08008dc9   Thumb Code    54  stm32f0_discovery.o(.text)
    STM_EVAL_LEDOn                           0x08008dff   Thumb Code    16  stm32f0_discovery.o(.text)
    STM_EVAL_LEDOff                          0x08008e0f   Thumb Code    16  stm32f0_discovery.o(.text)
    STM_EVAL_LEDToggle                       0x08008e1f   Thumb Code    20  stm32f0_discovery.o(.text)
    STM_EVAL_PBInit                          0x08008e33   Thumb Code   132  stm32f0_discovery.o(.text)
    STM_EVAL_PBGetState                      0x08008eb7   Thumb Code    20  stm32f0_discovery.o(.text)
    Reset_Handler                            0x08008ef5   Thumb Code    38  startup_stm32f0xx.o(.text)
    ADC1_COMP_IRQHandler                     0x08008f25   Thumb Code     0  startup_stm32f0xx.o(.text)
    CEC_IRQHandler                           0x08008f25   Thumb Code     0  startup_stm32f0xx.o(.text)
    DMA1_Channel1_IRQHandler                 0x08008f25   Thumb Code     0  startup_stm32f0xx.o(.text)
    DMA1_Channel2_3_IRQHandler               0x08008f25   Thumb Code     0  startup_stm32f0xx.o(.text)
    DMA1_Channel4_5_IRQHandler               0x08008f25   Thumb Code     0  startup_stm32f0xx.o(.text)
    EXTI2_3_IRQHandler                       0x08008f25   Thumb Code     0  startup_stm32f0xx.o(.text)
    EXTI4_15_IRQHandler                      0x08008f25   Thumb Code     0  startup_stm32f0xx.o(.text)
    FLASH_IRQHandler                         0x08008f25   Thumb Code     0  startup_stm32f0xx.o(.text)
    I2C1_IRQHandler                          0x08008f25   Thumb Code     0  startup_stm32f0xx.o(.text)
    I2C2_IRQHandler                          0x08008f25   Thumb Code     0  startup_stm32f0xx.o(.text)
    PVD_IRQHandler                           0x08008f25   Thumb Code     0  startup_stm32f0xx.o(.text)
    RCC_IRQHandler                           0x08008f25   Thumb Code     0  startup_stm32f0xx.o(.text)
    RTC_IRQHandler                           0x08008f25   Thumb Code     0  startup_stm32f0xx.o(.text)
    SPI1_IRQHandler                          0x08008f25   Thumb Code     0  startup_stm32f0xx.o(.text)
    SPI2_IRQHandler                          0x08008f25   Thumb Code     0  startup_stm32f0xx.o(.text)
    TIM14_IRQHandler                         0x08008f25   Thumb Code     0  startup_stm32f0xx.o(.text)
    TIM15_IRQHandler                         0x08008f25   Thumb Code     0  startup_stm32f0xx.o(.text)
    TIM16_IRQHandler                         0x08008f25   Thumb Code     0  startup_stm32f0xx.o(.text)
    TIM17_IRQHandler                         0x08008f25   Thumb Code     0  startup_stm32f0xx.o(.text)
    TIM1_BRK_UP_TRG_COM_IRQHandler           0x08008f25   Thumb Code     0  startup_stm32f0xx.o(.text)
    TIM1_CC_IRQHandler                       0x08008f25   Thumb Code     0  startup_stm32f0xx.o(.text)
    TIM6_DAC_IRQHandler                      0x08008f25   Thumb Code     0  startup_stm32f0xx.o(.text)
    TS_IRQHandler                            0x08008f25   Thumb Code     0  startup_stm32f0xx.o(.text)
    USART2_IRQHandler                        0x08008f25   Thumb Code     0  startup_stm32f0xx.o(.text)
    WWDG_IRQHandler                          0x08008f25   Thumb Code     0  startup_stm32f0xx.o(.text)
    __user_initial_stackheap                 0x08008f29   Thumb Code     0  startup_stm32f0xx.o(.text)
    NMI_Handler                              0x08008f69   Thumb Code     2  stm32f0xx_it.o(.text)
    HardFault_Handler                        0x08008f6b   Thumb Code     8  stm32f0xx_it.o(.text)
    SVC_Handler                              0x08008f73   Thumb Code     2  stm32f0xx_it.o(.text)
    PendSV_Handler                           0x08008f75   Thumb Code     2  stm32f0xx_it.o(.text)
    SysTick_Handler                          0x08008f77   Thumb Code    36  stm32f0xx_it.o(.text)
    SystemInit                               0x08008fb9   Thumb Code   216  system_stm32f0xx.o(.text)
    SystemCoreClockUpdate                    0x08009091   Thumb Code    90  system_stm32f0xx.o(.text)
    EXTI_DeInit                              0x0800910d   Thumb Code    20  stm32f0xx_exti.o(.text)
    EXTI_Init                                0x08009121   Thumb Code   108  stm32f0xx_exti.o(.text)
    EXTI_StructInit                          0x0800918d   Thumb Code    14  stm32f0xx_exti.o(.text)
    EXTI_GenerateSWInterrupt                 0x0800919b   Thumb Code    10  stm32f0xx_exti.o(.text)
    EXTI_GetFlagStatus                       0x080091a5   Thumb Code    16  stm32f0xx_exti.o(.text)
    EXTI_ClearFlag                           0x080091b5   Thumb Code     6  stm32f0xx_exti.o(.text)
    EXTI_GetITStatus                         0x080091bb   Thumb Code    16  stm32f0xx_exti.o(.text)
    EXTI_ClearITPendingBit                   0x080091cb   Thumb Code     6  stm32f0xx_exti.o(.text)
    GPIO_DeInit                              0x080091dd   Thumb Code   160  stm32f0xx_gpio.o(.text)
    GPIO_Init                                0x0800927d   Thumb Code   114  stm32f0xx_gpio.o(.text)
    GPIO_StructInit                          0x080092ef   Thumb Code    18  stm32f0xx_gpio.o(.text)
    GPIO_PinLockConfig                       0x08009301   Thumb Code    28  stm32f0xx_gpio.o(.text)
    GPIO_ReadInputDataBit                    0x0800931d   Thumb Code    14  stm32f0xx_gpio.o(.text)
    GPIO_ReadInputData                       0x0800932b   Thumb Code     4  stm32f0xx_gpio.o(.text)
    GPIO_ReadOutputDataBit                   0x0800932f   Thumb Code    14  stm32f0xx_gpio.o(.text)
    GPIO_ReadOutputData                      0x0800933d   Thumb Code     4  stm32f0xx_gpio.o(.text)
    GPIO_SetBits                             0x08009341   Thumb Code     4  stm32f0xx_gpio.o(.text)
    GPIO_ResetBits                           0x08009345   Thumb Code     4  stm32f0xx_gpio.o(.text)
    GPIO_WriteBit                            0x08009349   Thumb Code    12  stm32f0xx_gpio.o(.text)
    GPIO_Write                               0x08009355   Thumb Code     4  stm32f0xx_gpio.o(.text)
    GPIO_PinAFConfig                         0x08009359   Thumb Code    34  stm32f0xx_gpio.o(.text)
    NVIC_Init                                0x08009395   Thumb Code    70  stm32f0xx_misc.o(.text)
    NVIC_SystemLPConfig                      0x080093db   Thumb Code    18  stm32f0xx_misc.o(.text)
    SysTick_CLKSourceConfig                  0x080093ed   Thumb Code    20  stm32f0xx_misc.o(.text)
    RCC_DeInit                               0x08009415   Thumb Code    76  stm32f0xx_rcc.o(.text)
    RCC_HSEConfig                            0x08009461   Thumb Code    10  stm32f0xx_rcc.o(.text)
    RCC_GetFlagStatus                        0x0800946b   Thumb Code    48  stm32f0xx_rcc.o(.text)
    RCC_WaitForHSEStartUp                    0x0800949b   Thumb Code    54  stm32f0xx_rcc.o(.text)
    RCC_AdjustHSICalibrationValue            0x080094d1   Thumb Code    16  stm32f0xx_rcc.o(.text)
    RCC_HSICmd                               0x080094e1   Thumb Code    22  stm32f0xx_rcc.o(.text)
    RCC_AdjustHSI14CalibrationValue          0x080094f7   Thumb Code    16  stm32f0xx_rcc.o(.text)
    RCC_HSI14Cmd                             0x08009507   Thumb Code    22  stm32f0xx_rcc.o(.text)
    RCC_HSI14ADCRequestCmd                   0x0800951d   Thumb Code    20  stm32f0xx_rcc.o(.text)
    RCC_LSEConfig                            0x08009531   Thumb Code    26  stm32f0xx_rcc.o(.text)
    RCC_LSEDriveConfig                       0x0800954b   Thumb Code    18  stm32f0xx_rcc.o(.text)
    RCC_LSICmd                               0x0800955d   Thumb Code    22  stm32f0xx_rcc.o(.text)
    RCC_PLLConfig                            0x08009573   Thumb Code    26  stm32f0xx_rcc.o(.text)
    RCC_PLLCmd                               0x0800958d   Thumb Code    22  stm32f0xx_rcc.o(.text)
    RCC_HSI48Cmd                             0x080095a3   Thumb Code    22  stm32f0xx_rcc.o(.text)
    RCC_PREDIV1Config                        0x080095b9   Thumb Code    14  stm32f0xx_rcc.o(.text)
    RCC_ClockSecuritySystemCmd               0x080095c7   Thumb Code    22  stm32f0xx_rcc.o(.text)
    RCC_MCOConfig                            0x080095dd   Thumb Code     6  stm32f0xx_rcc.o(.text)
    RCC_SYSCLKConfig                         0x080095e3   Thumb Code    14  stm32f0xx_rcc.o(.text)
    RCC_GetSYSCLKSource                      0x080095f1   Thumb Code    10  stm32f0xx_rcc.o(.text)
    RCC_HCLKConfig                           0x080095fb   Thumb Code    14  stm32f0xx_rcc.o(.text)
    RCC_PCLKConfig                           0x08009609   Thumb Code    16  stm32f0xx_rcc.o(.text)
    RCC_ADCCLKConfig                         0x08009619   Thumb Code    38  stm32f0xx_rcc.o(.text)
    RCC_CECCLKConfig                         0x0800963f   Thumb Code    18  stm32f0xx_rcc.o(.text)
    RCC_I2CCLKConfig                         0x08009651   Thumb Code    18  stm32f0xx_rcc.o(.text)
    RCC_USARTCLKConfig                       0x08009663   Thumb Code    48  stm32f0xx_rcc.o(.text)
    RCC_USBCLKConfig                         0x08009693   Thumb Code    18  stm32f0xx_rcc.o(.text)
    RCC_GetClocksFreq                        0x080096a5   Thumb Code   392  stm32f0xx_rcc.o(.text)
    RCC_RTCCLKConfig                         0x0800982d   Thumb Code    10  stm32f0xx_rcc.o(.text)
    RCC_RTCCLKCmd                            0x08009837   Thumb Code    22  stm32f0xx_rcc.o(.text)
    RCC_BackupResetCmd                       0x0800984d   Thumb Code    22  stm32f0xx_rcc.o(.text)
    RCC_AHBPeriphClockCmd                    0x08009863   Thumb Code    18  stm32f0xx_rcc.o(.text)
    RCC_APB2PeriphClockCmd                   0x08009875   Thumb Code    18  stm32f0xx_rcc.o(.text)
    RCC_APB1PeriphClockCmd                   0x08009887   Thumb Code    18  stm32f0xx_rcc.o(.text)
    RCC_AHBPeriphResetCmd                    0x08009899   Thumb Code    18  stm32f0xx_rcc.o(.text)
    RCC_APB2PeriphResetCmd                   0x080098ab   Thumb Code    18  stm32f0xx_rcc.o(.text)
    RCC_APB1PeriphResetCmd                   0x080098bd   Thumb Code    18  stm32f0xx_rcc.o(.text)
    RCC_ITConfig                             0x080098cf   Thumb Code    18  stm32f0xx_rcc.o(.text)
    RCC_ClearFlag                            0x080098e1   Thumb Code    14  stm32f0xx_rcc.o(.text)
    RCC_GetITStatus                          0x080098ef   Thumb Code    16  stm32f0xx_rcc.o(.text)
    RCC_ClearITPendingBit                    0x080098ff   Thumb Code     6  stm32f0xx_rcc.o(.text)
    SYSCFG_DeInit                            0x08009909   Thumb Code    30  stm32f0xx_syscfg.o(.text)
    SYSCFG_MemoryRemapConfig                 0x08009927   Thumb Code    14  stm32f0xx_syscfg.o(.text)
    SYSCFG_DMAChannelRemapConfig             0x08009935   Thumb Code    18  stm32f0xx_syscfg.o(.text)
    SYSCFG_I2CFastModePlusConfig             0x08009947   Thumb Code    18  stm32f0xx_syscfg.o(.text)
    SYSCFG_IRDAEnvSelection                  0x08009959   Thumb Code    18  stm32f0xx_syscfg.o(.text)
    SYSCFG_EXTILineConfig                    0x0800996b   Thumb Code    36  stm32f0xx_syscfg.o(.text)
    SYSCFG_GetPendingIT                      0x0800998f   Thumb Code    18  stm32f0xx_syscfg.o(.text)
    SYSCFG_BreakConfig                       0x080099a1   Thumb Code    10  stm32f0xx_syscfg.o(.text)
    SYSCFG_GetFlagStatus                     0x080099ab   Thumb Code    14  stm32f0xx_syscfg.o(.text)
    SYSCFG_ClearFlag                         0x080099b9   Thumb Code    10  stm32f0xx_syscfg.o(.text)
    USART_DeInit                             0x080099cd   Thumb Code   192  stm32f0xx_usart.o(.text)
    USART_Init                               0x08009a8d   Thumb Code   148  stm32f0xx_usart.o(.text)
    USART_StructInit                         0x08009b21   Thumb Code    22  stm32f0xx_usart.o(.text)
    USART_ClockInit                          0x08009b37   Thumb Code    32  stm32f0xx_usart.o(.text)
    USART_ClockStructInit                    0x08009b57   Thumb Code    12  stm32f0xx_usart.o(.text)
    USART_Cmd                                0x08009b63   Thumb Code    20  stm32f0xx_usart.o(.text)
    USART_DirectionModeCmd                   0x08009b77   Thumb Code    16  stm32f0xx_usart.o(.text)
    USART_OverSampling8Cmd                   0x08009b87   Thumb Code    20  stm32f0xx_usart.o(.text)
    USART_OneBitMethodCmd                    0x08009b9b   Thumb Code    20  stm32f0xx_usart.o(.text)
    USART_MSBFirstCmd                        0x08009baf   Thumb Code    20  stm32f0xx_usart.o(.text)
    USART_DataInvCmd                         0x08009bc3   Thumb Code    20  stm32f0xx_usart.o(.text)
    USART_InvPinCmd                          0x08009bd7   Thumb Code    16  stm32f0xx_usart.o(.text)
    USART_SWAPPinCmd                         0x08009be7   Thumb Code    20  stm32f0xx_usart.o(.text)
    USART_ReceiverTimeOutCmd                 0x08009bfb   Thumb Code    20  stm32f0xx_usart.o(.text)
    USART_SetReceiverTimeOut                 0x08009c0f   Thumb Code    16  stm32f0xx_usart.o(.text)
    USART_SetPrescaler                       0x08009c1f   Thumb Code    16  stm32f0xx_usart.o(.text)
    USART_STOPModeCmd                        0x08009c2f   Thumb Code    18  stm32f0xx_usart.o(.text)
    USART_StopModeWakeUpSourceConfig         0x08009c41   Thumb Code    18  stm32f0xx_usart.o(.text)
    USART_AutoBaudRateCmd                    0x08009c53   Thumb Code    20  stm32f0xx_usart.o(.text)
    USART_AutoBaudRateConfig                 0x08009c67   Thumb Code    18  stm32f0xx_usart.o(.text)
    USART_SendData                           0x08009c79   Thumb Code     8  stm32f0xx_usart.o(.text)
    USART_ReceiveData                        0x08009c81   Thumb Code     8  stm32f0xx_usart.o(.text)
    USART_SetAddress                         0x08009c89   Thumb Code    18  stm32f0xx_usart.o(.text)
    USART_MuteModeCmd                        0x08009c9b   Thumb Code    20  stm32f0xx_usart.o(.text)
    USART_MuteModeWakeUpConfig               0x08009caf   Thumb Code    18  stm32f0xx_usart.o(.text)
    USART_AddressDetectionConfig             0x08009cc1   Thumb Code    16  stm32f0xx_usart.o(.text)
    USART_LINBreakDetectLengthConfig         0x08009cd1   Thumb Code    16  stm32f0xx_usart.o(.text)
    USART_LINCmd                             0x08009ce1   Thumb Code    20  stm32f0xx_usart.o(.text)
    USART_HalfDuplexCmd                      0x08009cf5   Thumb Code    18  stm32f0xx_usart.o(.text)
    USART_SetGuardTime                       0x08009d07   Thumb Code    16  stm32f0xx_usart.o(.text)
    USART_SmartCardCmd                       0x08009d17   Thumb Code    18  stm32f0xx_usart.o(.text)
    USART_SmartCardNACKCmd                   0x08009d29   Thumb Code    18  stm32f0xx_usart.o(.text)
    USART_SetAutoRetryCount                  0x08009d3b   Thumb Code    20  stm32f0xx_usart.o(.text)
    USART_SetBlockLength                     0x08009d4f   Thumb Code    18  stm32f0xx_usart.o(.text)
    USART_IrDAConfig                         0x08009d61   Thumb Code    16  stm32f0xx_usart.o(.text)
    USART_IrDACmd                            0x08009d71   Thumb Code    18  stm32f0xx_usart.o(.text)
    USART_DECmd                              0x08009d83   Thumb Code    20  stm32f0xx_usart.o(.text)
    USART_DEPolarityConfig                   0x08009d97   Thumb Code    58  stm32f0xx_usart.o(.text)
    USART_SetDEAssertionTime                 0x08009dd1   Thumb Code    20  stm32f0xx_usart.o(.text)
    USART_SetDEDeassertionTime               0x08009de5   Thumb Code    20  stm32f0xx_usart.o(.text)
    USART_DMACmd                             0x08009df9   Thumb Code    16  stm32f0xx_usart.o(.text)
    USART_DMAReceptionErrorConfig            0x08009e09   Thumb Code    18  stm32f0xx_usart.o(.text)
    USART_ITConfig                           0x08009e1b   Thumb Code    44  stm32f0xx_usart.o(.text)
    USART_RequestCmd                         0x08009e47   Thumb Code    16  stm32f0xx_usart.o(.text)
    USART_OverrunDetectionConfig             0x08009e57   Thumb Code    18  stm32f0xx_usart.o(.text)
    USART_GetFlagStatus                      0x08009e69   Thumb Code    14  stm32f0xx_usart.o(.text)
    USART_ClearFlag                          0x08009e77   Thumb Code     4  stm32f0xx_usart.o(.text)
    USART_GetITStatus                        0x08009e7b   Thumb Code    60  stm32f0xx_usart.o(.text)
    USART_ClearITPendingBit                  0x08009eb7   Thumb Code    10  stm32f0xx_usart.o(.text)
    TIM_DeInit                               0x08009ec1   Thumb Code   218  stm32f0xx_tim.o(.text)
    TIM_TimeBaseInit                         0x08009f9b   Thumb Code    90  stm32f0xx_tim.o(.text)
    TIM_TimeBaseStructInit                   0x08009ff5   Thumb Code    18  stm32f0xx_tim.o(.text)
    TIM_PrescalerConfig                      0x0800a007   Thumb Code     6  stm32f0xx_tim.o(.text)
    TIM_CounterModeConfig                    0x0800a00d   Thumb Code    12  stm32f0xx_tim.o(.text)
    TIM_SetCounter                           0x0800a019   Thumb Code     4  stm32f0xx_tim.o(.text)
    TIM_SetAutoreload                        0x0800a01d   Thumb Code     4  stm32f0xx_tim.o(.text)
    TIM_GetCounter                           0x0800a021   Thumb Code     4  stm32f0xx_tim.o(.text)
    TIM_GetPrescaler                         0x0800a025   Thumb Code     4  stm32f0xx_tim.o(.text)
    TIM_UpdateDisableConfig                  0x0800a029   Thumb Code    18  stm32f0xx_tim.o(.text)
    TIM_UpdateRequestConfig                  0x0800a03b   Thumb Code    18  stm32f0xx_tim.o(.text)
    TIM_ARRPreloadConfig                     0x0800a04d   Thumb Code    18  stm32f0xx_tim.o(.text)
    TIM_SelectOnePulseMode                   0x0800a05f   Thumb Code    16  stm32f0xx_tim.o(.text)
    TIM_SetClockDivision                     0x0800a06f   Thumb Code    16  stm32f0xx_tim.o(.text)
    TIM_Cmd                                  0x0800a07f   Thumb Code    20  stm32f0xx_tim.o(.text)
    TIM_BDTRConfig                           0x0800a093   Thumb Code    36  stm32f0xx_tim.o(.text)
    TIM_BDTRStructInit                       0x0800a0b7   Thumb Code    18  stm32f0xx_tim.o(.text)
    TIM_CtrlPWMOutputs                       0x0800a0c9   Thumb Code    24  stm32f0xx_tim.o(.text)
    TIM_OC1Init                              0x0800a0e1   Thumb Code   106  stm32f0xx_tim.o(.text)
    TIM_OC2Init                              0x0800a14b   Thumb Code   126  stm32f0xx_tim.o(.text)
    TIM_OC3Init                              0x0800a1c9   Thumb Code   112  stm32f0xx_tim.o(.text)
    TIM_OC4Init                              0x0800a239   Thumb Code    80  stm32f0xx_tim.o(.text)
    TIM_OCStructInit                         0x0800a289   Thumb Code    92  stm32f0xx_tim.o(.text)
    TIM_SelectOCxM                           0x0800a2e5   Thumb Code    78  stm32f0xx_tim.o(.text)
    TIM_SetCompare1                          0x0800a333   Thumb Code     4  stm32f0xx_tim.o(.text)
    TIM_SetCompare2                          0x0800a337   Thumb Code     4  stm32f0xx_tim.o(.text)
    TIM_SetCompare3                          0x0800a33b   Thumb Code     4  stm32f0xx_tim.o(.text)
    TIM_SetCompare4                          0x0800a33f   Thumb Code     4  stm32f0xx_tim.o(.text)
    TIM_ForcedOC1Config                      0x0800a343   Thumb Code    12  stm32f0xx_tim.o(.text)
    TIM_ForcedOC2Config                      0x0800a34f   Thumb Code    14  stm32f0xx_tim.o(.text)
    TIM_ForcedOC3Config                      0x0800a35d   Thumb Code    12  stm32f0xx_tim.o(.text)
    TIM_ForcedOC4Config                      0x0800a369   Thumb Code    14  stm32f0xx_tim.o(.text)
    TIM_CCPreloadControl                     0x0800a377   Thumb Code    20  stm32f0xx_tim.o(.text)
    TIM_OC1PreloadConfig                     0x0800a38b   Thumb Code    12  stm32f0xx_tim.o(.text)
    TIM_OC2PreloadConfig                     0x0800a397   Thumb Code    14  stm32f0xx_tim.o(.text)
    TIM_OC3PreloadConfig                     0x0800a3a5   Thumb Code    12  stm32f0xx_tim.o(.text)
    TIM_OC4PreloadConfig                     0x0800a3b1   Thumb Code    14  stm32f0xx_tim.o(.text)
    TIM_OC1FastConfig                        0x0800a3bf   Thumb Code    12  stm32f0xx_tim.o(.text)
    TIM_OC2FastConfig                        0x0800a3cb   Thumb Code    14  stm32f0xx_tim.o(.text)
    TIM_OC3FastConfig                        0x0800a3d9   Thumb Code    12  stm32f0xx_tim.o(.text)
    TIM_OC4FastConfig                        0x0800a3e5   Thumb Code    14  stm32f0xx_tim.o(.text)
    TIM_ClearOC1Ref                          0x0800a3f3   Thumb Code    12  stm32f0xx_tim.o(.text)
    TIM_ClearOC2Ref                          0x0800a3ff   Thumb Code    14  stm32f0xx_tim.o(.text)
    TIM_ClearOC3Ref                          0x0800a40d   Thumb Code    12  stm32f0xx_tim.o(.text)
    TIM_ClearOC4Ref                          0x0800a419   Thumb Code    14  stm32f0xx_tim.o(.text)
    TIM_OC1PolarityConfig                    0x0800a427   Thumb Code    12  stm32f0xx_tim.o(.text)
    TIM_OC1NPolarityConfig                   0x0800a433   Thumb Code    12  stm32f0xx_tim.o(.text)
    TIM_OC2PolarityConfig                    0x0800a43f   Thumb Code    14  stm32f0xx_tim.o(.text)
    TIM_OC2NPolarityConfig                   0x0800a44d   Thumb Code    14  stm32f0xx_tim.o(.text)
    TIM_OC3PolarityConfig                    0x0800a45b   Thumb Code    14  stm32f0xx_tim.o(.text)
    TIM_OC3NPolarityConfig                   0x0800a469   Thumb Code    14  stm32f0xx_tim.o(.text)
    TIM_OC4PolarityConfig                    0x0800a477   Thumb Code    14  stm32f0xx_tim.o(.text)
    TIM_SelectOCREFClear                     0x0800a485   Thumb Code    16  stm32f0xx_tim.o(.text)
    TIM_CCxCmd                               0x0800a495   Thumb Code    24  stm32f0xx_tim.o(.text)
    TIM_CCxNCmd                              0x0800a4ad   Thumb Code    24  stm32f0xx_tim.o(.text)
    TIM_SelectCOM                            0x0800a4c5   Thumb Code    18  stm32f0xx_tim.o(.text)
    TIM_SetIC4Prescaler                      0x0800a4d7   Thumb Code    18  stm32f0xx_tim.o(.text)
    TIM_SetIC3Prescaler                      0x0800a4e9   Thumb Code    16  stm32f0xx_tim.o(.text)
    TIM_SetIC2Prescaler                      0x0800a4f9   Thumb Code    18  stm32f0xx_tim.o(.text)
    TIM_SetIC1Prescaler                      0x0800a50b   Thumb Code    16  stm32f0xx_tim.o(.text)
    TIM_ICInit                               0x0800a51b   Thumb Code   198  stm32f0xx_tim.o(.text)
    TIM_ICStructInit                         0x0800a5e1   Thumb Code    16  stm32f0xx_tim.o(.text)
    TIM_PWMIConfig                           0x0800a5f1   Thumb Code   140  stm32f0xx_tim.o(.text)
    TIM_GetCapture1                          0x0800a67d   Thumb Code     4  stm32f0xx_tim.o(.text)
    TIM_GetCapture2                          0x0800a681   Thumb Code     4  stm32f0xx_tim.o(.text)
    TIM_GetCapture3                          0x0800a685   Thumb Code     4  stm32f0xx_tim.o(.text)
    TIM_GetCapture4                          0x0800a689   Thumb Code     4  stm32f0xx_tim.o(.text)
    TIM_ITConfig                             0x0800a68d   Thumb Code    16  stm32f0xx_tim.o(.text)
    TIM_GenerateEvent                        0x0800a69d   Thumb Code     4  stm32f0xx_tim.o(.text)
    TIM_GetFlagStatus                        0x0800a6a1   Thumb Code    14  stm32f0xx_tim.o(.text)
    TIM_ClearFlag                            0x0800a6af   Thumb Code     6  stm32f0xx_tim.o(.text)
    TIM_GetITStatus                          0x0800a6b5   Thumb Code    24  stm32f0xx_tim.o(.text)
    TIM_ClearITPendingBit                    0x0800a6cd   Thumb Code     6  stm32f0xx_tim.o(.text)
    TIM_DMAConfig                            0x0800a6d3   Thumb Code     8  stm32f0xx_tim.o(.text)
    TIM_DMACmd                               0x0800a6db   Thumb Code    16  stm32f0xx_tim.o(.text)
    TIM_SelectCCDMA                          0x0800a6eb   Thumb Code    18  stm32f0xx_tim.o(.text)
    TIM_InternalClockConfig                  0x0800a6fd   Thumb Code    10  stm32f0xx_tim.o(.text)
    TIM_SelectInputTrigger                   0x0800a707   Thumb Code    12  stm32f0xx_tim.o(.text)
    TIM_ITRxExternalClockConfig              0x0800a713   Thumb Code    20  stm32f0xx_tim.o(.text)
    TIM_TIxExternalClockConfig               0x0800a727   Thumb Code    96  stm32f0xx_tim.o(.text)
    TIM_ETRConfig                            0x0800a787   Thumb Code    20  stm32f0xx_tim.o(.text)
    TIM_ETRClockMode1Config                  0x0800a79b   Thumb Code    38  stm32f0xx_tim.o(.text)
    TIM_ETRClockMode2Config                  0x0800a7c1   Thumb Code    30  stm32f0xx_tim.o(.text)
    TIM_SelectOutputTrigger                  0x0800a7df   Thumb Code    16  stm32f0xx_tim.o(.text)
    TIM_SelectSlaveMode                      0x0800a7ef   Thumb Code    16  stm32f0xx_tim.o(.text)
    TIM_SelectMasterSlaveMode                0x0800a7ff   Thumb Code    16  stm32f0xx_tim.o(.text)
    TIM_EncoderInterfaceConfig               0x0800a80f   Thumb Code    44  stm32f0xx_tim.o(.text)
    TIM_SelectHallSensor                     0x0800a83b   Thumb Code    18  stm32f0xx_tim.o(.text)
    TIM_RemapConfig                          0x0800a84d   Thumb Code     6  stm32f0xx_tim.o(.text)
    RTC_WaitForSynchro                       0x0800a8b1   Thumb Code    78  stm32f0xx_rtc.o(.text)
    RTC_EnterInitMode                        0x0800a8ff   Thumb Code    60  stm32f0xx_rtc.o(.text)
    RTC_DeInit                               0x0800a93b   Thumb Code    74  stm32f0xx_rtc.o(.text)
    RTC_ExitInitMode                         0x0800a985   Thumb Code    12  stm32f0xx_rtc.o(.text)
    RTC_Init                                 0x0800a991   Thumb Code    72  stm32f0xx_rtc.o(.text)
    RTC_StructInit                           0x0800a9d9   Thumb Code    14  stm32f0xx_rtc.o(.text)
    RTC_WriteProtectionCmd                   0x0800a9e7   Thumb Code    20  stm32f0xx_rtc.o(.text)
    RTC_RefClockCmd                          0x0800a9fb   Thumb Code    58  stm32f0xx_rtc.o(.text)
    RTC_BypassShadowCmd                      0x0800aa35   Thumb Code    34  stm32f0xx_rtc.o(.text)
    RTC_SetTime                              0x0800aa57   Thumb Code   132  stm32f0xx_rtc.o(.text)
    RTC_TimeStructInit                       0x0800aadb   Thumb Code    12  stm32f0xx_rtc.o(.text)
    RTC_GetTime                              0x0800aae7   Thumb Code    84  stm32f0xx_rtc.o(.text)
    RTC_GetSubSecond                         0x0800ab3b   Thumb Code     8  stm32f0xx_rtc.o(.text)
    RTC_SetDate                              0x0800ab43   Thumb Code   128  stm32f0xx_rtc.o(.text)
    RTC_DateStructInit                       0x0800abc3   Thumb Code    14  stm32f0xx_rtc.o(.text)
    RTC_GetDate                              0x0800abd1   Thumb Code    86  stm32f0xx_rtc.o(.text)
    RTC_SetAlarm                             0x0800ac27   Thumb Code   158  stm32f0xx_rtc.o(.text)
    RTC_AlarmStructInit                      0x0800acc5   Thumb Code    20  stm32f0xx_rtc.o(.text)
    RTC_GetAlarm                             0x0800acd9   Thumb Code   114  stm32f0xx_rtc.o(.text)
    RTC_AlarmCmd                             0x0800ad4b   Thumb Code    78  stm32f0xx_rtc.o(.text)
    RTC_AlarmSubSecondConfig                 0x0800ad99   Thumb Code    24  stm32f0xx_rtc.o(.text)
    RTC_GetAlarmSubSecond                    0x0800adb1   Thumb Code    10  stm32f0xx_rtc.o(.text)
    RTC_WakeUpClockConfig                    0x0800adbb   Thumb Code    30  stm32f0xx_rtc.o(.text)
    RTC_SetWakeUpCounter                     0x0800add9   Thumb Code    18  stm32f0xx_rtc.o(.text)
    RTC_GetWakeUpCounter                     0x0800adeb   Thumb Code     8  stm32f0xx_rtc.o(.text)
    RTC_WakeUpCmd                            0x0800adf3   Thumb Code    78  stm32f0xx_rtc.o(.text)
    RTC_DayLightSavingConfig                 0x0800ae41   Thumb Code    38  stm32f0xx_rtc.o(.text)
    RTC_GetStoreOperation                    0x0800ae67   Thumb Code    12  stm32f0xx_rtc.o(.text)
    RTC_OutputConfig                         0x0800ae73   Thumb Code    38  stm32f0xx_rtc.o(.text)
    RTC_CalibOutputCmd                       0x0800ae99   Thumb Code    34  stm32f0xx_rtc.o(.text)
    RTC_CalibOutputConfig                    0x0800aebb   Thumb Code    32  stm32f0xx_rtc.o(.text)
    RTC_SmoothCalibConfig                    0x0800aedb   Thumb Code    62  stm32f0xx_rtc.o(.text)
    RTC_TimeStampCmd                         0x0800af19   Thumb Code    42  stm32f0xx_rtc.o(.text)
    RTC_GetTimeStamp                         0x0800af43   Thumb Code   164  stm32f0xx_rtc.o(.text)
    RTC_GetTimeStampSubSecond                0x0800afe7   Thumb Code     6  stm32f0xx_rtc.o(.text)
    RTC_TamperTriggerConfig                  0x0800afed   Thumb Code    20  stm32f0xx_rtc.o(.text)
    RTC_TamperCmd                            0x0800b001   Thumb Code    18  stm32f0xx_rtc.o(.text)
    RTC_TamperFilterConfig                   0x0800b013   Thumb Code    20  stm32f0xx_rtc.o(.text)
    RTC_TamperSamplingFreqConfig             0x0800b027   Thumb Code    20  stm32f0xx_rtc.o(.text)
    RTC_TamperPinsPrechargeDuration          0x0800b03b   Thumb Code    20  stm32f0xx_rtc.o(.text)
    RTC_TimeStampOnTamperDetectionCmd        0x0800b04f   Thumb Code    20  stm32f0xx_rtc.o(.text)
    RTC_TamperPullUpCmd                      0x0800b063   Thumb Code    20  stm32f0xx_rtc.o(.text)
    RTC_WriteBackupRegister                  0x0800b077   Thumb Code    16  stm32f0xx_rtc.o(.text)
    RTC_ReadBackupRegister                   0x0800b087   Thumb Code    16  stm32f0xx_rtc.o(.text)
    RTC_OutputTypeConfig                     0x0800b097   Thumb Code    20  stm32f0xx_rtc.o(.text)
    RTC_SynchroShiftConfig                   0x0800b0ab   Thumb Code    98  stm32f0xx_rtc.o(.text)
    RTC_ITConfig                             0x0800b10d   Thumb Code    56  stm32f0xx_rtc.o(.text)
    RTC_GetFlagStatus                        0x0800b145   Thumb Code    20  stm32f0xx_rtc.o(.text)
    RTC_ClearFlag                            0x0800b159   Thumb Code    22  stm32f0xx_rtc.o(.text)
    RTC_GetITStatus                          0x0800b16f   Thumb Code    54  stm32f0xx_rtc.o(.text)
    RTC_ClearITPendingBit                    0x0800b1a5   Thumb Code    22  stm32f0xx_rtc.o(.text)
    PWR_DeInit                               0x0800b1e1   Thumb Code    22  stm32f0xx_pwr.o(.text)
    PWR_BackupAccessCmd                      0x0800b1f7   Thumb Code    20  stm32f0xx_pwr.o(.text)
    PWR_PVDLevelConfig                       0x0800b20b   Thumb Code    14  stm32f0xx_pwr.o(.text)
    PWR_PVDCmd                               0x0800b219   Thumb Code    20  stm32f0xx_pwr.o(.text)
    PWR_WakeUpPinCmd                         0x0800b22d   Thumb Code    18  stm32f0xx_pwr.o(.text)
    PWR_EnterSleepMode                       0x0800b23f   Thumb Code    26  stm32f0xx_pwr.o(.text)
    PWR_EnterSTOPMode                        0x0800b259   Thumb Code    58  stm32f0xx_pwr.o(.text)
    PWR_EnterSTANDBYMode                     0x0800b293   Thumb Code    24  stm32f0xx_pwr.o(.text)
    PWR_GetFlagStatus                        0x0800b2ab   Thumb Code    16  stm32f0xx_pwr.o(.text)
    PWR_ClearFlag                            0x0800b2bb   Thumb Code    12  stm32f0xx_pwr.o(.text)
    I2C_DeInit                               0x0800b2d1   Thumb Code    48  stm32f0xx_i2c.o(.text)
    I2C_Init                                 0x0800b301   Thumb Code    94  stm32f0xx_i2c.o(.text)
    I2C_StructInit                           0x0800b35f   Thumb Code    22  stm32f0xx_i2c.o(.text)
    I2C_Cmd                                  0x0800b375   Thumb Code    20  stm32f0xx_i2c.o(.text)
    I2C_SoftwareResetCmd                     0x0800b389   Thumb Code    20  stm32f0xx_i2c.o(.text)
    I2C_ITConfig                             0x0800b39d   Thumb Code    16  stm32f0xx_i2c.o(.text)
    I2C_StretchClockCmd                      0x0800b3ad   Thumb Code    20  stm32f0xx_i2c.o(.text)
    I2C_StopModeCmd                          0x0800b3c1   Thumb Code    20  stm32f0xx_i2c.o(.text)
    I2C_DualAddressCmd                       0x0800b3d5   Thumb Code    20  stm32f0xx_i2c.o(.text)
    I2C_OwnAddress2Config                    0x0800b3e9   Thumb Code    26  stm32f0xx_i2c.o(.text)
    I2C_GeneralCallCmd                       0x0800b403   Thumb Code    20  stm32f0xx_i2c.o(.text)
    I2C_SlaveByteControlCmd                  0x0800b417   Thumb Code    20  stm32f0xx_i2c.o(.text)
    I2C_SlaveAddressConfig                   0x0800b42b   Thumb Code    16  stm32f0xx_i2c.o(.text)
    I2C_10BitAddressingModeCmd               0x0800b43b   Thumb Code    20  stm32f0xx_i2c.o(.text)
    I2C_AutoEndCmd                           0x0800b44f   Thumb Code    20  stm32f0xx_i2c.o(.text)
    I2C_ReloadCmd                            0x0800b463   Thumb Code    20  stm32f0xx_i2c.o(.text)
    I2C_NumberOfBytesConfig                  0x0800b477   Thumb Code    16  stm32f0xx_i2c.o(.text)
    I2C_MasterRequestConfig                  0x0800b487   Thumb Code    20  stm32f0xx_i2c.o(.text)
    I2C_GenerateSTART                        0x0800b49b   Thumb Code    20  stm32f0xx_i2c.o(.text)
    I2C_GenerateSTOP                         0x0800b4af   Thumb Code    20  stm32f0xx_i2c.o(.text)
    I2C_10BitAddressHeaderCmd                0x0800b4c3   Thumb Code    20  stm32f0xx_i2c.o(.text)
    I2C_AcknowledgeConfig                    0x0800b4d7   Thumb Code    20  stm32f0xx_i2c.o(.text)
    I2C_GetAddressMatched                    0x0800b4eb   Thumb Code    10  stm32f0xx_i2c.o(.text)
    I2C_GetTransferDirection                 0x0800b4f5   Thumb Code    18  stm32f0xx_i2c.o(.text)
    I2C_TransferHandling                     0x0800b507   Thumb Code    30  stm32f0xx_i2c.o(.text)
    I2C_SMBusAlertCmd                        0x0800b525   Thumb Code    20  stm32f0xx_i2c.o(.text)
    I2C_ClockTimeoutCmd                      0x0800b539   Thumb Code    20  stm32f0xx_i2c.o(.text)
    I2C_ExtendedClockTimeoutCmd              0x0800b54d   Thumb Code    22  stm32f0xx_i2c.o(.text)
    I2C_IdleClockTimeoutCmd                  0x0800b563   Thumb Code    20  stm32f0xx_i2c.o(.text)
    I2C_TimeoutAConfig                       0x0800b577   Thumb Code    16  stm32f0xx_i2c.o(.text)
    I2C_TimeoutBConfig                       0x0800b587   Thumb Code    16  stm32f0xx_i2c.o(.text)
    I2C_CalculatePEC                         0x0800b597   Thumb Code    20  stm32f0xx_i2c.o(.text)
    I2C_PECRequestCmd                        0x0800b5ab   Thumb Code    20  stm32f0xx_i2c.o(.text)
    I2C_GetPEC                               0x0800b5bf   Thumb Code     6  stm32f0xx_i2c.o(.text)
    I2C_ReadRegister                         0x0800b5c5   Thumb Code    12  stm32f0xx_i2c.o(.text)
    I2C_SendData                             0x0800b5d1   Thumb Code     4  stm32f0xx_i2c.o(.text)
    I2C_ReceiveData                          0x0800b5d5   Thumb Code     6  stm32f0xx_i2c.o(.text)
    I2C_DMACmd                               0x0800b5db   Thumb Code    16  stm32f0xx_i2c.o(.text)
    I2C_GetFlagStatus                        0x0800b5eb   Thumb Code    14  stm32f0xx_i2c.o(.text)
    I2C_ClearFlag                            0x0800b5f9   Thumb Code     4  stm32f0xx_i2c.o(.text)
    I2C_GetITStatus                          0x0800b5fd   Thumb Code    50  stm32f0xx_i2c.o(.text)
    I2C_ClearITPendingBit                    0x0800b62f   Thumb Code     4  stm32f0xx_i2c.o(.text)
    ADC_DeInit                               0x0800b64d   Thumb Code    30  stm32f0xx_adc.o(.text)
    ADC_Init                                 0x0800b66b   Thumb Code    40  stm32f0xx_adc.o(.text)
    ADC_StructInit                           0x0800b693   Thumb Code    16  stm32f0xx_adc.o(.text)
    ADC_Cmd                                  0x0800b6a3   Thumb Code    22  stm32f0xx_adc.o(.text)
    ADC_ClockModeConfig                      0x0800b6b9   Thumb Code     4  stm32f0xx_adc.o(.text)
    ADC_JitterCmd                            0x0800b6bd   Thumb Code    16  stm32f0xx_adc.o(.text)
    ADC_AutoPowerOffCmd                      0x0800b6cd   Thumb Code    20  stm32f0xx_adc.o(.text)
    ADC_WaitModeCmd                          0x0800b6e1   Thumb Code    20  stm32f0xx_adc.o(.text)
    ADC_AnalogWatchdogCmd                    0x0800b6f5   Thumb Code    20  stm32f0xx_adc.o(.text)
    ADC_AnalogWatchdogThresholdsConfig       0x0800b709   Thumb Code     8  stm32f0xx_adc.o(.text)
    ADC_AnalogWatchdogSingleChannelConfig    0x0800b711   Thumb Code    14  stm32f0xx_adc.o(.text)
    ADC_AnalogWatchdogSingleChannelCmd       0x0800b71f   Thumb Code    20  stm32f0xx_adc.o(.text)
    ADC_TempSensorCmd                        0x0800b733   Thumb Code    22  stm32f0xx_adc.o(.text)
    ADC_VrefintCmd                           0x0800b749   Thumb Code    22  stm32f0xx_adc.o(.text)
    ADC_VbatCmd                              0x0800b75f   Thumb Code    22  stm32f0xx_adc.o(.text)
    ADC_ChannelConfig                        0x0800b775   Thumb Code    10  stm32f0xx_adc.o(.text)
    ADC_ContinuousModeCmd                    0x0800b77f   Thumb Code    20  stm32f0xx_adc.o(.text)
    ADC_DiscModeCmd                          0x0800b793   Thumb Code    20  stm32f0xx_adc.o(.text)
    ADC_OverrunModeCmd                       0x0800b7a7   Thumb Code    20  stm32f0xx_adc.o(.text)
    ADC_GetCalibrationFactor                 0x0800b7bb   Thumb Code    46  stm32f0xx_adc.o(.text)
    ADC_StopOfConversion                     0x0800b7e9   Thumb Code    10  stm32f0xx_adc.o(.text)
    ADC_StartOfConversion                    0x0800b7f3   Thumb Code    10  stm32f0xx_adc.o(.text)
    ADC_GetConversionValue                   0x0800b7fd   Thumb Code     6  stm32f0xx_adc.o(.text)
    ADC_DMACmd                               0x0800b803   Thumb Code    20  stm32f0xx_adc.o(.text)
    ADC_DMARequestModeConfig                 0x0800b817   Thumb Code    16  stm32f0xx_adc.o(.text)
    ADC_ITConfig                             0x0800b827   Thumb Code    16  stm32f0xx_adc.o(.text)
    ADC_GetFlagStatus                        0x0800b837   Thumb Code    28  stm32f0xx_adc.o(.text)
    ADC_ClearFlag                            0x0800b853   Thumb Code     4  stm32f0xx_adc.o(.text)
    ADC_GetITStatus                          0x0800b857   Thumb Code    22  stm32f0xx_adc.o(.text)
    ADC_ClearITPendingBit                    0x0800b86d   Thumb Code     4  stm32f0xx_adc.o(.text)
    __c89printf                              0x0800b87d   Thumb Code    22  c89printf.o(.text)
    __2printf                                0x0800b899   Thumb Code    22  __2printf.o(.text)
    __2sprintf                               0x0800b8b5   Thumb Code    40  __2sprintf.o(.text)
    _printf_pre_padding                      0x0800b8e1   Thumb Code    44  _printf_pad.o(.text)
    _printf_post_padding                     0x0800b90d   Thumb Code    34  _printf_pad.o(.text)
    _printf_str                              0x0800b92f   Thumb Code    82  _printf_str.o(.text)
    _printf_int_dec                          0x0800b981   Thumb Code    90  _printf_dec.o(.text)
    __printf                                 0x0800b9ed   Thumb Code   386  __printf_flags_ss_wp.o(.text)
    _memset_w                                0x0800bb75   Thumb Code    26  rt_memclr.o(.text)
    _memset                                  0x0800bb8f   Thumb Code    30  rt_memclr.o(.text)
    __aeabi_memclr                           0x0800bbad   Thumb Code     4  rt_memclr.o(.text)
    __rt_memclr                              0x0800bbad   Thumb Code     0  rt_memclr.o(.text)
    __aeabi_memclr4                          0x0800bbb1   Thumb Code     0  rt_memclr.o(.text)
    __aeabi_memclr8                          0x0800bbb1   Thumb Code     0  rt_memclr.o(.text)
    __rt_memclr_w                            0x0800bbb1   Thumb Code     4  rt_memclr.o(.text)
    __aeabi_uidiv                            0x0800bbb5   Thumb Code     0  aeabi_sdivfast.o(.text)
    __aeabi_uidivmod                         0x0800bbb5   Thumb Code    28  aeabi_sdivfast.o(.text)
    __aeabi_idiv                             0x0800bbd1   Thumb Code     0  aeabi_sdivfast.o(.text)
    __aeabi_idivmod                          0x0800bbd1   Thumb Code   460  aeabi_sdivfast.o(.text)
    __use_two_region_memory                  0x0800bd9d   Thumb Code     2  heapauxi.o(.text)
    __rt_heap_escrow$2region                 0x0800bd9f   Thumb Code     2  heapauxi.o(.text)
    __rt_heap_expand$2region                 0x0800bda1   Thumb Code     2  heapauxi.o(.text)
    __aeabi_d2f                              0x0800bda5   Thumb Code     0  d2f.o(.text)
    _d2f                                     0x0800bda5   Thumb Code   120  d2f.o(.text)
    __aeabi_ddiv                             0x0800be21   Thumb Code     0  ddiv.o(.text)
    _ddiv                                    0x0800be21   Thumb Code  1072  ddiv.o(.text)
    _drdiv                                   0x0800c251   Thumb Code    20  ddiv.o(.text)
    __aeabi_i2d_normalise                    0x0800c269   Thumb Code    66  dflti.o(.text)
    __aeabi_i2d                              0x0800c2ab   Thumb Code    16  dflti.o(.text)
    _dflt                                    0x0800c2ab   Thumb Code     0  dflti.o(.text)
    __aeabi_ui2d                             0x0800c2bb   Thumb Code     6  dflti.o(.text)
    _dfltu                                   0x0800c2bb   Thumb Code     0  dflti.o(.text)
    __aeabi_f2d                              0x0800c2c1   Thumb Code     0  f2d.o(.text)
    _f2d                                     0x0800c2c1   Thumb Code    80  f2d.o(.text)
    _printf_truncate_signed                  0x0800c315   Thumb Code    18  _printf_truncate.o(.text)
    _printf_truncate_unsigned                0x0800c327   Thumb Code    18  _printf_truncate.o(.text)
    _printf_int_common                       0x0800c339   Thumb Code   176  _printf_intcommon.o(.text)
    _printf_charcount                        0x0800c3e9   Thumb Code    38  _printf_charcount.o(.text)
    __lib_sel_fp_printf                      0x0800c411   Thumb Code     2  _printf_fp_dec.o(.text)
    _printf_fp_dec_real                      0x0800c5af   Thumb Code   620  _printf_fp_dec.o(.text)
    _printf_char_common                      0x0800c833   Thumb Code    32  _printf_char_common.o(.text)
    _sputc                                   0x0800c859   Thumb Code    10  _sputc.o(.text)
    _printf_cs_common                        0x0800c863   Thumb Code    22  _printf_char.o(.text)
    _printf_char                             0x0800c879   Thumb Code    16  _printf_char.o(.text)
    _printf_string                           0x0800c889   Thumb Code     8  _printf_char.o(.text)
    _printf_char_file                        0x0800c891   Thumb Code    34  _printf_char_file.o(.text)
    _printf_wctomb                           0x0800c8b9   Thumb Code   182  _printf_wctomb.o(.text)
    _printf_longlong_dec                     0x0800c975   Thumb Code    94  _printf_longlong_dec.o(.text)
    _printf_longlong_oct                     0x0800c9e5   Thumb Code    68  _printf_oct_int_ll.o(.text)
    _printf_int_oct                          0x0800ca29   Thumb Code    24  _printf_oct_int_ll.o(.text)
    _printf_ll_oct                           0x0800ca41   Thumb Code    10  _printf_oct_int_ll.o(.text)
    _printf_longlong_hex                     0x0800ca55   Thumb Code    88  _printf_hex_int_ll_ptr.o(.text)
    _printf_int_hex                          0x0800caad   Thumb Code    28  _printf_hex_int_ll_ptr.o(.text)
    _printf_ll_hex                           0x0800cac9   Thumb Code    10  _printf_hex_int_ll_ptr.o(.text)
    _printf_hex_ptr                          0x0800cad3   Thumb Code    22  _printf_hex_int_ll_ptr.o(.text)
    __rt_udiv10                              0x0800caed   Thumb Code    40  rtudiv10.o(.text)
    __rt_locale                              0x0800cb15   Thumb Code     8  rt_locale_intlibspace.o(.text)
    _ll_udiv10                               0x0800cb1d   Thumb Code   122  lludiv10.o(.text)
    _printf_fp_infnan                        0x0800cb99   Thumb Code   120  _printf_fp_infnan.o(.text)
    _printf_lcs_common                       0x0800cc21   Thumb Code    22  _printf_wchar.o(.text)
    _printf_wchar                            0x0800cc37   Thumb Code    16  _printf_wchar.o(.text)
    _printf_wstring                          0x0800cc47   Thumb Code     8  _printf_wchar.o(.text)
    _btod_etento                             0x0800cc51   Thumb Code   210  bigflt0.o(.text)
    _btod_d2e                                0x0800cd29   Thumb Code    64  btod.o(.text)
    _btod_emul                               0x0800d15d   Thumb Code    28  btod.o(.text)
    _btod_emuld                              0x0800d179   Thumb Code   144  btod.o(.text)
    _btod_ediv                               0x0800d209   Thumb Code    26  btod.o(.text)
    _btod_edivd                              0x0800d223   Thumb Code   124  btod.o(.text)
    ferror                                   0x0800d2a9   Thumb Code     8  ferror.o(.text)
    _wcrtomb                                 0x0800d2b1   Thumb Code    64  _wcrtomb.o(.text)
    __user_libspace                          0x0800d2f1   Thumb Code     8  libspace.o(.text)
    __user_perproc_libspace                  0x0800d2f1   Thumb Code     0  libspace.o(.text)
    __user_perthread_libspace                0x0800d2f1   Thumb Code     0  libspace.o(.text)
    __user_setup_stackheap                   0x0800d2f9   Thumb Code    62  sys_stackheap_outer.o(.text)
    __rt_ctype_table                         0x0800d339   Thumb Code    16  rt_ctype_table.o(.text)
    exit                                     0x0800d349   Thumb Code    16  exit.o(.text)
    strcmp                                   0x0800d359   Thumb Code   160  strcmpv6m.o(.text)
    _sys_exit                                0x0800d3f9   Thumb Code     8  sys_exit.o(.text)
    __I$use$semihosting                      0x0800d405   Thumb Code     0  use_no_semi.o(.text)
    __use_no_semihosting_swi                 0x0800d405   Thumb Code     2  use_no_semi.o(.text)
    __decompress                             0x0800d407   Thumb Code     0  __dczerorl2.o(.text)
    __decompress1                            0x0800d407   Thumb Code    86  __dczerorl2.o(.text)
    __semihosting_library_function           0x0800d407   Thumb Code     0  indicate_semi.o(.text)
    __ARM_common_ll_muluu                    0x0800d45d   Thumb Code    48  btod.o(i.__ARM_common_ll_muluu)
    __ARM_fpclassify                         0x0800d48d   Thumb Code    40  fpclassify.o(i.__ARM_fpclassify)
    _is_digit                                0x0800d4b9   Thumb Code    14  __printf_wp.o(i._is_digit)
    _get_lc_numeric                          0x0800d4c9   Thumb Code    44  lc_numeric_c.o(locale$$code)
    _get_lc_ctype                            0x0800d4f5   Thumb Code    44  lc_ctype_c.o(locale$$code)
    _printf_fp_dec                           0x0800d521   Thumb Code    16  printf1.o(x$fpl$printf1)
    __I$use$fp                               0x0800d530   Number         0  usenofp.o(x$fpl$usenofp)
    BUTTON_PIN                               0x0800daac   Data           2  stm32f0_discovery.o(.constdata)
    BUTTON_EXTI_LINE                         0x0800daae   Data           2  stm32f0_discovery.o(.constdata)
    BUTTON_PORT_SOURCE                       0x0800dab0   Data           2  stm32f0_discovery.o(.constdata)
    BUTTON_PIN_SOURCE                        0x0800dab2   Data           2  stm32f0_discovery.o(.constdata)
    BUTTON_IRQn                              0x0800dab4   Data           2  stm32f0_discovery.o(.constdata)
    GPIO_PIN                                 0x0800dab6   Data           4  stm32f0_discovery.o(.constdata)
    BUTTON_CLK                               0x0800dabc   Data           4  stm32f0_discovery.o(.constdata)
    GPIO_CLK                                 0x0800dac0   Data           8  stm32f0_discovery.o(.constdata)
    Region$$Table$$Base                      0x0800dd58   Number         0  anon$$obj.o(Region$$Table)
    Region$$Table$$Limit                     0x0800dd78   Number         0  anon$$obj.o(Region$$Table)
    __ctype                                  0x0800dda1   Data           0  lc_ctype_c.o(locale$$data)
    __stdout                                 0x20000000   Data           4  main.o(.data)
    TimingDelay                              0x20000004   Data           4  delay.o(.data)
    flagPowerUp                              0x20000008   Data           1  flags_timers.o(.data)
    flagCurrentCycle                         0x20000009   Data           1  flags_timers.o(.data)
    flagCycleFlipToLightCycle                0x2000000a   Data           1  flags_timers.o(.data)
    flagCycleFlipToDarkCycle                 0x2000000b   Data           1  flags_timers.o(.data)
    flagAd1PreviousCycle                     0x2000000c   Data           1  flags_timers.o(.data)
    dummyInitTools                           0x2000000d   Data          62  eeprom_data.o(.data)
    tools                                    0x2000004c   Data           4  eeprom_data.o(.data)
    dummyInitProfile                         0x20000050   Data         496  eeprom_data.o(.data)
    profile                                  0x20000240   Data           4  eeprom_data.o(.data)
    active_profile                           0x20000244   Data           1  eeprom_data.o(.data)
    slaveID                                  0x20000246   Data           1  modbus_slave.o(.data)
    broadcastFlag                            0x20000247   Data           1  modbus_slave.o(.data)
    function                                 0x20000248   Data           1  modbus_slave.o(.data)
    buffer                                   0x2000024a   Data           2  modbus_slave.o(.data)
    flag_rx_complete                         0x2000024c   Data           2  modbus_slave.o(.data)
    errorCount                               0x2000024e   Data           2  modbus_slave.o(.data)
    sEEAddress                               0x20000450   Data           2  iso_i2c_ee.o(.data)
    sEEDataNum                               0x20000452   Data           2  iso_i2c_ee.o(.data)
    sEETimeout                               0x20000454   Data           4  iso_i2c_ee.o(.data)
    button_prev                              0x2000046c   Data           1  sdlog.o(.data)
    line_no                                  0x20000476   Data           2  sdlog.o(.data)
    BUTTON_PORT                              0x2000047c   Data           4  stm32f0_discovery.o(.data)
    GPIO_PORT                                0x20000480   Data           8  stm32f0_discovery.o(.data)
    flagLEDIndi                              0x20000488   Data           1  stm32f0xx_it.o(.data)
    SystemCoreClock                          0x20000490   Data           4  system_stm32f0xx.o(.data)
    AHBPrescTable                            0x20000494   Data          16  system_stm32f0xx.o(.data)
    timerInitStructure                       0x200004b4   Data          12  modbus_slave.o(.bss)
    frame                                    0x200004c0   Data         100  modbus_slave.o(.bss)
    dummyHoldingReg                          0x20000524   Data         200  modbus_slave.o(.bss)
    RTC_InitStructure                        0x200005ec   Data          12  rtc_stm.o(.bss)
    fileReadBuffr                            0x20000ffc   Data         200  sdlog.o(.bss)
    __libspace_start                         0x200010c4   Data          96  libspace.o(.bss)
    __temporary_stack_top$libspace           0x20001124   Data           0  libspace.o(.bss)



==============================================================================

Memory Map of the image

  Image Entry point : 0x080000c1

  Load Region LR_IROM1 (Base: 0x08000000, Size: 0x0000e358, Max: 0x00010000, ABSOLUTE, COMPRESSED[0x0000e06c])

    Execution Region ER_IROM1 (Exec base: 0x08000000, Load base: 0x08000000, Size: 0x0000dea4, Max: 0x00010000, ABSOLUTE)

    Exec Addr    Load Addr    Size         Type   Attr      Idx    E Section Name        Object

    0x08000000   0x08000000   0x000000c0   Data   RO          774    RESET               startup_stm32f0xx.o
    0x080000c0   0x080000c0   0x00000008   Code   RO         1133  * !!!main             c_p.l(__main.o)
    0x080000c8   0x080000c8   0x0000003c   Code   RO         1425    !!!scatter          c_p.l(__scatter.o)
    0x08000104   0x08000104   0x0000001c   Code   RO         1427    !!handler_zi        c_p.l(__scatter_zi.o)
    0x08000120   0x08000120   0x00000002   Code   RO         1120    .ARM.Collect$$_printf_percent$$00000000  c_p.l(_printf_percent.o)
    0x08000122   0x08000122   0x0000000a   Code   RO         1199    .ARM.Collect$$_printf_percent$$00000001  c_p.l(_printf_n.o)
    0x0800012c   0x0800012c   0x0000000a   Code   RO         1201    .ARM.Collect$$_printf_percent$$00000002  c_p.l(_printf_p.o)
    0x08000136   0x08000136   0x0000000a   Code   RO         1119    .ARM.Collect$$_printf_percent$$00000003  c_p.l(_printf_f.o)
    0x08000140   0x08000140   0x0000000a   Code   RO         1205    .ARM.Collect$$_printf_percent$$00000004  c_p.l(_printf_e.o)
    0x0800014a   0x0800014a   0x0000000a   Code   RO         1206    .ARM.Collect$$_printf_percent$$00000005  c_p.l(_printf_g.o)
    0x08000154   0x08000154   0x0000000a   Code   RO         1207    .ARM.Collect$$_printf_percent$$00000006  c_p.l(_printf_a.o)
    0x0800015e   0x0800015e   0x0000000a   Code   RO         1212    .ARM.Collect$$_printf_percent$$00000007  c_p.l(_printf_ll.o)
    0x08000168   0x08000168   0x0000000a   Code   RO         1203    .ARM.Collect$$_printf_percent$$00000008  c_p.l(_printf_i.o)
    0x08000172   0x08000172   0x0000000a   Code   RO         1118    .ARM.Collect$$_printf_percent$$00000009  c_p.l(_printf_d.o)
    0x0800017c   0x0800017c   0x0000000a   Code   RO         1204    .ARM.Collect$$_printf_percent$$0000000A  c_p.l(_printf_u.o)
    0x08000186   0x08000186   0x0000000a   Code   RO         1202    .ARM.Collect$$_printf_percent$$0000000B  c_p.l(_printf_o.o)
    0x08000190   0x08000190   0x0000000a   Code   RO         1200    .ARM.Collect$$_printf_percent$$0000000C  c_p.l(_printf_x.o)
    0x0800019a   0x0800019a   0x0000000a   Code   RO         1209    .ARM.Collect$$_printf_percent$$0000000D  c_p.l(_printf_lli.o)
    0x080001a4   0x080001a4   0x0000000a   Code   RO         1210    .ARM.Collect$$_printf_percent$$0000000E  c_p.l(_printf_lld.o)
    0x080001ae   0x080001ae   0x0000000a   Code   RO         1211    .ARM.Collect$$_printf_percent$$0000000F  c_p.l(_printf_llu.o)
    0x080001b8   0x080001b8   0x0000000a   Code   RO         1216    .ARM.Collect$$_printf_percent$$00000010  c_p.l(_printf_llo.o)
    0x080001c2   0x080001c2   0x0000000a   Code   RO         1217    .ARM.Collect$$_printf_percent$$00000011  c_p.l(_printf_llx.o)
    0x080001cc   0x080001cc   0x0000000a   Code   RO         1213    .ARM.Collect$$_printf_percent$$00000012  c_p.l(_printf_l.o)
    0x080001d6   0x080001d6   0x0000000a   Code   RO         1116    .ARM.Collect$$_printf_percent$$00000013  c_p.l(_printf_c.o)
    0x080001e0   0x080001e0   0x0000000a   Code   RO         1117    .ARM.Collect$$_printf_percent$$00000014  c_p.l(_printf_s.o)
    0x080001ea   0x080001ea   0x0000000a   Code   RO         1214    .ARM.Collect$$_printf_percent$$00000015  c_p.l(_printf_lc.o)
    0x080001f4   0x080001f4   0x0000000a   Code   RO         1215    .ARM.Collect$$_printf_percent$$00000016  c_p.l(_printf_ls.o)
    0x080001fe   0x080001fe   0x00000004   Code   RO         1208    .ARM.Collect$$_printf_percent$$00000017  c_p.l(_printf_percent_end.o)
    0x08000202   0x08000202   0x00000002   Code   RO         1292    .ARM.Collect$$libinit$$00000000  c_p.l(libinit.o)
    0x08000204   0x08000204   0x00000000   Code   RO         1294    .ARM.Collect$$libinit$$00000002  c_p.l(libinit2.o)
    0x08000204   0x08000204   0x00000000   Code   RO         1296    .ARM.Collect$$libinit$$00000004  c_p.l(libinit2.o)
    0x08000204   0x08000204   0x00000000   Code   RO         1299    .ARM.Collect$$libinit$$0000000A  c_p.l(libinit2.o)
    0x08000204   0x08000204   0x00000000   Code   RO         1301    .ARM.Collect$$libinit$$0000000C  c_p.l(libinit2.o)
    0x08000204   0x08000204   0x00000000   Code   RO         1303    .ARM.Collect$$libinit$$0000000E  c_p.l(libinit2.o)
    0x08000204   0x08000204   0x00000006   Code   RO         1304    .ARM.Collect$$libinit$$0000000F  c_p.l(libinit2.o)
    0x0800020a   0x0800020a   0x00000000   Code   RO         1306    .ARM.Collect$$libinit$$00000011  c_p.l(libinit2.o)
    0x0800020a   0x0800020a   0x0000000c   Code   RO         1307    .ARM.Collect$$libinit$$00000012  c_p.l(libinit2.o)
    0x08000216   0x08000216   0x00000000   Code   RO         1308    .ARM.Collect$$libinit$$00000013  c_p.l(libinit2.o)
    0x08000216   0x08000216   0x00000000   Code   RO         1310    .ARM.Collect$$libinit$$00000015  c_p.l(libinit2.o)
    0x08000216   0x08000216   0x0000000a   Code   RO         1311    .ARM.Collect$$libinit$$00000016  c_p.l(libinit2.o)
    0x08000220   0x08000220   0x00000000   Code   RO         1312    .ARM.Collect$$libinit$$00000017  c_p.l(libinit2.o)
    0x08000220   0x08000220   0x00000000   Code   RO         1314    .ARM.Collect$$libinit$$00000019  c_p.l(libinit2.o)
    0x08000220   0x08000220   0x00000000   Code   RO         1316    .ARM.Collect$$libinit$$0000001B  c_p.l(libinit2.o)
    0x08000220   0x08000220   0x00000000   Code   RO         1318    .ARM.Collect$$libinit$$0000001D  c_p.l(libinit2.o)
    0x08000220   0x08000220   0x00000000   Code   RO         1320    .ARM.Collect$$libinit$$0000001F  c_p.l(libinit2.o)
    0x08000220   0x08000220   0x00000000   Code   RO         1322    .ARM.Collect$$libinit$$00000021  c_p.l(libinit2.o)
    0x08000220   0x08000220   0x00000000   Code   RO         1324    .ARM.Collect$$libinit$$00000023  c_p.l(libinit2.o)
    0x08000220   0x08000220   0x00000000   Code   RO         1326    .ARM.Collect$$libinit$$00000025  c_p.l(libinit2.o)
    0x08000220   0x08000220   0x00000000   Code   RO         1330    .ARM.Collect$$libinit$$0000002C  c_p.l(libinit2.o)
    0x08000220   0x08000220   0x00000000   Code   RO         1332    .ARM.Collect$$libinit$$0000002E  c_p.l(libinit2.o)
    0x08000220   0x08000220   0x00000000   Code   RO         1334    .ARM.Collect$$libinit$$00000030  c_p.l(libinit2.o)
    0x08000220   0x08000220   0x00000000   Code   RO         1336    .ARM.Collect$$libinit$$00000032  c_p.l(libinit2.o)
    0x08000220   0x08000220   0x00000002   Code   RO         1337    .ARM.Collect$$libinit$$00000033  c_p.l(libinit2.o)
    0x08000222   0x08000222   0x00000002   Code   RO         1388    .ARM.Collect$$libshutdown$$00000000  c_p.l(libshutdown.o)
    0x08000224   0x08000224   0x00000000   Code   RO         1406    .ARM.Collect$$libshutdown$$00000002  c_p.l(libshutdown2.o)
    0x08000224   0x08000224   0x00000000   Code   RO         1408    .ARM.Collect$$libshutdown$$00000004  c_p.l(libshutdown2.o)
    0x08000224   0x08000224   0x00000000   Code   RO         1411    .ARM.Collect$$libshutdown$$00000007  c_p.l(libshutdown2.o)
    0x08000224   0x08000224   0x00000000   Code   RO         1414    .ARM.Collect$$libshutdown$$0000000A  c_p.l(libshutdown2.o)
    0x08000224   0x08000224   0x00000000   Code   RO         1416    .ARM.Collect$$libshutdown$$0000000C  c_p.l(libshutdown2.o)
    0x08000224   0x08000224   0x00000000   Code   RO         1419    .ARM.Collect$$libshutdown$$0000000F  c_p.l(libshutdown2.o)
    0x08000224   0x08000224   0x00000002   Code   RO         1420    .ARM.Collect$$libshutdown$$00000010  c_p.l(libshutdown2.o)
    0x08000226   0x08000226   0x00000000   Code   RO         1146    .ARM.Collect$$rtentry$$00000000  c_p.l(__rtentry.o)
    0x08000226   0x08000226   0x00000000   Code   RO         1222    .ARM.Collect$$rtentry$$00000002  c_p.l(__rtentry2.o)
    0x08000226   0x08000226   0x00000006   Code   RO         1234    .ARM.Collect$$rtentry$$00000004  c_p.l(__rtentry4.o)
    0x0800022c   0x0800022c   0x00000000   Code   RO         1224    .ARM.Collect$$rtentry$$00000009  c_p.l(__rtentry2.o)
    0x0800022c   0x0800022c   0x00000004   Code   RO         1225    .ARM.Collect$$rtentry$$0000000A  c_p.l(__rtentry2.o)
    0x08000230   0x08000230   0x00000000   Code   RO         1227    .ARM.Collect$$rtentry$$0000000C  c_p.l(__rtentry2.o)
    0x08000230   0x08000230   0x00000008   Code   RO         1228    .ARM.Collect$$rtentry$$0000000D  c_p.l(__rtentry2.o)
    0x08000238   0x08000238   0x00000002   Code   RO         1339    .ARM.Collect$$rtexit$$00000000  c_p.l(rtexit.o)
    0x0800023a   0x0800023a   0x00000000   Code   RO         1357    .ARM.Collect$$rtexit$$00000002  c_p.l(rtexit2.o)
    0x0800023a   0x0800023a   0x00000004   Code   RO         1358    .ARM.Collect$$rtexit$$00000003  c_p.l(rtexit2.o)
    0x0800023e   0x0800023e   0x00000006   Code   RO         1359    .ARM.Collect$$rtexit$$00000004  c_p.l(rtexit2.o)
    0x08000244   0x08000244   0x00000038   Code   RO         1121    .emb_text           c_p.l(rt_memcpy.o)
    0x0800027c   0x0800027c   0x00000368   Code   RO            3    .text               main.o
    0x080005e4   0x080005e4   0x00000020   Code   RO          195    .text               util_prj.o
    0x08000604   0x08000604   0x00000028   Code   RO          222    .text               delay.o
    0x0800062c   0x0800062c   0x00003c48   Code   RO          446    .text               eeprom_profile.o
    0x08004274   0x08004274   0x00000114   Code   RO          485    .text               setup.o
    0x08004388   0x08004388   0x00000444   Code   RO          513    .text               modbus_slave.o
    0x080047cc   0x080047cc   0x00000038   Code   RO          547    .text               mbcrc.o
    0x08004804   0x08004804   0x000001a8   Code   RO          566    .text               rtc_stm.o
    0x080049ac   0x080049ac   0x000007e0   Code   RO          589    .text               iso_i2c_ee.o
    0x0800518c   0x0800518c   0x0000005c   Code   RO          614    .text               ccsbcs.o
    0x080051e8   0x080051e8   0x00002db8   Code   RO          645    .text               ff.o
    0x08007fa0   0x08007fa0   0x000006f8   Code   RO          675    .text               mmc_32f0.o
    0x08008698   0x08008698   0x0000067c   Code   RO          697    .text               sdlog.o
    0x08008d14   0x08008d14   0x000000b4   Code   RO          726    .text               util_usart.o
    0x08008dc8   0x08008dc8   0x0000012c   Code   RO          747    .text               stm32f0_discovery.o
    0x08008ef4   0x08008ef4   0x00000074   Code   RO          775    .text               startup_stm32f0xx.o
    0x08008f68   0x08008f68   0x00000050   Code   RO          781    .text               stm32f0xx_it.o
    0x08008fb8   0x08008fb8   0x00000154   Code   RO          807    .text               system_stm32f0xx.o
    0x0800910c   0x0800910c   0x000000d0   Code   RO          833    .text               stm32f0xx_exti.o
    0x080091dc   0x080091dc   0x000001b8   Code   RO          853    .text               stm32f0xx_gpio.o
    0x08009394   0x08009394   0x00000080   Code   RO          873    .text               stm32f0xx_misc.o
    0x08009414   0x08009414   0x000004f4   Code   RO          893    .text               stm32f0xx_rcc.o
    0x08009908   0x08009908   0x000000c4   Code   RO          916    .text               stm32f0xx_syscfg.o
    0x080099cc   0x080099cc   0x000004f4   Code   RO          936    .text               stm32f0xx_usart.o
    0x08009ec0   0x08009ec0   0x000009f0   Code   RO          956    .text               stm32f0xx_tim.o
    0x0800a8b0   0x0800a8b0   0x00000930   Code   RO          977    .text               stm32f0xx_rtc.o
    0x0800b1e0   0x0800b1e0   0x000000f0   Code   RO          998    .text               stm32f0xx_pwr.o
    0x0800b2d0   0x0800b2d0   0x0000037c   Code   RO         1018    .text               stm32f0xx_i2c.o
    0x0800b64c   0x0800b64c   0x00000230   Code   RO         1058    .text               stm32f0xx_adc.o
    0x0800b87c   0x0800b87c   0x0000001c   Code   RO         1078    .text               c_p.l(c89printf.o)
    0x0800b898   0x0800b898   0x0000001c   Code   RO         1080    .text               c_p.l(__2printf.o)
    0x0800b8b4   0x0800b8b4   0x0000002c   Code   RO         1082    .text               c_p.l(__2sprintf.o)
    0x0800b8e0   0x0800b8e0   0x0000004e   Code   RO         1090    .text               c_p.l(_printf_pad.o)
    0x0800b92e   0x0800b92e   0x00000052   Code   RO         1092    .text               c_p.l(_printf_str.o)
    0x0800b980   0x0800b980   0x0000006c   Code   RO         1094    .text               c_p.l(_printf_dec.o)
    0x0800b9ec   0x0800b9ec   0x00000188   Code   RO         1113    .text               c_p.l(__printf_flags_ss_wp.o)
    0x0800bb74   0x0800bb74   0x00000040   Code   RO         1125    .text               c_p.l(rt_memclr.o)
    0x0800bbb4   0x0800bbb4   0x000001e8   Code   RO         1127    .text               c_p.l(aeabi_sdivfast.o)
    0x0800bd9c   0x0800bd9c   0x00000006   Code   RO         1131    .text               c_p.l(heapauxi.o)
    0x0800bda2   0x0800bda2   0x00000002   PAD
    0x0800bda4   0x0800bda4   0x0000007c   Code   RO         1135    .text               fz_ps.l(d2f.o)
    0x0800be20   0x0800be20   0x00000448   Code   RO         1137    .text               fz_ps.l(ddiv.o)
    0x0800c268   0x0800c268   0x00000058   Code   RO         1140    .text               fz_ps.l(dflti.o)
    0x0800c2c0   0x0800c2c0   0x00000054   Code   RO         1142    .text               fz_ps.l(f2d.o)
    0x0800c314   0x0800c314   0x00000024   Code   RO         1151    .text               c_p.l(_printf_truncate.o)
    0x0800c338   0x0800c338   0x000000b0   Code   RO         1153    .text               c_p.l(_printf_intcommon.o)
    0x0800c3e8   0x0800c3e8   0x00000026   Code   RO         1155    .text               c_p.l(_printf_charcount.o)
    0x0800c40e   0x0800c40e   0x00000002   PAD
    0x0800c410   0x0800c410   0x00000418   Code   RO         1157    .text               c_p.l(_printf_fp_dec.o)
    0x0800c828   0x0800c828   0x00000030   Code   RO         1159    .text               c_p.l(_printf_char_common.o)
    0x0800c858   0x0800c858   0x0000000a   Code   RO         1161    .text               c_p.l(_sputc.o)
    0x0800c862   0x0800c862   0x0000002e   Code   RO         1163    .text               c_p.l(_printf_char.o)
    0x0800c890   0x0800c890   0x00000028   Code   RO         1165    .text               c_p.l(_printf_char_file.o)
    0x0800c8b8   0x0800c8b8   0x000000bc   Code   RO         1167    .text               c_p.l(_printf_wctomb.o)
    0x0800c974   0x0800c974   0x00000070   Code   RO         1170    .text               c_p.l(_printf_longlong_dec.o)
    0x0800c9e4   0x0800c9e4   0x00000070   Code   RO         1176    .text               c_p.l(_printf_oct_int_ll.o)
    0x0800ca54   0x0800ca54   0x00000098   Code   RO         1196    .text               c_p.l(_printf_hex_int_ll_ptr.o)
    0x0800caec   0x0800caec   0x00000028   Code   RO         1218    .text               c_p.l(rtudiv10.o)
    0x0800cb14   0x0800cb14   0x00000008   Code   RO         1241    .text               c_p.l(rt_locale_intlibspace.o)
    0x0800cb1c   0x0800cb1c   0x0000007a   Code   RO         1243    .text               c_p.l(lludiv10.o)
    0x0800cb96   0x0800cb96   0x00000002   PAD
    0x0800cb98   0x0800cb98   0x00000088   Code   RO         1245    .text               c_p.l(_printf_fp_infnan.o)
    0x0800cc20   0x0800cc20   0x0000002e   Code   RO         1249    .text               c_p.l(_printf_wchar.o)
    0x0800cc4e   0x0800cc4e   0x00000002   PAD
    0x0800cc50   0x0800cc50   0x000000d8   Code   RO         1251    .text               c_p.l(bigflt0.o)
    0x0800cd28   0x0800cd28   0x00000580   Code   RO         1254    .text               c_p.l(btod.o)
    0x0800d2a8   0x0800d2a8   0x00000008   Code   RO         1258    .text               c_p.l(ferror.o)
    0x0800d2b0   0x0800d2b0   0x00000040   Code   RO         1262    .text               c_p.l(_wcrtomb.o)
    0x0800d2f0   0x0800d2f0   0x00000008   Code   RO         1271    .text               c_p.l(libspace.o)
    0x0800d2f8   0x0800d2f8   0x0000003e   Code   RO         1274    .text               c_p.l(sys_stackheap_outer.o)
    0x0800d336   0x0800d336   0x00000002   PAD
    0x0800d338   0x0800d338   0x00000010   Code   RO         1277    .text               c_p.l(rt_ctype_table.o)
    0x0800d348   0x0800d348   0x00000010   Code   RO         1279    .text               c_p.l(exit.o)
    0x0800d358   0x0800d358   0x000000a0   Code   RO         1285    .text               c_p.l(strcmpv6m.o)
    0x0800d3f8   0x0800d3f8   0x0000000c   Code   RO         1354    .text               c_p.l(sys_exit.o)
    0x0800d404   0x0800d404   0x00000002   Code   RO         1375    .text               c_p.l(use_no_semi.o)
    0x0800d406   0x0800d406   0x00000000   Code   RO         1377    .text               c_p.l(indicate_semi.o)
    0x0800d406   0x0800d406   0x00000056   Code   RO         1423    .text               c_p.l(__dczerorl2.o)
    0x0800d45c   0x0800d45c   0x00000030   Code   RO         1256    i.__ARM_common_ll_muluu  c_p.l(btod.o)
    0x0800d48c   0x0800d48c   0x0000002c   Code   RO         1269    i.__ARM_fpclassify  m_ps.l(fpclassify.o)
    0x0800d4b8   0x0800d4b8   0x0000000e   Code   RO         1106    i._is_digit         c_p.l(__printf_wp.o)
    0x0800d4c6   0x0800d4c6   0x00000002   PAD
    0x0800d4c8   0x0800d4c8   0x0000002c   Code   RO         1265    locale$$code        c_p.l(lc_numeric_c.o)
    0x0800d4f4   0x0800d4f4   0x0000002c   Code   RO         1344    locale$$code        c_p.l(lc_ctype_c.o)
    0x0800d520   0x0800d520   0x00000010   Code   RO         1144    x$fpl$printf1       fz_ps.l(printf1.o)
    0x0800d530   0x0800d530   0x00000000   Code   RO         1220    x$fpl$usenofp       fz_ps.l(usenofp.o)
    0x0800d530   0x0800d530   0x000004c0   Data   RO          615    .constdata          ccsbcs.o
    0x0800d9f0   0x0800d9f0   0x000000ba   Data   RO          647    .constdata          ff.o
    0x0800daaa   0x0800daaa   0x00000002   PAD
    0x0800daac   0x0800daac   0x0000001c   Data   RO          748    .constdata          stm32f0_discovery.o
    0x0800dac8   0x0800dac8   0x00000011   Data   RO         1114    .constdata          c_p.l(__printf_flags_ss_wp.o)
    0x0800dad9   0x0800dad9   0x00000080   Data   RO         1138    .constdata          fz_ps.l(ddiv.o)
    0x0800db59   0x0800db59   0x00000003   PAD
    0x0800db5c   0x0800db5c   0x00000008   Data   RO         1168    .constdata          c_p.l(_printf_wctomb.o)
    0x0800db64   0x0800db64   0x00000028   Data   RO         1197    .constdata          c_p.l(_printf_hex_int_ll_ptr.o)
    0x0800db8c   0x0800db8c   0x00000094   Data   RO         1252    .constdata          c_p.l(bigflt0.o)
    0x0800dc20   0x0800dc20   0x000000a5   Data   RO          590    .conststring        iso_i2c_ee.o
    0x0800dcc5   0x0800dcc5   0x00000003   PAD
    0x0800dcc8   0x0800dcc8   0x0000008f   Data   RO          699    .conststring        sdlog.o
    0x0800dd57   0x0800dd57   0x00000001   PAD
    0x0800dd58   0x0800dd58   0x00000020   Data   RO         1421    Region$$Table       anon$$obj.o
    0x0800dd78   0x0800dd78   0x0000001c   Data   RO         1264    locale$$data        c_p.l(lc_numeric_c.o)
    0x0800dd94   0x0800dd94   0x00000110   Data   RO         1343    locale$$data        c_p.l(lc_ctype_c.o)


    Execution Region RW_IRAM1 (Exec base: 0x20000000, Load base: 0x0800dea4, Size: 0x00001728, Max: 0x00002000, ABSOLUTE, COMPRESSED[0x000001c8])

    Exec Addr    Load Addr    Size         Type   Attr      Idx    E Section Name        Object

    0x20000000   COMPRESSED   0x00000004   Data   RW            4    .data               main.o
    0x20000004   COMPRESSED   0x00000004   Data   RW          223    .data               delay.o
    0x20000008   COMPRESSED   0x00000001   Data   RW          250    .data               flags_timers.o
    0x20000009   COMPRESSED   0x00000001   Data   RW          253    .data               flags_timers.o
    0x2000000a   COMPRESSED   0x00000001   Data   RW          254    .data               flags_timers.o
    0x2000000b   COMPRESSED   0x00000001   Data   RW          255    .data               flags_timers.o
    0x2000000c   COMPRESSED   0x00000001   Data   RW          256    .data               flags_timers.o
    0x2000000d   COMPRESSED   0x0000003e   Data   RW          428    .data               eeprom_data.o
    0x2000004b   COMPRESSED   0x00000001   PAD
    0x2000004c   COMPRESSED   0x00000004   Data   RW          429    .data               eeprom_data.o
    0x20000050   COMPRESSED   0x000001f0   Data   RW          430    .data               eeprom_data.o
    0x20000240   COMPRESSED   0x00000004   Data   RW          431    .data               eeprom_data.o
    0x20000244   COMPRESSED   0x00000001   Data   RW          432    .data               eeprom_data.o
    0x20000245   COMPRESSED   0x00000001   PAD
    0x20000246   COMPRESSED   0x0000000a   Data   RW          516    .data               modbus_slave.o
    0x20000250   COMPRESSED   0x00000200   Data   RW          548    .data               mbcrc.o
    0x20000450   COMPRESSED   0x00000008   Data   RW          591    .data               iso_i2c_ee.o
    0x20000458   COMPRESSED   0x00000008   Data   RW          648    .data               ff.o
    0x20000460   COMPRESSED   0x0000000c   Data   RW          676    .data               mmc_32f0.o
    0x2000046c   COMPRESSED   0x00000010   Data   RW          700    .data               sdlog.o
    0x2000047c   COMPRESSED   0x0000000c   Data   RW          749    .data               stm32f0_discovery.o
    0x20000488   COMPRESSED   0x00000008   Data   RW          782    .data               stm32f0xx_it.o
    0x20000490   COMPRESSED   0x00000014   Data   RW          808    .data               system_stm32f0xx.o
    0x200004a4   COMPRESSED   0x00000010   Data   RW          894    .data               stm32f0xx_rcc.o
    0x200004b4        -       0x00000138   Zero   RW          514    .bss                modbus_slave.o
    0x200005ec        -       0x0000000c   Zero   RW          567    .bss                rtc_stm.o
    0x200005f8        -       0x00000200   Zero   RW          646    .bss                ff.o
    0x200007f8        -       0x000008cc   Zero   RW          698    .bss                sdlog.o
    0x200010c4        -       0x00000060   Zero   RW         1272    .bss                c_p.l(libspace.o)
    0x20001124   COMPRESSED   0x00000004   PAD
    0x20001128        -       0x00000200   Zero   RW          773    HEAP                startup_stm32f0xx.o
    0x20001328        -       0x00000400   Zero   RW          772    STACK               startup_stm32f0xx.o


==============================================================================

Image component sizes


      Code (inc. data)   RO Data    RW Data    ZI Data      Debug   Object Name

        92         12       1216          0          0       4193   ccsbcs.o
        40          6          0          4          0       1020   delay.o
         0          0          0        567          0      17335   eeprom_data.o
     15432       1786          0          0          0      28028   eeprom_profile.o
     11704        222        186          8        512      54540   ff.o
         0          0          0          5          0      11250   flags_timers.o
      2016        232        165          8          0       6554   iso_i2c_ee.o
       872        268          0          4          0     271344   main.o
        56          8          0        512          0       1184   mbcrc.o
      1784         34          0         12          0       7465   mmc_32f0.o
      1092         38          0         10        312      12167   modbus_slave.o
       424         80          0          0         12       1616   rtc_stm.o
      1660        622        143         16       2252       6029   sdlog.o
       276         20          0          0          0       1376   setup.o
       116         56        192          0       1536        648   startup_stm32f0xx.o
       300         42         28         12          0       3895   stm32f0_discovery.o
       560         12          0          0          0       7527   stm32f0xx_adc.o
       208         12          0          0          0       2671   stm32f0xx_exti.o
       440         26          0          0          0       4249   stm32f0xx_gpio.o
       892         26          0          0          0      10526   stm32f0xx_i2c.o
        80         30          0          8          0       1149   stm32f0xx_it.o
       128         20          0          0          0       1672   stm32f0xx_misc.o
       240         10          0          0          0       2330   stm32f0xx_pwr.o
      1268         50          0         16          0       9850   stm32f0xx_rcc.o
      2352         66          0          0          0      16384   stm32f0xx_rtc.o
       196         10          0          0          0       2506   stm32f0xx_syscfg.o
      2544        124          0          0          0      25455   stm32f0xx_tim.o
      1268         40          0          0          0      12946   stm32f0xx_usart.o
       340         34          0         20          0       1879   system_stm32f0xx.o
        32          4          0          0          0       1983   util_prj.o
       180          6          0          0          0       1397   util_usart.o

    ----------------------------------------------------------------------
     46592       3896       1968       1204       4624     531168   Object Totals
         0          0         32          0          0          0   (incl. Generated)
         0          0          6          2          0          0   (incl. Padding)

    ----------------------------------------------------------------------

      Code (inc. data)   RO Data    RW Data    ZI Data      Debug   Library Member Name

        28          6          0          0          0         84   __2printf.o
        44          4          0          0          0         84   __2sprintf.o
        86          0          0          0          0          0   __dczerorl2.o
         8          0          0          0          0         68   __main.o
       392          6         17          0          0         76   __printf_flags_ss_wp.o
        14          0          0          0          0         60   __printf_wp.o
         0          0          0          0          0          0   __rtentry.o
        12          0          0          0          0          0   __rtentry2.o
         6          0          0          0          0          0   __rtentry4.o
        60          8          0          0          0          0   __scatter.o
        28          0          0          0          0          0   __scatter_zi.o
        10          0          0          0          0          0   _printf_a.o
        10          0          0          0          0          0   _printf_c.o
        46          0          0          0          0        100   _printf_char.o
        48          6          0          0          0         88   _printf_char_common.o
        40          6          0          0          0         72   _printf_char_file.o
        38          0          0          0          0         60   _printf_charcount.o
        10          0          0          0          0          0   _printf_d.o
       108         18          0          0          0         76   _printf_dec.o
        10          0          0          0          0          0   _printf_e.o
        10          0          0          0          0          0   _printf_f.o
      1048         14          0          0          0        176   _printf_fp_dec.o
       136         16          0          0          0         76   _printf_fp_infnan.o
        10          0          0          0          0          0   _printf_g.o
       152          4         40          0          0        148   _printf_hex_int_ll_ptr.o
        10          0          0          0          0          0   _printf_i.o
       176          0          0          0          0         84   _printf_intcommon.o
        10          0          0          0          0          0   _printf_l.o
        10          0          0          0          0          0   _printf_lc.o
        10          0          0          0          0          0   _printf_ll.o
        10          0          0          0          0          0   _printf_lld.o
        10          0          0          0          0          0   _printf_lli.o
        10          0          0          0          0          0   _printf_llo.o
        10          0          0          0          0          0   _printf_llu.o
        10          0          0          0          0          0   _printf_llx.o
       112         18          0          0          0         76   _printf_longlong_dec.o
        10          0          0          0          0          0   _printf_ls.o
        10          0          0          0          0          0   _printf_n.o
        10          0          0          0          0          0   _printf_o.o
       112         10          0          0          0        112   _printf_oct_int_ll.o
        10          0          0          0          0          0   _printf_p.o
        78          0          0          0          0        100   _printf_pad.o
         2          0          0          0          0          0   _printf_percent.o
         4          0          0          0          0          0   _printf_percent_end.o
        10          0          0          0          0          0   _printf_s.o
        82          0          0          0          0         72   _printf_str.o
        36          0          0          0          0         76   _printf_truncate.o
        10          0          0          0          0          0   _printf_u.o
        46          0          0          0          0        100   _printf_wchar.o
       188          6          8          0          0         80   _printf_wctomb.o
        10          0          0          0          0          0   _printf_x.o
        10          0          0          0          0         60   _sputc.o
        64          0          0          0          0         72   _wcrtomb.o
       488          0          0          0          0         92   aeabi_sdivfast.o
       216          6        148          0          0         80   bigflt0.o
      1456         30          0          0          0        336   btod.o
        28          6          0          0          0         84   c89printf.o
        16          0          0          0          0         68   exit.o
         8          0          0          0          0         60   ferror.o
         6          0          0          0          0        136   heapauxi.o
         0          0          0          0          0          0   indicate_semi.o
        44         10        272          0          0         76   lc_ctype_c.o
        44         10         28          0          0         76   lc_numeric_c.o
         2          0          0          0          0          0   libinit.o
        30          0          0          0          0          0   libinit2.o
         2          0          0          0          0          0   libshutdown.o
         2          0          0          0          0          0   libshutdown2.o
         8          4          0          0         96         68   libspace.o
       122          0          0          0          0         72   lludiv10.o
        16          4          0          0          0         76   rt_ctype_table.o
         8          4          0          0          0         68   rt_locale_intlibspace.o
        64          0          0          0          0        108   rt_memclr.o
        56          0          0          0          0         68   rt_memcpy.o
         2          0          0          0          0          0   rtexit.o
        10          0          0          0          0          0   rtexit2.o
        40          0          0          0          0         60   rtudiv10.o
       160          4          0          0          0         80   strcmpv6m.o
        12          4          0          0          0         60   sys_exit.o
        62          0          0          0          0         80   sys_stackheap_outer.o
         2          0          0          0          0         68   use_no_semi.o
       124          4          0          0          0         72   d2f.o
      1096         26        128          0          0        112   ddiv.o
        88          0          0          0          0         92   dflti.o
        84          4          0          0          0         60   f2d.o
        16          4          0          0          0         76   printf1.o
         0          0          0          0          0          0   usenofp.o
        44          4          0          0          0         60   fpclassify.o

    ----------------------------------------------------------------------
      7792        246        644          0        100       4288   Library Totals
        12          0          3          0          4          0   (incl. Padding)

    ----------------------------------------------------------------------

      Code (inc. data)   RO Data    RW Data    ZI Data      Debug   Library Name

      6328        204        513          0         96       3816   c_p.l
      1408         38        128          0          0        412   fz_ps.l
        44          4          0          0          0         60   m_ps.l

    ----------------------------------------------------------------------
      7792        246        644          0        100       4288   Library Totals

    ----------------------------------------------------------------------

==============================================================================


      Code (inc. data)   RO Data    RW Data    ZI Data      Debug   

     54384       4142       2612       1204       4724     530508   Grand Totals
     54384       4142       2612        456       4724     530508   ELF Image Totals (compressed)
     54384       4142       2612        456          0          0   ROM Totals

==============================================================================

    Total RO  Size (Code + RO Data)                56996 (  55.66kB)
    Total RW  Size (RW Data + ZI Data)              5928 (   5.79kB)
    Total ROM Size (Code + RO Data + RW Data)      57452 (  56.11kB)

==============================================================================

